Archive member included because of file (symbol)

c:/program files (x86)/gnu tools arm embedded/4.8 2014q2/bin/../lib/gcc/arm-none-eabi/4.8.4/armv6-m\libgcc.a(_udivsi3.o)
                              ..\obj\xsysctl.o (__aeabi_uidiv)
c:/program files (x86)/gnu tools arm embedded/4.8 2014q2/bin/../lib/gcc/arm-none-eabi/4.8.4/armv6-m\libgcc.a(_dvmd_tls.o)
                              c:/program files (x86)/gnu tools arm embedded/4.8 2014q2/bin/../lib/gcc/arm-none-eabi/4.8.4/armv6-m\libgcc.a(_udivsi3.o) (__aeabi_idiv0)

Allocating common symbols
Common symbol       size              file

ENCODER_USER_Callback
                    0x4               ..\obj\encoder.o

Discarded input sections

 .text          0x00000000        0x0 ..\obj\startup_coide.o
 .data          0x00000000        0x0 ..\obj\startup_coide.o
 .bss           0x00000000        0x0 ..\obj\startup_coide.o
 .text          0x00000000        0x0 ..\obj\xdebug.o
 .data          0x00000000        0x0 ..\obj\xdebug.o
 .bss           0x00000000        0x0 ..\obj\xdebug.o
 .debug_line    0x00000000        0x0 ..\obj\xdebug.o
 .debug_str     0x00000000        0x0 ..\obj\xdebug.o
 .comment       0x00000000       0x71 ..\obj\xdebug.o
 .ARM.attributes
                0x00000000       0x31 ..\obj\xdebug.o
 .text          0x00000000        0x0 ..\obj\xcore.o
 .data          0x00000000        0x0 ..\obj\xcore.o
 .bss           0x00000000        0x0 ..\obj\xcore.o
 .rodata        0x00000000       0x30 ..\obj\xcore.o
 .text.IntDefaultHandler
                0x00000000        0x8 ..\obj\xcore.o
 .text.xCPUcpsid
                0x00000000       0x10 ..\obj\xcore.o
 .text.xCPUprimask
                0x00000000        0xc ..\obj\xcore.o
 .text.xCPUcpsie
                0x00000000       0x10 ..\obj\xcore.o
 .text.xCPUwfi  0x00000000        0x4 ..\obj\xcore.o
 .text.xCPUbasepriSet
                0x00000000        0x8 ..\obj\xcore.o
 .text.xCPUbasepriGet
                0x00000000        0xc ..\obj\xcore.o
 .text.xCPUpspSet
                0x00000000        0x8 ..\obj\xcore.o
 .text.xCPUpspGet
                0x00000000        0xc ..\obj\xcore.o
 .text.xCPUmspSet
                0x00000000        0x8 ..\obj\xcore.o
 .text.xCPUmspGet
                0x00000000        0xc ..\obj\xcore.o
 .text.xIntMasterEnable
                0x00000000       0x14 ..\obj\xcore.o
 .text.xIntMasterDisable
                0x00000000       0x14 ..\obj\xcore.o
 .text.xIntPrioritySet
                0x00000000       0x68 ..\obj\xcore.o
 .text.xIntPriorityGet
                0x00000000       0x34 ..\obj\xcore.o
 .text.xIntEnable
                0x00000000       0x8c ..\obj\xcore.o
 .text.xIntDisable
                0x00000000       0x94 ..\obj\xcore.o
 .text.xIntPendSet
                0x00000000       0x74 ..\obj\xcore.o
 .text.xIntPendClear
                0x00000000       0x60 ..\obj\xcore.o
 .text.xIntPriorityMaskSet
                0x00000000       0x18 ..\obj\xcore.o
 .text.xIntPriorityMaskGet
                0x00000000       0x10 ..\obj\xcore.o
 .text.xSysTickEnable
                0x00000000       0x18 ..\obj\xcore.o
 .text.xSysTickDisable
                0x00000000       0x18 ..\obj\xcore.o
 .text.xSysTickIntEnable
                0x00000000       0x18 ..\obj\xcore.o
 .text.xSysTickIntDisable
                0x00000000       0x18 ..\obj\xcore.o
 .text.xSysTickPeriodSet
                0x00000000       0x1c ..\obj\xcore.o
 .text.xSysTickPeriodGet
                0x00000000       0x14 ..\obj\xcore.o
 .text.xSysTickValueGet
                0x00000000       0x14 ..\obj\xcore.o
 .text.xSysTickPendSet
                0x00000000       0x1c ..\obj\xcore.o
 .text.xSysTickPendClr
                0x00000000       0x1c ..\obj\xcore.o
 .text.xPendSVPendSet
                0x00000000       0x1c ..\obj\xcore.o
 .text.xPendSVPendClr
                0x00000000       0x1c ..\obj\xcore.o
 .debug_info    0x00000000      0x441 ..\obj\xcore.o
 .debug_abbrev  0x00000000      0x140 ..\obj\xcore.o
 .debug_aranges
                0x00000000      0x118 ..\obj\xcore.o
 .debug_ranges  0x00000000      0x108 ..\obj\xcore.o
 .debug_line    0x00000000      0x3c9 ..\obj\xcore.o
 .debug_str     0x00000000      0x37b ..\obj\xcore.o
 .comment       0x00000000       0x71 ..\obj\xcore.o
 .ARM.attributes
                0x00000000       0x31 ..\obj\xcore.o
 .debug_frame   0x00000000      0x338 ..\obj\xcore.o
 .text          0x00000000        0x0 ..\obj\xgpio.o
 .data          0x00000000        0x0 ..\obj\xgpio.o
 .rodata        0x00000000       0x14 ..\obj\xgpio.o
 .text.GPIOPinToPeripheralId
                0x00000000       0x18 ..\obj\xgpio.o
 .text.GPIOPinToPort
                0x00000000       0x14 ..\obj\xgpio.o
 .text.GPIOPinToPin
                0x00000000       0x14 ..\obj\xgpio.o
 .text.xGPIODirModeSet
                0x00000000       0x44 ..\obj\xgpio.o
 .text.GPIODirModeSet
                0x00000000       0x44 ..\obj\xgpio.o
 .text.xGPIODirModeGet
                0x00000000       0x54 ..\obj\xgpio.o
 .text.GPIODirModeGet
                0x00000000       0x30 ..\obj\xgpio.o
 .text.GPIOPinIntEnable
                0x00000000       0x88 ..\obj\xgpio.o
 .text.GPIOPinIntDisable
                0x00000000       0x38 ..\obj\xgpio.o
 .text.GPIOPinIntCallbackInit
                0x00000000       0x74 ..\obj\xgpio.o
 .text.GPIOPinIntStatus
                0x00000000       0x18 ..\obj\xgpio.o
 .text.GPIOPinIntClear
                0x00000000       0x20 ..\obj\xgpio.o
 .text.GPIOPinRead
                0x00000000       0x1c ..\obj\xgpio.o
 .text.GPIOPinWrite
                0x00000000       0x3c ..\obj\xgpio.o
 .text.GPIOPinDebounceEnable
                0x00000000       0x20 ..\obj\xgpio.o
 .text.GPIOPinDebounceDisable
                0x00000000       0x24 ..\obj\xgpio.o
 .text.GPIOPinMaskSet
                0x00000000       0x20 ..\obj\xgpio.o
 .text.GPIODebounceTimeSet
                0x00000000       0x4c ..\obj\xgpio.o
 .text.GPIODebounceTimeGet
                0x00000000       0x18 ..\obj\xgpio.o
 .text.GPIOPortMaskGet
                0x00000000       0x1c ..\obj\xgpio.o
 .text.GPIOPinPortDoutGet
                0x00000000       0x18 ..\obj\xgpio.o
 .text.GPIOPinConfigure
                0x00000000      0x180 ..\obj\xgpio.o
 .text.GPIOPinFunctionSet
                0x00000000      0x7bc ..\obj\xgpio.o
 .text          0x00000000        0x0 ..\obj\main.o
 .data          0x00000000        0x0 ..\obj\main.o
 .bss           0x00000000        0x0 ..\obj\main.o
 .text          0x00000000        0x0 ..\obj\encoder.o
 .data          0x00000000        0x0 ..\obj\encoder.o
 .bss           0x00000000        0x1 ..\obj\encoder.o
 .rodata        0x00000000       0x10 ..\obj\encoder.o
 .text.ENCODER_INT_Callback
                0x00000000       0xb8 ..\obj\encoder.o
 .text.ENCODER_Init
                0x00000000       0xc4 ..\obj\encoder.o
 .debug_info    0x00000000      0x11a ..\obj\encoder.o
 .debug_abbrev  0x00000000       0xc8 ..\obj\encoder.o
 .debug_aranges
                0x00000000       0x28 ..\obj\encoder.o
 .debug_ranges  0x00000000       0x18 ..\obj\encoder.o
 .debug_line    0x00000000      0x104 ..\obj\encoder.o
 .debug_str     0x00000000      0x1bb ..\obj\encoder.o
 .comment       0x00000000       0x71 ..\obj\encoder.o
 .ARM.attributes
                0x00000000       0x31 ..\obj\encoder.o
 .debug_frame   0x00000000       0x50 ..\obj\encoder.o
 COMMON         0x00000000        0x4 ..\obj\encoder.o
 .text          0x00000000        0x0 ..\obj\xsysctl.o
 .data          0x00000000        0x4 ..\obj\xsysctl.o
 .bss           0x00000000        0x0 ..\obj\xsysctl.o
 .rodata        0x00000000       0xe8 ..\obj\xsysctl.o
 .text.SysCtlDelay
                0x00000000        0x8 ..\obj\xsysctl.o
 .text.xSysCtlClockSet
                0x00000000      0x3a8 ..\obj\xsysctl.o
 .text.xSysCtlPeripheralEnable2
                0x00000000       0x4c ..\obj\xsysctl.o
 .text.xSysCtlPeripheralDisable2
                0x00000000       0x4c ..\obj\xsysctl.o
 .text.xSysCtlPeripheralReset2
                0x00000000       0x4c ..\obj\xsysctl.o
 .text.xSysCtlPeripheralClockSourceSet
                0x00000000      0x11c ..\obj\xsysctl.o
 .text.SysCtlPeripheralReset
                0x00000000       0xd4 ..\obj\xsysctl.o
 .text.SysCtlPeripheralEnable
                0x00000000       0x74 ..\obj\xsysctl.o
 .text.SysCtlPeripheralDisable
                0x00000000       0x78 ..\obj\xsysctl.o
 .text.SysCtlReset
                0x00000000       0x14 ..\obj\xsysctl.o
 .text.SysCtlSleep
                0x00000000       0x24 ..\obj\xsysctl.o
 .text.SysCtlDeepSleep
                0x00000000       0x40 ..\obj\xsysctl.o
 .text.SysCtlPeripheralClockSourceSet
                0x00000000       0xac ..\obj\xsysctl.o
 .text.SysCtlHClockSourceSet
                0x00000000       0x34 ..\obj\xsysctl.o
 .text.SysCtlSysTickSourceSet
                0x00000000       0x34 ..\obj\xsysctl.o
 .text.SysCtlCPUReset
                0x00000000       0x20 ..\obj\xsysctl.o
 .text.SysCtlChipReset
                0x00000000       0x20 ..\obj\xsysctl.o
 .text.SysCtlKeyAddrUnlock
                0x00000000       0x2c ..\obj\xsysctl.o
 .text.SysCtlKeyAddrLock
                0x00000000       0x20 ..\obj\xsysctl.o
 .text.SysCtlResetSrcGet
                0x00000000       0x14 ..\obj\xsysctl.o
 .text.SysCtlResetSrcClear
                0x00000000       0x20 ..\obj\xsysctl.o
 .text.SysCtlBODEnable
                0x00000000       0x40 ..\obj\xsysctl.o
 .text.SysCtlBODVoltSelect
                0x00000000       0x38 ..\obj\xsysctl.o
 .text.SysCtlBODLowPowerModeEnable
                0x00000000       0x40 ..\obj\xsysctl.o
 .text.SysCtlLowVoltRstEnable
                0x00000000       0x40 ..\obj\xsysctl.o
 .text.SysCtlTempatureSensorEnable
                0x00000000       0x38 ..\obj\xsysctl.o
 .text.SysCtlBODStateGet
                0x00000000       0x1c ..\obj\xsysctl.o
 .text.SysCtlBODRstEnable
                0x00000000       0x40 ..\obj\xsysctl.o
 .text.SysCtlRCAdjValueSet
                0x00000000       0x20 ..\obj\xsysctl.o
 .text.SysCtlIPClockDividerSet
                0x00000000       0x78 ..\obj\xsysctl.o
 .text.SysCtlFreqDividerOutputEnable
                0x00000000       0x6c ..\obj\xsysctl.o
 .text.SysCtlPWRWUIntEnable
                0x00000000       0x74 ..\obj\xsysctl.o
 .text.SysCtlPowerDownEnable
                0x00000000       0x40 ..\obj\xsysctl.o
 .text.SysCtlPowerDownWaitCPUSet
                0x00000000       0x48 ..\obj\xsysctl.o
 .text.SysCtlHClockGet
                0x00000000      0x124 ..\obj\xsysctl.o
 .text.SysCtlHClockSet
                0x00000000      0x32c ..\obj\xsysctl.o
 .debug_info    0x00000000      0x6d8 ..\obj\xsysctl.o
 .debug_abbrev  0x00000000      0x165 ..\obj\xsysctl.o
 .debug_aranges
                0x00000000      0x138 ..\obj\xsysctl.o
 .debug_ranges  0x00000000      0x128 ..\obj\xsysctl.o
 .debug_line    0x00000000      0x5fa ..\obj\xsysctl.o
 .debug_str     0x00000000      0x570 ..\obj\xsysctl.o
 .comment       0x00000000       0x71 ..\obj\xsysctl.o
 .ARM.attributes
                0x00000000       0x31 ..\obj\xsysctl.o
 .debug_frame   0x00000000      0x45c ..\obj\xsysctl.o
 .text          0x00000000        0x0 ..\obj\display.o
 .data          0x00000000        0x0 ..\obj\display.o
 .bss           0x00000000        0x0 ..\obj\display.o
 .rodata        0x00000000        0x4 ..\obj\display.o
 .text.DISPLAY_Init
                0x00000000       0x2c ..\obj\display.o
 .text.DISPLAY_RPM
                0x00000000       0x1c ..\obj\display.o
 .debug_info    0x00000000       0x61 ..\obj\display.o
 .debug_abbrev  0x00000000       0x5a ..\obj\display.o
 .debug_aranges
                0x00000000       0x28 ..\obj\display.o
 .debug_ranges  0x00000000       0x18 ..\obj\display.o
 .debug_line    0x00000000       0xac ..\obj\display.o
 .debug_str     0x00000000      0x11d ..\obj\display.o
 .comment       0x00000000       0x71 ..\obj\display.o
 .ARM.attributes
                0x00000000       0x31 ..\obj\display.o
 .debug_frame   0x00000000       0x4c ..\obj\display.o
 .text          0x00000000        0x0 ..\obj\hd44780.o
 .data          0x00000000        0x0 ..\obj\hd44780.o
 .bss           0x00000000        0x0 ..\obj\hd44780.o
 .text.HD44780Write
                0x00000000      0x130 ..\obj\hd44780.o
 .text.HD44780WriteCmd
                0x00000000       0x20 ..\obj\hd44780.o
 .text.HD44780WriteData
                0x00000000       0x20 ..\obj\hd44780.o
 .text.HD44780Init
                0x00000000      0x160 ..\obj\hd44780.o
 .text.HD44780EntryModeSet
                0x00000000       0x4c ..\obj\hd44780.o
 .text.HD44780DisplayClear
                0x00000000       0x18 ..\obj\hd44780.o
 .text.HD44780DisplayOn
                0x00000000       0x18 ..\obj\hd44780.o
 .text.HD44780DisplayOff
                0x00000000       0x18 ..\obj\hd44780.o
 .text.HD44780CursorOn
                0x00000000       0x40 ..\obj\hd44780.o
 .text.HD44780CursorOff
                0x00000000       0x18 ..\obj\hd44780.o
 .text.HD44780DisplayString
                0x00000000       0x44 ..\obj\hd44780.o
 .text.HD44780DisplayN
                0x00000000       0x84 ..\obj\hd44780.o
 .text.HD44780DisplayN_POS
                0x00000000       0xf4 ..\obj\hd44780.o
 .text.HD44780Home
                0x00000000       0x18 ..\obj\hd44780.o
 .text.HD44780LocationSet
                0x00000000       0x54 ..\obj\hd44780.o
 .text.HD44780CursorLeftMove
                0x00000000       0x34 ..\obj\hd44780.o
 .text.HD44780CursorRightMove
                0x00000000       0x34 ..\obj\hd44780.o
 .text.HD44780DisplayLeftShift
                0x00000000       0x34 ..\obj\hd44780.o
 .text.HD44780DisplayRightShift
                0x00000000       0x34 ..\obj\hd44780.o
 .debug_info    0x00000000      0x3a3 ..\obj\hd44780.o
 .debug_abbrev  0x00000000      0x106 ..\obj\hd44780.o
 .debug_aranges
                0x00000000       0xb0 ..\obj\hd44780.o
 .debug_ranges  0x00000000       0xa0 ..\obj\hd44780.o
 .debug_line    0x00000000      0x33d ..\obj\hd44780.o
 .debug_str     0x00000000      0x319 ..\obj\hd44780.o
 .comment       0x00000000       0x71 ..\obj\hd44780.o
 .ARM.attributes
                0x00000000       0x31 ..\obj\hd44780.o
 .debug_frame   0x00000000      0x258 ..\obj\hd44780.o
 .text          0x00000000        0x0 ..\obj\xpwm.o
 .data          0x00000000        0x0 ..\obj\xpwm.o
 .text.PWMClockGet
                0x00000000       0xb8 ..\obj\xpwm.o
 .rodata        0x00000000       0x8c ..\obj\xpwm.o
 .text.PWMInitConfigure
                0x00000000       0xc4 ..\obj\xpwm.o
 .text.PWMFrequencySet
                0x00000000      0x2d8 ..\obj\xpwm.o
 .text.PWMFrequencyConfig
                0x00000000      0x138 ..\obj\xpwm.o
 .text.PWMDutySet
                0x00000000       0x90 ..\obj\xpwm.o
 .text.PWMDutyGet
                0x00000000       0x70 ..\obj\xpwm.o
 .text.PWMFrequencyGet
                0x00000000       0xfc ..\obj\xpwm.o
 .text.PWMOutputEnable
                0x00000000       0x40 ..\obj\xpwm.o
 .text.PWMOutputDisable
                0x00000000       0x40 ..\obj\xpwm.o
 .text.PWMStart
                0x00000000       0x40 ..\obj\xpwm.o
 .text.PWMStop  0x00000000       0x44 ..\obj\xpwm.o
 .text.PWMIntEnable
                0x00000000       0x7c ..\obj\xpwm.o
 .text.PWMIntDisable
                0x00000000       0x80 ..\obj\xpwm.o
 .text.PWMIntFlagGet
                0x00000000       0x70 ..\obj\xpwm.o
 .text.PWMIntFlagClear
                0x00000000       0x74 ..\obj\xpwm.o
 .text.PWMIntCallbackInit
                0x00000000       0x34 ..\obj\xpwm.o
 .text.PWMCAPClearLatchFlagOptionSelect
                0x00000000       0x38 ..\obj\xpwm.o
 .text.PWMCAPEnable
                0x00000000       0x70 ..\obj\xpwm.o
 .text.PWMCAPDisable
                0x00000000       0x74 ..\obj\xpwm.o
 .text.PWMCAPInputEnable
                0x00000000       0x40 ..\obj\xpwm.o
 .text.PWMCAPInputDisable
                0x00000000       0x40 ..\obj\xpwm.o
 .text.PWMCAPRisingCounterGet
                0x00000000       0x34 ..\obj\xpwm.o
 .text.PWMCAPFallingCounterGet
                0x00000000       0x34 ..\obj\xpwm.o
 .text.PWMCAPLatchFlagClear
                0x00000000       0xe0 ..\obj\xpwm.o
 .text          0x00000000       0x9c c:/program files (x86)/gnu tools arm embedded/4.8 2014q2/bin/../lib/gcc/arm-none-eabi/4.8.4/armv6-m\libgcc.a(_udivsi3.o)
 .data          0x00000000        0x0 c:/program files (x86)/gnu tools arm embedded/4.8 2014q2/bin/../lib/gcc/arm-none-eabi/4.8.4/armv6-m\libgcc.a(_udivsi3.o)
 .bss           0x00000000        0x0 c:/program files (x86)/gnu tools arm embedded/4.8 2014q2/bin/../lib/gcc/arm-none-eabi/4.8.4/armv6-m\libgcc.a(_udivsi3.o)
 .debug_frame   0x00000000       0x20 c:/program files (x86)/gnu tools arm embedded/4.8 2014q2/bin/../lib/gcc/arm-none-eabi/4.8.4/armv6-m\libgcc.a(_udivsi3.o)
 .ARM.attributes
                0x00000000       0x1e c:/program files (x86)/gnu tools arm embedded/4.8 2014q2/bin/../lib/gcc/arm-none-eabi/4.8.4/armv6-m\libgcc.a(_udivsi3.o)
 .text          0x00000000        0x4 c:/program files (x86)/gnu tools arm embedded/4.8 2014q2/bin/../lib/gcc/arm-none-eabi/4.8.4/armv6-m\libgcc.a(_dvmd_tls.o)
 .data          0x00000000        0x0 c:/program files (x86)/gnu tools arm embedded/4.8 2014q2/bin/../lib/gcc/arm-none-eabi/4.8.4/armv6-m\libgcc.a(_dvmd_tls.o)
 .bss           0x00000000        0x0 c:/program files (x86)/gnu tools arm embedded/4.8 2014q2/bin/../lib/gcc/arm-none-eabi/4.8.4/armv6-m\libgcc.a(_dvmd_tls.o)
 .ARM.attributes
                0x00000000       0x1e c:/program files (x86)/gnu tools arm embedded/4.8 2014q2/bin/../lib/gcc/arm-none-eabi/4.8.4/armv6-m\libgcc.a(_dvmd_tls.o)

Memory Configuration

Name             Origin             Length             Attributes
rom              0x00000000         0x00020000         xr
ram              0x20000000         0x00004000         xrw
*default*        0x00000000         0xffffffff

Linker script and memory map

                0x20004000                _eram = 0x20004000

.text           0x00000000      0x5e4
 *(.isr_vector)
 .isr_vector    0x00000000       0xc0 ..\obj\startup_coide.o
                0x00000000                g_pfnVectors
 *(.text*)
 .text.Default_ResetHandler
                0x000000c0       0x60 ..\obj\startup_coide.o
                0x000000c0                ResetHandler
                0x000000c0                Default_ResetHandler
 .text.DefaultIntHandler
                0x00000120        0x8 ..\obj\startup_coide.o
                0x00000120                SPI2IntHandler
                0x00000120                PS2IntHandler
                0x00000120                WDTIntHandler
                0x00000120                UART02IntHandler
                0x00000120                I2C1IntHandler
                0x00000120                I2SIntHandler
                0x00000120                ACMPIntHandler
                0x00000120                BODIntHandler
                0x00000120                TIMER0IntHandler
                0x00000120                TIMER1IntHandler
                0x00000120                USBDIntHandler
                0x00000120                RTCIntHandler
                0x00000120                SPI1IntHandler
                0x00000120                PDMAIntHandler
                0x00000120                HardFaultIntHandler
                0x00000120                PendSVIntHandler
                0x00000120                SysTickIntHandler
                0x00000120                BusFaultIntHandler
                0x00000120                NMIIntHandler
                0x00000120                ADCIntHandler
                0x00000120                SPI3IntHandler
                0x00000120                CAN0IntHandler
                0x00000120                I2C0IntHandler
                0x00000120                TIMER2IntHandler
                0x00000120                UsageFaultIntHandler
                0x00000120                TIMER3IntHandler
                0x00000120                MemManageIntHandler
                0x00000120                UART1IntHandler
                0x00000120                SVCIntHandler
                0x00000120                SPI0IntHandler
                0x00000120                DebugMonIntHandler
                0x00000120                PWRWUIntHandler
 .text.GPABIntHandler
                0x00000128       0xd4 ..\obj\xgpio.o
                0x00000128                GPABIntHandler
 .text.GPCDEIntHandler
                0x000001fc      0x12c ..\obj\xgpio.o
                0x000001fc                GPCDEIntHandler
 .text.EINT0IntHandler
                0x00000328       0x68 ..\obj\xgpio.o
                0x00000328                EINT0IntHandler
 .text.EINT1IntHandler
                0x00000390       0x68 ..\obj\xgpio.o
                0x00000390                EINT1IntHandler
 .text.main     0x000003f8        0x8 ..\obj\main.o
                0x000003f8                main
 .text.PWMAIntHandler
                0x00000400       0xec ..\obj\xpwm.o
                0x00000400                PWMAIntHandler
 .text.PWMBIntHandler
                0x000004ec       0xf8 ..\obj\xpwm.o
                0x000004ec                PWMBIntHandler
 *(.init)
 *(.fini)
 *crtbegin.o(.ctors)
 *crtbegin?.o(.ctors)
 *(EXCLUDE_FILE(*crtend.o *crtend?.o) .ctors)
 *(SORT(.ctors.*))
 *(.ctors)
 *crtbegin.o(.dtors)
 *crtbegin?.o(.dtors)
 *(EXCLUDE_FILE(*crtend.o *crtend?.o) .dtors)
 *(SORT(.dtors.*))
 *(.dtors)
 *(.rodata*)
 *(.eh_fram e*)

.glue_7         0x000005e4        0x0
 .glue_7        0x00000000        0x0 linker stubs

.glue_7t        0x000005e4        0x0
 .glue_7t       0x00000000        0x0 linker stubs

.vfp11_veneer   0x000005e4        0x0
 .vfp11_veneer  0x00000000        0x0 linker stubs

.v4_bx          0x000005e4        0x0
 .v4_bx         0x00000000        0x0 linker stubs

.iplt           0x000005e4        0x0
 .iplt          0x00000000        0x0 ..\obj\startup_coide.o

.rel.dyn        0x000005e4        0x0
 .rel.iplt      0x00000000        0x0 ..\obj\startup_coide.o

.ARM.extab
 *(.ARM.extab* .gnu.linkonce.armextab.*)
                0x000005e4                __exidx_start = .

.ARM.exidx
 *(.ARM.exidx* .gnu.linkonce.armexidx.*)
                0x000005e4                __exidx_end = .
                0x000005e4                __etext = .
                0x000005e4                _sidata = __etext

.data           0x20000000        0x0 load address 0x000005e4
                0x20000000                __data_start__ = .
                0x20000000                _sdata = __data_start__
 *(vtable)
 *(.data*)
                0x20000000                . = ALIGN (0x4)
                0x20000000                PROVIDE (__preinit_array_start, .)
 *(.preinit_array)
                0x20000000                PROVIDE (__preinit_array_end, .)
                0x20000000                . = ALIGN (0x4)
                0x20000000                PROVIDE (__init_array_start, .)
 *(SORT(.init_array.*))
 *(.init_array)
                0x20000000                PROVIDE (__init_array_end, .)
                0x20000000                . = ALIGN (0x4)
                0x20000000                PROVIDE (__fini_array_start, .)
 *(SORT(.fini_array.*))
 *(.fini_array)
                0x20000000                PROVIDE (__fini_array_end, .)
 *(.jcr*)
                0x20000000                . = ALIGN (0x4)
                0x20000000                __data_end__ = .
                0x20000000                _edata = __data_end__

.igot.plt       0x20000000        0x0
 .igot.plt      0x00000000        0x0 ..\obj\startup_coide.o

.bss            0x20000000       0x48
                0x20000000                . = ALIGN (0x4)
                0x20000000                __bss_start__ = .
                0x20000000                _sbss = __bss_start__
 *(.bss*)
 .bss           0x20000000       0x40 ..\obj\xgpio.o
 .bss           0x20000040        0x8 ..\obj\xpwm.o
 *(COMMON)
                0x20000048                . = ALIGN (0x4)
                0x20000048                __bss_end__ = .
                0x20000048                _ebss = __bss_end__

.heap           0x20000048        0x0
                0x20000048                __end__ = .
                0x20000048                _end = __end__
                0x20000048                end = __end__
 *(.heap*)
                0x20000048                __HeapLimit = .

.co_stack       0x20000048      0x400
                0x20000048                . = ALIGN (0x8)
 *(.co_stack .co_stack.*)
 .co_stack      0x20000048      0x400 ..\obj\startup_coide.o
                0x20000048                pulStack
                0x20004000                __StackTop = (ORIGIN (ram) + 0x4000)
                0x20003c00                __StackLimit = (__StackTop - SIZEOF (.co_stack))
                0x20004000                PROVIDE (__stack, __StackTop)
                0x00000001                ASSERT ((__StackLimit >= __HeapLimit), region ram  overflowed with stack)
LOAD ..\obj\startup_coide.o
LOAD ..\obj\xdebug.o
LOAD ..\obj\xcore.o
LOAD ..\obj\xgpio.o
LOAD ..\obj\main.o
LOAD ..\obj\encoder.o
LOAD ..\obj\xsysctl.o
LOAD ..\obj\display.o
LOAD ..\obj\hd44780.o
LOAD ..\obj\xpwm.o
START GROUP
LOAD c:/program files (x86)/gnu tools arm embedded/4.8 2014q2/bin/../lib/gcc/arm-none-eabi/4.8.4/armv6-m\libgcc.a
LOAD c:/program files (x86)/gnu tools arm embedded/4.8 2014q2/bin/../lib/gcc/arm-none-eabi/4.8.4/../../../../arm-none-eabi/lib/armv6-m\libg.a
LOAD c:/program files (x86)/gnu tools arm embedded/4.8 2014q2/bin/../lib/gcc/arm-none-eabi/4.8.4/../../../../arm-none-eabi/lib/armv6-m\libc.a
END GROUP
OUTPUT(Test1.elf elf32-littlearm)

.debug_info     0x00000000     0x1107
 .debug_info    0x00000000       0xff ..\obj\startup_coide.o
 .debug_info    0x000000ff      0x6f9 ..\obj\xgpio.o
 .debug_info    0x000007f8       0x3e ..\obj\main.o
 .debug_info    0x00000836      0x8d1 ..\obj\xpwm.o

.debug_abbrev   0x00000000      0x382
 .debug_abbrev  0x00000000       0xa7 ..\obj\startup_coide.o
 .debug_abbrev  0x000000a7      0x15b ..\obj\xgpio.o
 .debug_abbrev  0x00000202       0x37 ..\obj\main.o
 .debug_abbrev  0x00000239      0x149 ..\obj\xpwm.o

.debug_aranges  0x00000000      0x220
 .debug_aranges
                0x00000000       0x28 ..\obj\startup_coide.o
 .debug_aranges
                0x00000028       0xf0 ..\obj\xgpio.o
 .debug_aranges
                0x00000118       0x20 ..\obj\main.o
 .debug_aranges
                0x00000138       0xe8 ..\obj\xpwm.o

.debug_ranges   0x00000000      0x1e0
 .debug_ranges  0x00000000       0x18 ..\obj\startup_coide.o
 .debug_ranges  0x00000018       0xe0 ..\obj\xgpio.o
 .debug_ranges  0x000000f8       0x10 ..\obj\main.o
 .debug_ranges  0x00000108       0xd8 ..\obj\xpwm.o

.debug_line     0x00000000      0xd3c
 .debug_line    0x00000000       0xc6 ..\obj\startup_coide.o
 .debug_line    0x000000c6      0x4dc ..\obj\xgpio.o
 .debug_line    0x000005a2       0x97 ..\obj\main.o
 .debug_line    0x00000639      0x703 ..\obj\xpwm.o

.debug_str      0x00000000      0x884
 .debug_str     0x00000000      0x173 ..\obj\startup_coide.o
 .debug_str     0x00000173      0x37f ..\obj\xgpio.o
                                0x434 (size before relaxing)
 .debug_str     0x000004f2       0x6a ..\obj\main.o
                                 0xe6 (size before relaxing)
 .debug_str     0x0000055c      0x328 ..\obj\xpwm.o
                                0x3ee (size before relaxing)

.comment        0x00000000       0x70
 .comment       0x00000000       0x70 ..\obj\startup_coide.o
                                 0x71 (size before relaxing)
 .comment       0x00000000       0x71 ..\obj\xgpio.o
 .comment       0x00000000       0x71 ..\obj\main.o
 .comment       0x00000000       0x71 ..\obj\xpwm.o

.ARM.attributes
                0x00000000       0x31
 .ARM.attributes
                0x00000000       0x31 ..\obj\startup_coide.o
 .ARM.attributes
                0x00000031       0x31 ..\obj\xgpio.o
 .ARM.attributes
                0x00000062       0x31 ..\obj\main.o
 .ARM.attributes
                0x00000093       0x31 ..\obj\xpwm.o

.debug_frame    0x00000000      0x734
 .debug_frame   0x00000000       0x4c ..\obj\startup_coide.o
 .debug_frame   0x0000004c      0x36c ..\obj\xgpio.o
 .debug_frame   0x000003b8       0x2c ..\obj\main.o
 .debug_frame   0x000003e4      0x350 ..\obj\xpwm.o
