Archive member included because of file (symbol)

c:/program files (x86)/gnu tools arm embedded/4.9 2014q4/bin/../lib/gcc/arm-none-eabi/4.9.3/armv6-m\libgcc.a(_udivsi3.o)
                              ..\obj\main.o (__aeabi_uidiv)
c:/program files (x86)/gnu tools arm embedded/4.9 2014q4/bin/../lib/gcc/arm-none-eabi/4.9.3/armv6-m\libgcc.a(_dvmd_tls.o)
                              c:/program files (x86)/gnu tools arm embedded/4.9 2014q4/bin/../lib/gcc/arm-none-eabi/4.9.3/armv6-m\libgcc.a(_udivsi3.o) (__aeabi_idiv0)
c:/program files (x86)/gnu tools arm embedded/4.9 2014q4/bin/../lib/gcc/arm-none-eabi/4.9.3/armv6-m\libgcc.a(_arm_cmpdf2.o)
                              ..\obj\pid.o (__aeabi_dcmplt)
c:/program files (x86)/gnu tools arm embedded/4.9 2014q4/bin/../lib/gcc/arm-none-eabi/4.9.3/armv6-m\libgcc.a(adddf3.o)
                              ..\obj\pid.o (__aeabi_dadd)
c:/program files (x86)/gnu tools arm embedded/4.9 2014q4/bin/../lib/gcc/arm-none-eabi/4.9.3/armv6-m\libgcc.a(eqdf2.o)
                              c:/program files (x86)/gnu tools arm embedded/4.9 2014q4/bin/../lib/gcc/arm-none-eabi/4.9.3/armv6-m\libgcc.a(_arm_cmpdf2.o) (__eqdf2)
c:/program files (x86)/gnu tools arm embedded/4.9 2014q4/bin/../lib/gcc/arm-none-eabi/4.9.3/armv6-m\libgcc.a(gedf2.o)
                              c:/program files (x86)/gnu tools arm embedded/4.9 2014q4/bin/../lib/gcc/arm-none-eabi/4.9.3/armv6-m\libgcc.a(_arm_cmpdf2.o) (__gedf2)
c:/program files (x86)/gnu tools arm embedded/4.9 2014q4/bin/../lib/gcc/arm-none-eabi/4.9.3/armv6-m\libgcc.a(ledf2.o)
                              c:/program files (x86)/gnu tools arm embedded/4.9 2014q4/bin/../lib/gcc/arm-none-eabi/4.9.3/armv6-m\libgcc.a(_arm_cmpdf2.o) (__ledf2)
c:/program files (x86)/gnu tools arm embedded/4.9 2014q4/bin/../lib/gcc/arm-none-eabi/4.9.3/armv6-m\libgcc.a(muldf3.o)
                              ..\obj\pid.o (__aeabi_dmul)
c:/program files (x86)/gnu tools arm embedded/4.9 2014q4/bin/../lib/gcc/arm-none-eabi/4.9.3/armv6-m\libgcc.a(subdf3.o)
                              ..\obj\pid.o (__aeabi_dsub)
c:/program files (x86)/gnu tools arm embedded/4.9 2014q4/bin/../lib/gcc/arm-none-eabi/4.9.3/armv6-m\libgcc.a(_clzsi2.o)
                              c:/program files (x86)/gnu tools arm embedded/4.9 2014q4/bin/../lib/gcc/arm-none-eabi/4.9.3/armv6-m\libgcc.a(adddf3.o) (__clzsi2)
c:/program files (x86)/gnu tools arm embedded/4.9 2014q4/bin/../lib/gcc/arm-none-eabi/4.9.3/../../../../arm-none-eabi/lib/armv6-m\libg.a(lib_a-memcpy.o)
                              ..\obj\system_M051Series.o (memcpy)

Allocating common symbols
Common symbol       size              file

duty_changed        0x1               ..\obj\main.o
display_mode        0x1               ..\obj\display.o
_expwm_callback_arr
                    0x20              ..\obj\expwm.o
duty_pwm            0x4               ..\obj\main.o
display_busy        0x1               ..\obj\display.o
ENCODER_USER_Callback
                    0x4               ..\obj\main.o

Discarded input sections

 .text          0x00000000        0x0 ..\obj\startup_M051Series.o
 .data          0x00000000        0x0 ..\obj\startup_M051Series.o
 .bss           0x00000000        0x0 ..\obj\startup_M051Series.o
 .text          0x00000000        0x0 ..\obj\expwm.o
 .data          0x00000000        0x0 ..\obj\expwm.o
 .bss           0x00000000        0x6 ..\obj\expwm.o
 .text.NVIC_EnableIRQ
                0x00000000       0x2c ..\obj\expwm.o
 .text.PWM_ResetPwmController
                0x00000000       0x58 ..\obj\expwm.o
 .rodata        0x00000000       0x10 ..\obj\expwm.o
 .text.PWM_GetTimerClockSource
                0x00000000       0x98 ..\obj\expwm.o
 .text.EXPWM_Init
                0x00000000      0x118 ..\obj\expwm.o
 .debug_info    0x00000000      0x786 ..\obj\expwm.o
 .debug_abbrev  0x00000000      0x1ab ..\obj\expwm.o
 .debug_aranges
                0x00000000       0x38 ..\obj\expwm.o
 .debug_ranges  0x00000000       0x28 ..\obj\expwm.o
 .debug_line    0x00000000      0x3b0 ..\obj\expwm.o
 .debug_str     0x00000000      0x5cb ..\obj\expwm.o
 .comment       0x00000000       0x71 ..\obj\expwm.o
 .debug_frame   0x00000000       0x90 ..\obj\expwm.o
 .ARM.attributes
                0x00000000       0x31 ..\obj\expwm.o
 COMMON         0x00000000       0x20 ..\obj\expwm.o
 .text          0x00000000        0x0 ..\obj\pwm_freq.o
 .data          0x00000000        0x0 ..\obj\pwm_freq.o
 .bss           0x00000000        0x0 ..\obj\pwm_freq.o
 .text.SYS_SysTickDelay
                0x00000000       0x3c ..\obj\pwm_freq.o
 .text.PWM_RPM_Collect
                0x00000000       0x60 ..\obj\pwm_freq.o
 .debug_info    0x00000000      0x147 ..\obj\pwm_freq.o
 .debug_abbrev  0x00000000       0xe9 ..\obj\pwm_freq.o
 .debug_aranges
                0x00000000       0x28 ..\obj\pwm_freq.o
 .debug_ranges  0x00000000       0x18 ..\obj\pwm_freq.o
 .debug_line    0x00000000      0x2f6 ..\obj\pwm_freq.o
 .debug_str     0x00000000      0x1d5 ..\obj\pwm_freq.o
 .comment       0x00000000       0x71 ..\obj\pwm_freq.o
 .debug_frame   0x00000000       0x50 ..\obj\pwm_freq.o
 .ARM.attributes
                0x00000000       0x31 ..\obj\pwm_freq.o
 .text          0x00000000        0x0 ..\obj\main.o
 .data          0x00000000        0x0 ..\obj\main.o
 .text.PWM_ResetPwmController
                0x00000000       0x58 ..\obj\main.o
 .text.PWM_GetTimerClockSource
                0x00000000       0x98 ..\obj\main.o
 .text.RPM_COUNT_GetPeriodLength
                0x00000000       0x24 ..\obj\main.o
 .text.MOTOR_PWM_SetDuty
                0x00000000       0x20 ..\obj\main.o
 .text          0x00000000        0x0 ..\obj\display.o
 .data          0x00000000        0x0 ..\obj\display.o
 .bss           0x00000000        0x0 ..\obj\display.o
 .text          0x00000000        0x0 ..\obj\hd44780.o
 .data          0x00000000        0x0 ..\obj\hd44780.o
 .bss           0x00000000        0x0 ..\obj\hd44780.o
 .text          0x00000000        0x0 ..\obj\system_M051Series.o
 .bss           0x00000000        0x0 ..\obj\system_M051Series.o
 .rodata        0x00000000       0x24 ..\obj\system_M051Series.o
 .text.DrvSYS_GetPLLClockFreq
                0x00000000       0xb0 ..\obj\system_M051Series.o
 .text.SystemCoreClockUpdate
                0x00000000       0x8c ..\obj\system_M051Series.o
 .text          0x00000000        0x0 ..\obj\pid.o
 .data          0x00000000        0x0 ..\obj\pid.o
 .bss           0x00000000        0x0 ..\obj\pid.o
 .text.pid_Limit
                0x00000000       0x48 ..\obj\pid.o
 .text.PID_Init
                0x00000000       0x14 ..\obj\pid.o
 .text.PID_Compute
                0x00000000      0x14c ..\obj\pid.o
 .debug_info    0x00000000      0x1cf ..\obj\pid.o
 .debug_abbrev  0x00000000       0xf7 ..\obj\pid.o
 .debug_aranges
                0x00000000       0x30 ..\obj\pid.o
 .debug_ranges  0x00000000       0x20 ..\obj\pid.o
 .debug_line    0x00000000       0xc6 ..\obj\pid.o
 .debug_str     0x00000000      0x1cc ..\obj\pid.o
 .comment       0x00000000       0x71 ..\obj\pid.o
 .debug_frame   0x00000000       0x74 ..\obj\pid.o
 .ARM.attributes
                0x00000000       0x31 ..\obj\pid.o
 .data          0x00000000        0x0 c:/program files (x86)/gnu tools arm embedded/4.9 2014q4/bin/../lib/gcc/arm-none-eabi/4.9.3/armv6-m\libgcc.a(_udivsi3.o)
 .bss           0x00000000        0x0 c:/program files (x86)/gnu tools arm embedded/4.9 2014q4/bin/../lib/gcc/arm-none-eabi/4.9.3/armv6-m\libgcc.a(_udivsi3.o)
 .data          0x00000000        0x0 c:/program files (x86)/gnu tools arm embedded/4.9 2014q4/bin/../lib/gcc/arm-none-eabi/4.9.3/armv6-m\libgcc.a(_dvmd_tls.o)
 .bss           0x00000000        0x0 c:/program files (x86)/gnu tools arm embedded/4.9 2014q4/bin/../lib/gcc/arm-none-eabi/4.9.3/armv6-m\libgcc.a(_dvmd_tls.o)
 .text          0x00000000       0x7c c:/program files (x86)/gnu tools arm embedded/4.9 2014q4/bin/../lib/gcc/arm-none-eabi/4.9.3/armv6-m\libgcc.a(_arm_cmpdf2.o)
 .data          0x00000000        0x0 c:/program files (x86)/gnu tools arm embedded/4.9 2014q4/bin/../lib/gcc/arm-none-eabi/4.9.3/armv6-m\libgcc.a(_arm_cmpdf2.o)
 .bss           0x00000000        0x0 c:/program files (x86)/gnu tools arm embedded/4.9 2014q4/bin/../lib/gcc/arm-none-eabi/4.9.3/armv6-m\libgcc.a(_arm_cmpdf2.o)
 .ARM.attributes
                0x00000000       0x1e c:/program files (x86)/gnu tools arm embedded/4.9 2014q4/bin/../lib/gcc/arm-none-eabi/4.9.3/armv6-m\libgcc.a(_arm_cmpdf2.o)
 .text          0x00000000      0x650 c:/program files (x86)/gnu tools arm embedded/4.9 2014q4/bin/../lib/gcc/arm-none-eabi/4.9.3/armv6-m\libgcc.a(adddf3.o)
 .data          0x00000000        0x0 c:/program files (x86)/gnu tools arm embedded/4.9 2014q4/bin/../lib/gcc/arm-none-eabi/4.9.3/armv6-m\libgcc.a(adddf3.o)
 .bss           0x00000000        0x0 c:/program files (x86)/gnu tools arm embedded/4.9 2014q4/bin/../lib/gcc/arm-none-eabi/4.9.3/armv6-m\libgcc.a(adddf3.o)
 .debug_frame   0x00000000       0x38 c:/program files (x86)/gnu tools arm embedded/4.9 2014q4/bin/../lib/gcc/arm-none-eabi/4.9.3/armv6-m\libgcc.a(adddf3.o)
 .ARM.attributes
                0x00000000       0x2c c:/program files (x86)/gnu tools arm embedded/4.9 2014q4/bin/../lib/gcc/arm-none-eabi/4.9.3/armv6-m\libgcc.a(adddf3.o)
 .text          0x00000000       0x88 c:/program files (x86)/gnu tools arm embedded/4.9 2014q4/bin/../lib/gcc/arm-none-eabi/4.9.3/armv6-m\libgcc.a(eqdf2.o)
 .data          0x00000000        0x0 c:/program files (x86)/gnu tools arm embedded/4.9 2014q4/bin/../lib/gcc/arm-none-eabi/4.9.3/armv6-m\libgcc.a(eqdf2.o)
 .bss           0x00000000        0x0 c:/program files (x86)/gnu tools arm embedded/4.9 2014q4/bin/../lib/gcc/arm-none-eabi/4.9.3/armv6-m\libgcc.a(eqdf2.o)
 .debug_frame   0x00000000       0x38 c:/program files (x86)/gnu tools arm embedded/4.9 2014q4/bin/../lib/gcc/arm-none-eabi/4.9.3/armv6-m\libgcc.a(eqdf2.o)
 .ARM.attributes
                0x00000000       0x2c c:/program files (x86)/gnu tools arm embedded/4.9 2014q4/bin/../lib/gcc/arm-none-eabi/4.9.3/armv6-m\libgcc.a(eqdf2.o)
 .text          0x00000000       0xe0 c:/program files (x86)/gnu tools arm embedded/4.9 2014q4/bin/../lib/gcc/arm-none-eabi/4.9.3/armv6-m\libgcc.a(gedf2.o)
 .data          0x00000000        0x0 c:/program files (x86)/gnu tools arm embedded/4.9 2014q4/bin/../lib/gcc/arm-none-eabi/4.9.3/armv6-m\libgcc.a(gedf2.o)
 .bss           0x00000000        0x0 c:/program files (x86)/gnu tools arm embedded/4.9 2014q4/bin/../lib/gcc/arm-none-eabi/4.9.3/armv6-m\libgcc.a(gedf2.o)
 .debug_frame   0x00000000       0x38 c:/program files (x86)/gnu tools arm embedded/4.9 2014q4/bin/../lib/gcc/arm-none-eabi/4.9.3/armv6-m\libgcc.a(gedf2.o)
 .ARM.attributes
                0x00000000       0x2c c:/program files (x86)/gnu tools arm embedded/4.9 2014q4/bin/../lib/gcc/arm-none-eabi/4.9.3/armv6-m\libgcc.a(gedf2.o)
 .text          0x00000000       0xcc c:/program files (x86)/gnu tools arm embedded/4.9 2014q4/bin/../lib/gcc/arm-none-eabi/4.9.3/armv6-m\libgcc.a(ledf2.o)
 .data          0x00000000        0x0 c:/program files (x86)/gnu tools arm embedded/4.9 2014q4/bin/../lib/gcc/arm-none-eabi/4.9.3/armv6-m\libgcc.a(ledf2.o)
 .bss           0x00000000        0x0 c:/program files (x86)/gnu tools arm embedded/4.9 2014q4/bin/../lib/gcc/arm-none-eabi/4.9.3/armv6-m\libgcc.a(ledf2.o)
 .debug_frame   0x00000000       0x38 c:/program files (x86)/gnu tools arm embedded/4.9 2014q4/bin/../lib/gcc/arm-none-eabi/4.9.3/armv6-m\libgcc.a(ledf2.o)
 .ARM.attributes
                0x00000000       0x2c c:/program files (x86)/gnu tools arm embedded/4.9 2014q4/bin/../lib/gcc/arm-none-eabi/4.9.3/armv6-m\libgcc.a(ledf2.o)
 .text          0x00000000      0x534 c:/program files (x86)/gnu tools arm embedded/4.9 2014q4/bin/../lib/gcc/arm-none-eabi/4.9.3/armv6-m\libgcc.a(muldf3.o)
 .data          0x00000000        0x0 c:/program files (x86)/gnu tools arm embedded/4.9 2014q4/bin/../lib/gcc/arm-none-eabi/4.9.3/armv6-m\libgcc.a(muldf3.o)
 .bss           0x00000000        0x0 c:/program files (x86)/gnu tools arm embedded/4.9 2014q4/bin/../lib/gcc/arm-none-eabi/4.9.3/armv6-m\libgcc.a(muldf3.o)
 .rodata        0x00000000       0x40 c:/program files (x86)/gnu tools arm embedded/4.9 2014q4/bin/../lib/gcc/arm-none-eabi/4.9.3/armv6-m\libgcc.a(muldf3.o)
 .debug_frame   0x00000000       0x3c c:/program files (x86)/gnu tools arm embedded/4.9 2014q4/bin/../lib/gcc/arm-none-eabi/4.9.3/armv6-m\libgcc.a(muldf3.o)
 .ARM.attributes
                0x00000000       0x2c c:/program files (x86)/gnu tools arm embedded/4.9 2014q4/bin/../lib/gcc/arm-none-eabi/4.9.3/armv6-m\libgcc.a(muldf3.o)
 .text          0x00000000      0x6f4 c:/program files (x86)/gnu tools arm embedded/4.9 2014q4/bin/../lib/gcc/arm-none-eabi/4.9.3/armv6-m\libgcc.a(subdf3.o)
 .data          0x00000000        0x0 c:/program files (x86)/gnu tools arm embedded/4.9 2014q4/bin/../lib/gcc/arm-none-eabi/4.9.3/armv6-m\libgcc.a(subdf3.o)
 .bss           0x00000000        0x0 c:/program files (x86)/gnu tools arm embedded/4.9 2014q4/bin/../lib/gcc/arm-none-eabi/4.9.3/armv6-m\libgcc.a(subdf3.o)
 .debug_frame   0x00000000       0x3c c:/program files (x86)/gnu tools arm embedded/4.9 2014q4/bin/../lib/gcc/arm-none-eabi/4.9.3/armv6-m\libgcc.a(subdf3.o)
 .ARM.attributes
                0x00000000       0x2c c:/program files (x86)/gnu tools arm embedded/4.9 2014q4/bin/../lib/gcc/arm-none-eabi/4.9.3/armv6-m\libgcc.a(subdf3.o)
 .text          0x00000000       0x3c c:/program files (x86)/gnu tools arm embedded/4.9 2014q4/bin/../lib/gcc/arm-none-eabi/4.9.3/armv6-m\libgcc.a(_clzsi2.o)
 .data          0x00000000        0x0 c:/program files (x86)/gnu tools arm embedded/4.9 2014q4/bin/../lib/gcc/arm-none-eabi/4.9.3/armv6-m\libgcc.a(_clzsi2.o)
 .bss           0x00000000        0x0 c:/program files (x86)/gnu tools arm embedded/4.9 2014q4/bin/../lib/gcc/arm-none-eabi/4.9.3/armv6-m\libgcc.a(_clzsi2.o)
 .ARM.attributes
                0x00000000       0x1e c:/program files (x86)/gnu tools arm embedded/4.9 2014q4/bin/../lib/gcc/arm-none-eabi/4.9.3/armv6-m\libgcc.a(_clzsi2.o)
 .text          0x00000000        0x0 c:/program files (x86)/gnu tools arm embedded/4.9 2014q4/bin/../lib/gcc/arm-none-eabi/4.9.3/../../../../arm-none-eabi/lib/armv6-m\libg.a(lib_a-memcpy.o)
 .data          0x00000000        0x0 c:/program files (x86)/gnu tools arm embedded/4.9 2014q4/bin/../lib/gcc/arm-none-eabi/4.9.3/../../../../arm-none-eabi/lib/armv6-m\libg.a(lib_a-memcpy.o)
 .bss           0x00000000        0x0 c:/program files (x86)/gnu tools arm embedded/4.9 2014q4/bin/../lib/gcc/arm-none-eabi/4.9.3/../../../../arm-none-eabi/lib/armv6-m\libg.a(lib_a-memcpy.o)
 .text.memcpy   0x00000000       0x7c c:/program files (x86)/gnu tools arm embedded/4.9 2014q4/bin/../lib/gcc/arm-none-eabi/4.9.3/../../../../arm-none-eabi/lib/armv6-m\libg.a(lib_a-memcpy.o)
 .debug_frame   0x00000000       0x2c c:/program files (x86)/gnu tools arm embedded/4.9 2014q4/bin/../lib/gcc/arm-none-eabi/4.9.3/../../../../arm-none-eabi/lib/armv6-m\libg.a(lib_a-memcpy.o)
 .ARM.attributes
                0x00000000       0x2c c:/program files (x86)/gnu tools arm embedded/4.9 2014q4/bin/../lib/gcc/arm-none-eabi/4.9.3/../../../../arm-none-eabi/lib/armv6-m\libg.a(lib_a-memcpy.o)

Memory Configuration

Name             Origin             Length             Attributes
rom              0x00000000         0x00010000         xr
ram              0x20000000         0x00001000         xrw
*default*        0x00000000         0xffffffff

Linker script and memory map

                0x20001000                _eram = 0x20001000

.text           0x00000000     0x1180
 *(.isr_vector)
 .isr_vector    0x00000000       0xc0 ..\obj\startup_M051Series.o
                0x00000000                g_pfnVectors
 *(.text*)
 .text.Default_Reset_Handler
                0x000000c0       0x64 ..\obj\startup_M051Series.o
                0x000000c0                Default_Reset_Handler
                0x000000c0                Reset_Handler
 .text.Default_Handler
                0x00000124        0x8 ..\obj\startup_M051Series.o
                0x00000124                HardFault_Handler
                0x00000124                SysTick_Handler
                0x00000124                PendSV_Handler
                0x00000124                NMI_Handler
                0x00000124                UART1_IRQHandler
                0x00000124                PS2_IRQHandler
                0x00000124                UART0_IRQHandler
                0x00000124                USBD_IRQHandler
                0x00000124                SPI1_IRQHandler
                0x00000124                TMR0_IRQHandler
                0x00000124                I2S_IRQHandler
                0x00000124                PWRWU_IRQHandler
                0x00000124                EINT1_IRQHandler
                0x00000124                ADC_IRQHandler
                0x00000124                BOD_IRQHandler
                0x00000124                SPI2_IRQHandler
                0x00000124                I2C_IRQHandler
                0x00000124                WDT_IRQHandler
                0x00000124                SVC_Handler
                0x00000124                PDMA_IRQHandler
                0x00000124                EINT0_IRQHandler
                0x00000124                TMR3_IRQHandler
                0x00000124                SPI0_IRQHandler
                0x00000124                SPI3_IRQHandler
                0x00000124                PWMB_IRQHandler
                0x00000124                TMR1_IRQHandler
                0x00000124                GPIOP2P3P4_IRQHandler
 .text.NVIC_EnableIRQ
                0x0000012c       0x2c ..\obj\main.o
 .text.NVIC_SetPriority
                0x00000158       0xd4 ..\obj\main.o
 .text.SYS_WaitingForClockReady
                0x0000022c       0x38 ..\obj\main.o
 .text.SYS_SysTickDelay
                0x00000264       0x3c ..\obj\main.o
 .text.SYS_UnlockReg
                0x000002a0       0x3c ..\obj\main.o
 .text.SYS_LockReg
                0x000002dc       0x14 ..\obj\main.o
 .text.GPIO_EnableInt
                0x000002f0       0x3c ..\obj\main.o
 .text.SYS_Init
                0x0000032c      0x19c ..\obj\main.o
                0x0000032c                SYS_Init
 .text.RPM_Clear
                0x000004c8       0x4c ..\obj\main.o
                0x000004c8                RPM_Clear
 .text.RPM_Add  0x00000514       0x70 ..\obj\main.o
                0x00000514                RPM_Add
 .text.TMR2_IRQHandler
                0x00000584      0x104 ..\obj\main.o
                0x00000584                TMR2_IRQHandler
 .text.PWMA_IRQHandler
                0x00000688       0x78 ..\obj\main.o
                0x00000688                PWMA_IRQHandler
 .text.GPIOP0P1_IRQHandler
                0x00000700       0x88 ..\obj\main.o
                0x00000700                GPIOP0P1_IRQHandler
 .text.ENCODER_Init
                0x00000788       0x48 ..\obj\main.o
                0x00000788                ENCODER_Init
 .text.ENCODER_Callback
                0x000007d0       0x50 ..\obj\main.o
                0x000007d0                ENCODER_Callback
 .text.RPM_Init
                0x00000820       0x38 ..\obj\main.o
                0x00000820                RPM_Init
 .text.TEST_INIT
                0x00000858       0x74 ..\obj\main.o
                0x00000858                TEST_INIT
 .text.main     0x000008cc      0x100 ..\obj\main.o
                0x000008cc                main
 .text.DISPLAY_Init
                0x000009cc       0x18 ..\obj\display.o
                0x000009cc                DISPLAY_Init
 .text.DISPLAY_Mode
                0x000009e4       0xa4 ..\obj\display.o
                0x000009e4                DISPLAY_Mode
 .text.DISPLAY_RPM
                0x00000a88       0x44 ..\obj\display.o
                0x00000a88                DISPLAY_RPM
 .text.DISPLAY_DUTY
                0x00000acc       0x4c ..\obj\display.o
                0x00000acc                DISPLAY_DUTY
 .text.SYS_SysTickDelay
                0x00000b18       0x3c ..\obj\hd44780.o
 .text.HD44780_Pulse
                0x00000b54       0x30 ..\obj\hd44780.o
                0x00000b54                HD44780_Pulse
 .text.HD44780_ClearPins
                0x00000b84       0x44 ..\obj\hd44780.o
                0x00000b84                HD44780_ClearPins
 .text.HD44780_Write
                0x00000bc8       0xd4 ..\obj\hd44780.o
                0x00000bc8                HD44780_Write
 .text.HD44780_CLS
                0x00000c9c       0x2c ..\obj\hd44780.o
                0x00000c9c                HD44780_CLS
 .text.HD44780_Init
                0x00000cc8       0x44 ..\obj\hd44780.o
                0x00000cc8                HD44780_Init
 .text.HD44780_DisplayString
                0x00000d0c       0x38 ..\obj\hd44780.o
                0x00000d0c                HD44780_DisplayString
 .text.HD44780_DisplayN_POS
                0x00000d44      0x17c ..\obj\hd44780.o
                0x00000d44                HD44780_DisplayN_POS
 .text.HD44780_LocationSet
                0x00000ec0       0x4c ..\obj\hd44780.o
                0x00000ec0                HD44780_LocationSet
 .text.SYS_UnlockReg
                0x00000f0c       0x3c ..\obj\system_M051Series.o
 .text.SYS_LockReg
                0x00000f48       0x14 ..\obj\system_M051Series.o
 .text.SystemInit
                0x00000f5c       0xb8 ..\obj\system_M051Series.o
                0x00000f5c                SystemInit
 .text          0x00001014      0x120 c:/program files (x86)/gnu tools arm embedded/4.9 2014q4/bin/../lib/gcc/arm-none-eabi/4.9.3/armv6-m\libgcc.a(_udivsi3.o)
                0x00001014                __aeabi_uidiv
                0x00001014                __udivsi3
                0x00001120                __aeabi_uidivmod
 .text          0x00001134        0x4 c:/program files (x86)/gnu tools arm embedded/4.9 2014q4/bin/../lib/gcc/arm-none-eabi/4.9.3/armv6-m\libgcc.a(_dvmd_tls.o)
                0x00001134                __aeabi_idiv0
                0x00001134                __aeabi_ldiv0
 *(.init)
 *(.fini)
 *crtbegin.o(.ctors)
 *crtbegin?.o(.ctors)
 *(EXCLUDE_FILE(*crtend.o *crtend?.o) .ctors)
 *(SORT(.ctors.*))
 *(.ctors)
 *crtbegin.o(.dtors)
 *crtbegin?.o(.dtors)
 *(EXCLUDE_FILE(*crtend.o *crtend?.o) .dtors)
 *(SORT(.dtors.*))
 *(.dtors)
 *(.rodata*)
 .rodata        0x00001138       0x20 ..\obj\main.o
                0x00001148                ENCODER_TABLE
 .rodata        0x00001158       0x28 ..\obj\display.o
 *(.eh_fram e*)

.glue_7         0x00001180        0x0
 .glue_7        0x00000000        0x0 linker stubs

.glue_7t        0x00001180        0x0
 .glue_7t       0x00000000        0x0 linker stubs

.vfp11_veneer   0x00001180        0x0
 .vfp11_veneer  0x00000000        0x0 linker stubs

.v4_bx          0x00001180        0x0
 .v4_bx         0x00000000        0x0 linker stubs

.iplt           0x00001180        0x0
 .iplt          0x00000000        0x0 ..\obj\startup_M051Series.o

.rel.dyn        0x00001180        0x0
 .rel.iplt      0x00000000        0x0 ..\obj\startup_M051Series.o

.ARM.extab
 *(.ARM.extab* .gnu.linkonce.armextab.*)
                0x00001180                __exidx_start = .

.ARM.exidx
 *(.ARM.exidx* .gnu.linkonce.armexidx.*)
                0x00001180                __exidx_end = .
                0x00001180                __etext = .
                0x00001180                _sidata = __etext

.data           0x20000000        0xc load address 0x00001180
                0x20000000                __data_start__ = .
                0x20000000                _sdata = __data_start__
 *(vtable)
 *(.data*)
 .data          0x20000000        0xc ..\obj\system_M051Series.o
                0x20000000                SystemCoreClock
                0x20000004                CyclesPerUs
                0x20000008                PllClock
                0x2000000c                . = ALIGN (0x4)
                0x2000000c                PROVIDE (__preinit_array_start, .)
 *(.preinit_array)
                0x2000000c                PROVIDE (__preinit_array_end, .)
                0x2000000c                . = ALIGN (0x4)
                0x2000000c                PROVIDE (__init_array_start, .)
 *(SORT(.init_array.*))
 *(.init_array)
                0x2000000c                PROVIDE (__init_array_end, .)
                0x2000000c                . = ALIGN (0x4)
                0x2000000c                PROVIDE (__fini_array_start, .)
 *(SORT(.fini_array.*))
 *(.fini_array)
                0x2000000c                PROVIDE (__fini_array_end, .)
 *(.jcr*)
                0x2000000c                . = ALIGN (0x4)
                0x2000000c                __data_end__ = .
                0x2000000c                _edata = __data_end__

.igot.plt       0x2000000c        0x0 load address 0x0000118c
 .igot.plt      0x00000000        0x0 ..\obj\startup_M051Series.o

.bss            0x2000000c       0x64 load address 0x0000118c
                0x2000000c                . = ALIGN (0x4)
                0x2000000c                __bss_start__ = .
                0x2000000c                _sbss = __bss_start__
 *(.bss*)
 .bss           0x2000000c       0x54 ..\obj\main.o
 *(COMMON)
 COMMON         0x20000060        0xc ..\obj\main.o
                0x20000060                duty_changed
                0x20000064                duty_pwm
                0x20000068                ENCODER_USER_Callback
 COMMON         0x2000006c        0x2 ..\obj\display.o
                0x2000006c                display_mode
                0x2000006d                display_busy
                0x20000070                . = ALIGN (0x4)
 *fill*         0x2000006e        0x2 
                0x20000070                __bss_end__ = .
                0x20000070                _ebss = __bss_end__

.heap           0x20000070        0x0
                0x20000070                __end__ = .
                0x20000070                _end = __end__
                0x20000070                end = __end__
 *(.heap*)
                0x20000070                __HeapLimit = .

.co_stack       0x20000070      0x400 load address 0x000011f0
                0x20000070                . = ALIGN (0x8)
 *(.co_stack .co_stack.*)
 .co_stack      0x20000070      0x400 ..\obj\startup_M051Series.o
                0x20000070                pulStack
                0x20001000                __StackTop = (ORIGIN (ram) + 0x1000)
                0x20000c00                __StackLimit = (__StackTop - SIZEOF (.co_stack))
                0x20001000                PROVIDE (__stack, __StackTop)
                0x00000001                ASSERT ((__StackLimit >= __HeapLimit), region ram  overflowed with stack)
LOAD ..\obj\startup_M051Series.o
LOAD ..\obj\expwm.o
LOAD ..\obj\pwm_freq.o
LOAD ..\obj\main.o
LOAD ..\obj\display.o
LOAD ..\obj\hd44780.o
LOAD ..\obj\system_M051Series.o
LOAD ..\obj\pid.o
START GROUP
LOAD c:/program files (x86)/gnu tools arm embedded/4.9 2014q4/bin/../lib/gcc/arm-none-eabi/4.9.3/armv6-m\libgcc.a
LOAD c:/program files (x86)/gnu tools arm embedded/4.9 2014q4/bin/../lib/gcc/arm-none-eabi/4.9.3/../../../../arm-none-eabi/lib/armv6-m\libg.a
LOAD c:/program files (x86)/gnu tools arm embedded/4.9 2014q4/bin/../lib/gcc/arm-none-eabi/4.9.3/../../../../arm-none-eabi/lib/armv6-m\libc.a
END GROUP
OUTPUT(PWM.elf elf32-littlearm)

.debug_info     0x00000000     0x14d8
 .debug_info    0x00000000       0xff ..\obj\startup_M051Series.o
 .debug_info    0x000000ff      0xc7b ..\obj\main.o
 .debug_info    0x00000d7a       0xe4 ..\obj\display.o
 .debug_info    0x00000e5e      0x260 ..\obj\hd44780.o
 .debug_info    0x000010be      0x41a ..\obj\system_M051Series.o

.debug_abbrev   0x00000000      0x612
 .debug_abbrev  0x00000000       0xa7 ..\obj\startup_M051Series.o
 .debug_abbrev  0x000000a7      0x28d ..\obj\main.o
 .debug_abbrev  0x00000334       0x8b ..\obj\display.o
 .debug_abbrev  0x000003bf      0x13e ..\obj\hd44780.o
 .debug_abbrev  0x000004fd      0x115 ..\obj\system_M051Series.o

.debug_aranges  0x00000000      0x1c8
 .debug_aranges
                0x00000000       0x28 ..\obj\startup_M051Series.o
 .debug_aranges
                0x00000028       0xc8 ..\obj\main.o
 .debug_aranges
                0x000000f0       0x38 ..\obj\display.o
 .debug_aranges
                0x00000128       0x60 ..\obj\hd44780.o
 .debug_aranges
                0x00000188       0x40 ..\obj\system_M051Series.o

.debug_ranges   0x00000000      0x178
 .debug_ranges  0x00000000       0x18 ..\obj\startup_M051Series.o
 .debug_ranges  0x00000018       0xb8 ..\obj\main.o
 .debug_ranges  0x000000d0       0x28 ..\obj\display.o
 .debug_ranges  0x000000f8       0x50 ..\obj\hd44780.o
 .debug_ranges  0x00000148       0x30 ..\obj\system_M051Series.o

.debug_line     0x00000000      0xdd4
 .debug_line    0x00000000       0xd6 ..\obj\startup_M051Series.o
 .debug_line    0x000000d6      0x5df ..\obj\main.o
 .debug_line    0x000006b5       0xef ..\obj\display.o
 .debug_line    0x000007a4      0x3a9 ..\obj\hd44780.o
 .debug_line    0x00000b4d      0x287 ..\obj\system_M051Series.o

.debug_str      0x00000000      0xc03
 .debug_str     0x00000000      0x171 ..\obj\startup_M051Series.o
                                0x183 (size before relaxing)
 .debug_str     0x00000171      0x731 ..\obj\main.o
                                0x80e (size before relaxing)
 .debug_str     0x000008a2       0xbb ..\obj\display.o
                                0x16e (size before relaxing)
 .debug_str     0x0000095d      0x104 ..\obj\hd44780.o
                                0x265 (size before relaxing)
 .debug_str     0x00000a61      0x1a2 ..\obj\system_M051Series.o
                                0x40d (size before relaxing)

.comment        0x00000000       0x70
 .comment       0x00000000       0x70 ..\obj\startup_M051Series.o
                                 0x71 (size before relaxing)
 .comment       0x00000000       0x71 ..\obj\main.o
 .comment       0x00000000       0x71 ..\obj\display.o
 .comment       0x00000000       0x71 ..\obj\hd44780.o
 .comment       0x00000000       0x71 ..\obj\system_M051Series.o

.ARM.attributes
                0x00000000       0x31
 .ARM.attributes
                0x00000000       0x31 ..\obj\startup_M051Series.o
 .ARM.attributes
                0x00000031       0x31 ..\obj\main.o
 .ARM.attributes
                0x00000062       0x31 ..\obj\display.o
 .ARM.attributes
                0x00000093       0x31 ..\obj\hd44780.o
 .ARM.attributes
                0x000000c4       0x31 ..\obj\system_M051Series.o
 .ARM.attributes
                0x000000f5       0x1e c:/program files (x86)/gnu tools arm embedded/4.9 2014q4/bin/../lib/gcc/arm-none-eabi/4.9.3/armv6-m\libgcc.a(_udivsi3.o)
 .ARM.attributes
                0x00000113       0x1e c:/program files (x86)/gnu tools arm embedded/4.9 2014q4/bin/../lib/gcc/arm-none-eabi/4.9.3/armv6-m\libgcc.a(_dvmd_tls.o)

.debug_frame    0x00000000      0x574
 .debug_frame   0x00000000       0x4c ..\obj\startup_M051Series.o
 .debug_frame   0x0000004c      0x2b4 ..\obj\main.o
 .debug_frame   0x00000300       0x8c ..\obj\display.o
 .debug_frame   0x0000038c      0x120 ..\obj\hd44780.o
 .debug_frame   0x000004ac       0xa8 ..\obj\system_M051Series.o
 .debug_frame   0x00000554       0x20 c:/program files (x86)/gnu tools arm embedded/4.9 2014q4/bin/../lib/gcc/arm-none-eabi/4.9.3/armv6-m\libgcc.a(_udivsi3.o)
