Archive member included because of file (symbol)

c:/program files (x86)/gnu tools arm embedded/4.8 2014q2/bin/../lib/gcc/arm-none-eabi/4.8.4/armv6-m\libgcc.a(_udivsi3.o)
                              ..\obj\main.o (__aeabi_uidiv)
c:/program files (x86)/gnu tools arm embedded/4.8 2014q2/bin/../lib/gcc/arm-none-eabi/4.8.4/armv6-m\libgcc.a(_dvmd_tls.o)
                              c:/program files (x86)/gnu tools arm embedded/4.8 2014q2/bin/../lib/gcc/arm-none-eabi/4.8.4/armv6-m\libgcc.a(_udivsi3.o) (__aeabi_idiv0)
c:/program files (x86)/gnu tools arm embedded/4.8 2014q2/bin/../lib/gcc/arm-none-eabi/4.8.4/../../../../arm-none-eabi/lib/armv6-m\libg.a(lib_a-memcpy-stub.o)
                              ..\obj\system_M051Series.o (memcpy)

Allocating common symbols
Common symbol       size              file

duty_changed        0x1               ..\obj\main.o
duty_pwm            0x4               ..\obj\main.o
result_ready        0x1               ..\obj\main.o
ENCODER_USER_Callback
                    0x4               ..\obj\main.o

Discarded input sections

 .text          0x00000000        0x0 ..\obj\startup_M051Series.o
 .data          0x00000000        0x0 ..\obj\startup_M051Series.o
 .bss           0x00000000        0x0 ..\obj\startup_M051Series.o
 .text          0x00000000        0x0 ..\obj\main.o
 .data          0x00000000        0x0 ..\obj\main.o
 .text.PWM_ResetPwmController
                0x00000000       0x58 ..\obj\main.o
 .text.PWM_GetTimerClockSource
                0x00000000       0xa4 ..\obj\main.o
 .text          0x00000000        0x0 ..\obj\display.o
 .data          0x00000000        0x0 ..\obj\display.o
 .bss           0x00000000        0x0 ..\obj\display.o
 .text          0x00000000        0x0 ..\obj\hd44780.o
 .data          0x00000000        0x0 ..\obj\hd44780.o
 .bss           0x00000000        0x0 ..\obj\hd44780.o
 .text.HD44780_Reset
                0x00000000       0x54 ..\obj\hd44780.o
 .text          0x00000000        0x0 ..\obj\system_M051Series.o
 .bss           0x00000000        0x0 ..\obj\system_M051Series.o
 .rodata        0x00000000       0x24 ..\obj\system_M051Series.o
 .text.DrvSYS_GetPLLClockFreq
                0x00000000       0xb0 ..\obj\system_M051Series.o
 .text.SystemCoreClockUpdate
                0x00000000       0x88 ..\obj\system_M051Series.o
 .data          0x00000000        0x0 c:/program files (x86)/gnu tools arm embedded/4.8 2014q2/bin/../lib/gcc/arm-none-eabi/4.8.4/armv6-m\libgcc.a(_udivsi3.o)
 .bss           0x00000000        0x0 c:/program files (x86)/gnu tools arm embedded/4.8 2014q2/bin/../lib/gcc/arm-none-eabi/4.8.4/armv6-m\libgcc.a(_udivsi3.o)
 .data          0x00000000        0x0 c:/program files (x86)/gnu tools arm embedded/4.8 2014q2/bin/../lib/gcc/arm-none-eabi/4.8.4/armv6-m\libgcc.a(_dvmd_tls.o)
 .bss           0x00000000        0x0 c:/program files (x86)/gnu tools arm embedded/4.8 2014q2/bin/../lib/gcc/arm-none-eabi/4.8.4/armv6-m\libgcc.a(_dvmd_tls.o)
 .text          0x00000000        0x0 c:/program files (x86)/gnu tools arm embedded/4.8 2014q2/bin/../lib/gcc/arm-none-eabi/4.8.4/../../../../arm-none-eabi/lib/armv6-m\libg.a(lib_a-memcpy-stub.o)
 .data          0x00000000        0x0 c:/program files (x86)/gnu tools arm embedded/4.8 2014q2/bin/../lib/gcc/arm-none-eabi/4.8.4/../../../../arm-none-eabi/lib/armv6-m\libg.a(lib_a-memcpy-stub.o)
 .bss           0x00000000        0x0 c:/program files (x86)/gnu tools arm embedded/4.8 2014q2/bin/../lib/gcc/arm-none-eabi/4.8.4/../../../../arm-none-eabi/lib/armv6-m\libg.a(lib_a-memcpy-stub.o)
 .text.memcpy   0x00000000       0x84 c:/program files (x86)/gnu tools arm embedded/4.8 2014q2/bin/../lib/gcc/arm-none-eabi/4.8.4/../../../../arm-none-eabi/lib/armv6-m\libg.a(lib_a-memcpy-stub.o)
 .ARM.attributes
                0x00000000       0x2c c:/program files (x86)/gnu tools arm embedded/4.8 2014q2/bin/../lib/gcc/arm-none-eabi/4.8.4/../../../../arm-none-eabi/lib/armv6-m\libg.a(lib_a-memcpy-stub.o)
 .debug_frame   0x00000000       0x30 c:/program files (x86)/gnu tools arm embedded/4.8 2014q2/bin/../lib/gcc/arm-none-eabi/4.8.4/../../../../arm-none-eabi/lib/armv6-m\libg.a(lib_a-memcpy-stub.o)

Memory Configuration

Name             Origin             Length             Attributes
rom              0x00000000         0x00010000         xr
ram              0x20000000         0x00001000         xrw
*default*        0x00000000         0xffffffff

Linker script and memory map

                0x20001000                _eram = 0x20001000

.text           0x00000000      0xd34
 *(.isr_vector)
 .isr_vector    0x00000000       0xc0 ..\obj\startup_M051Series.o
                0x00000000                g_pfnVectors
 *(.text*)
 .text.Default_Reset_Handler
                0x000000c0       0x64 ..\obj\startup_M051Series.o
                0x000000c0                Default_Reset_Handler
                0x000000c0                Reset_Handler
 .text.Default_Handler
                0x00000124        0x8 ..\obj\startup_M051Series.o
                0x00000124                HardFault_Handler
                0x00000124                SysTick_Handler
                0x00000124                PendSV_Handler
                0x00000124                NMI_Handler
                0x00000124                UART1_IRQHandler
                0x00000124                PS2_IRQHandler
                0x00000124                UART0_IRQHandler
                0x00000124                USBD_IRQHandler
                0x00000124                SPI1_IRQHandler
                0x00000124                TMR0_IRQHandler
                0x00000124                I2S_IRQHandler
                0x00000124                PWRWU_IRQHandler
                0x00000124                EINT1_IRQHandler
                0x00000124                ADC_IRQHandler
                0x00000124                BOD_IRQHandler
                0x00000124                SPI2_IRQHandler
                0x00000124                I2C_IRQHandler
                0x00000124                WDT_IRQHandler
                0x00000124                SVC_Handler
                0x00000124                PDMA_IRQHandler
                0x00000124                EINT0_IRQHandler
                0x00000124                TMR3_IRQHandler
                0x00000124                SPI0_IRQHandler
                0x00000124                SPI3_IRQHandler
                0x00000124                PWMB_IRQHandler
                0x00000124                TMR1_IRQHandler
                0x00000124                GPIOP2P3P4_IRQHandler
 .text.NVIC_EnableIRQ
                0x0000012c       0x2c ..\obj\main.o
 .text.SYS_WaitingForClockReady
                0x00000158       0x38 ..\obj\main.o
 .text.SYS_SysTickDelay
                0x00000190       0x3c ..\obj\main.o
 .text.SYS_UnlockReg
                0x000001cc       0x3c ..\obj\main.o
 .text.SYS_LockReg
                0x00000208       0x14 ..\obj\main.o
 .text.GPIO_EnableInt
                0x0000021c       0x40 ..\obj\main.o
 .text.SYS_Init
                0x0000025c      0x178 ..\obj\main.o
                0x0000025c                SYS_Init
 .text.TMR2_IRQHandler
                0x000003d4       0x90 ..\obj\main.o
                0x000003d4                TMR2_IRQHandler
 .text.PWMA_IRQHandler
                0x00000464       0x6c ..\obj\main.o
                0x00000464                PWMA_IRQHandler
 .text.GPIOP0P1_IRQHandler
                0x000004d0       0x88 ..\obj\main.o
                0x000004d0                GPIOP0P1_IRQHandler
 .text.ENCODER_Init
                0x00000558       0x48 ..\obj\main.o
                0x00000558                ENCODER_Init
 .text.ENCODER_Callback
                0x000005a0       0x50 ..\obj\main.o
                0x000005a0                ENCODER_Callback
 .text.main     0x000005f0      0x108 ..\obj\main.o
                0x000005f0                main
 .text.DISPLAY_Init
                0x000006f8       0x48 ..\obj\display.o
                0x000006f8                DISPLAY_Init
 .text.DISPLAY_RPM
                0x00000740       0x20 ..\obj\display.o
                0x00000740                DISPLAY_RPM
 .text.DISPLAY_DUTY
                0x00000760       0x28 ..\obj\display.o
                0x00000760                DISPLAY_DUTY
 .text.SYS_SysTickDelay
                0x00000788       0x3c ..\obj\hd44780.o
 .text.HD44780_Write
                0x000007c4       0xf0 ..\obj\hd44780.o
                0x000007c4                HD44780_Write
 .text.HD44780_Init
                0x000008b4       0x98 ..\obj\hd44780.o
                0x000008b4                HD44780_Init
 .text.HD44780_DisplayString
                0x0000094c       0x40 ..\obj\hd44780.o
                0x0000094c                HD44780_DisplayString
 .text.HD44780_DisplayN_POS
                0x0000098c      0x17c ..\obj\hd44780.o
                0x0000098c                HD44780_DisplayN_POS
 .text.HD44780_LocationSet
                0x00000b08       0x54 ..\obj\hd44780.o
                0x00000b08                HD44780_LocationSet
 .text.SYS_UnlockReg
                0x00000b5c       0x3c ..\obj\system_M051Series.o
 .text.SYS_LockReg
                0x00000b98       0x14 ..\obj\system_M051Series.o
 .text.SystemInit
                0x00000bac       0xb8 ..\obj\system_M051Series.o
                0x00000bac                SystemInit
 .text          0x00000c64       0x9c c:/program files (x86)/gnu tools arm embedded/4.8 2014q2/bin/../lib/gcc/arm-none-eabi/4.8.4/armv6-m\libgcc.a(_udivsi3.o)
                0x00000c64                __aeabi_uidiv
                0x00000c64                __udivsi3
                0x00000cec                __aeabi_uidivmod
 .text          0x00000d00        0x4 c:/program files (x86)/gnu tools arm embedded/4.8 2014q2/bin/../lib/gcc/arm-none-eabi/4.8.4/armv6-m\libgcc.a(_dvmd_tls.o)
                0x00000d00                __aeabi_idiv0
                0x00000d00                __aeabi_ldiv0
 *(.init)
 *(.fini)
 *crtbegin.o(.ctors)
 *crtbegin?.o(.ctors)
 *(EXCLUDE_FILE(*crtend.o *crtend?.o) .ctors)
 *(SORT(.ctors.*))
 *(.ctors)
 *crtbegin.o(.dtors)
 *crtbegin?.o(.dtors)
 *(EXCLUDE_FILE(*crtend.o *crtend?.o) .dtors)
 *(SORT(.dtors.*))
 *(.dtors)
 *(.rodata*)
 .rodata        0x00000d04       0x20 ..\obj\main.o
                0x00000d14                ENCODER_TABLE
 .rodata        0x00000d24       0x10 ..\obj\display.o
 *(.eh_fram e*)

.glue_7         0x00000d34        0x0
 .glue_7        0x00000000        0x0 linker stubs

.glue_7t        0x00000d34        0x0
 .glue_7t       0x00000000        0x0 linker stubs

.vfp11_veneer   0x00000d34        0x0
 .vfp11_veneer  0x00000000        0x0 linker stubs

.v4_bx          0x00000d34        0x0
 .v4_bx         0x00000000        0x0 linker stubs

.iplt           0x00000d34        0x0
 .iplt          0x00000000        0x0 ..\obj\startup_M051Series.o

.rel.dyn        0x00000d34        0x0
 .rel.iplt      0x00000000        0x0 ..\obj\startup_M051Series.o

.ARM.extab
 *(.ARM.extab* .gnu.linkonce.armextab.*)
                0x00000d34                __exidx_start = .

.ARM.exidx
 *(.ARM.exidx* .gnu.linkonce.armexidx.*)
                0x00000d34                __exidx_end = .
                0x00000d34                __etext = .
                0x00000d34                _sidata = __etext

.data           0x20000000        0xc load address 0x00000d34
                0x20000000                __data_start__ = .
                0x20000000                _sdata = __data_start__
 *(vtable)
 *(.data*)
 .data          0x20000000        0xc ..\obj\system_M051Series.o
                0x20000000                SystemCoreClock
                0x20000004                CyclesPerUs
                0x20000008                PllClock
                0x2000000c                . = ALIGN (0x4)
                0x2000000c                PROVIDE (__preinit_array_start, .)
 *(.preinit_array)
                0x2000000c                PROVIDE (__preinit_array_end, .)
                0x2000000c                . = ALIGN (0x4)
                0x2000000c                PROVIDE (__init_array_start, .)
 *(SORT(.init_array.*))
 *(.init_array)
                0x2000000c                PROVIDE (__init_array_end, .)
                0x2000000c                . = ALIGN (0x4)
                0x2000000c                PROVIDE (__fini_array_start, .)
 *(SORT(.fini_array.*))
 *(.fini_array)
                0x2000000c                PROVIDE (__fini_array_end, .)
 *(.jcr*)
                0x2000000c                . = ALIGN (0x4)
                0x2000000c                __data_end__ = .
                0x2000000c                _edata = __data_end__

.igot.plt       0x2000000c        0x0 load address 0x00000d40
 .igot.plt      0x00000000        0x0 ..\obj\startup_M051Series.o

.bss            0x2000000c       0x20 load address 0x00000d40
                0x2000000c                . = ALIGN (0x4)
                0x2000000c                __bss_start__ = .
                0x2000000c                _sbss = __bss_start__
 *(.bss*)
 .bss           0x2000000c       0x10 ..\obj\main.o
 *(COMMON)
 COMMON         0x2000001c       0x10 ..\obj\main.o
                0x2000001c                duty_changed
                0x20000020                duty_pwm
                0x20000024                result_ready
                0x20000028                ENCODER_USER_Callback
                0x2000002c                . = ALIGN (0x4)
                0x2000002c                __bss_end__ = .
                0x2000002c                _ebss = __bss_end__

.heap           0x2000002c        0x0
                0x2000002c                __end__ = .
                0x2000002c                _end = __end__
                0x2000002c                end = __end__
 *(.heap*)
                0x2000002c                __HeapLimit = .

.co_stack       0x2000002c      0x404 load address 0x00000d60
                0x20000030                . = ALIGN (0x8)
 *fill*         0x2000002c        0x4 
 *(.co_stack .co_stack.*)
 .co_stack      0x20000030      0x400 ..\obj\startup_M051Series.o
                0x20000030                pulStack
                0x20001000                __StackTop = (ORIGIN (ram) + 0x1000)
                0x20000bfc                __StackLimit = (__StackTop - SIZEOF (.co_stack))
                0x20001000                PROVIDE (__stack, __StackTop)
                0x00000001                ASSERT ((__StackLimit >= __HeapLimit), region ram  overflowed with stack)
LOAD ..\obj\startup_M051Series.o
LOAD ..\obj\main.o
LOAD ..\obj\display.o
LOAD ..\obj\hd44780.o
LOAD ..\obj\system_M051Series.o
START GROUP
LOAD c:/program files (x86)/gnu tools arm embedded/4.8 2014q2/bin/../lib/gcc/arm-none-eabi/4.8.4/armv6-m\libgcc.a
LOAD c:/program files (x86)/gnu tools arm embedded/4.8 2014q2/bin/../lib/gcc/arm-none-eabi/4.8.4/../../../../arm-none-eabi/lib/armv6-m\libg.a
LOAD c:/program files (x86)/gnu tools arm embedded/4.8 2014q2/bin/../lib/gcc/arm-none-eabi/4.8.4/../../../../arm-none-eabi/lib/armv6-m\libc.a
END GROUP
OUTPUT(PWM.elf elf32-littlearm)

.debug_info     0x00000000     0x128e
 .debug_info    0x00000000       0xff ..\obj\startup_M051Series.o
 .debug_info    0x000000ff      0xaa0 ..\obj\main.o
 .debug_info    0x00000b9f       0x97 ..\obj\display.o
 .debug_info    0x00000c36      0x23e ..\obj\hd44780.o
 .debug_info    0x00000e74      0x41a ..\obj\system_M051Series.o

.debug_abbrev   0x00000000      0x57e
 .debug_abbrev  0x00000000       0xa7 ..\obj\startup_M051Series.o
 .debug_abbrev  0x000000a7      0x220 ..\obj\main.o
 .debug_abbrev  0x000002c7       0x7a ..\obj\display.o
 .debug_abbrev  0x00000341      0x128 ..\obj\hd44780.o
 .debug_abbrev  0x00000469      0x115 ..\obj\system_M051Series.o

.debug_aranges  0x00000000      0x178
 .debug_aranges
                0x00000000       0x28 ..\obj\startup_M051Series.o
 .debug_aranges
                0x00000028       0x90 ..\obj\main.o
 .debug_aranges
                0x000000b8       0x30 ..\obj\display.o
 .debug_aranges
                0x000000e8       0x50 ..\obj\hd44780.o
 .debug_aranges
                0x00000138       0x40 ..\obj\system_M051Series.o

.debug_ranges   0x00000000      0x128
 .debug_ranges  0x00000000       0x18 ..\obj\startup_M051Series.o
 .debug_ranges  0x00000018       0x80 ..\obj\main.o
 .debug_ranges  0x00000098       0x20 ..\obj\display.o
 .debug_ranges  0x000000b8       0x40 ..\obj\hd44780.o
 .debug_ranges  0x000000f8       0x30 ..\obj\system_M051Series.o

.debug_line     0x00000000      0xc95
 .debug_line    0x00000000       0xd6 ..\obj\startup_M051Series.o
 .debug_line    0x000000d6      0x4e5 ..\obj\main.o
 .debug_line    0x000005bb       0xb9 ..\obj\display.o
 .debug_line    0x00000674      0x393 ..\obj\hd44780.o
 .debug_line    0x00000a07      0x28e ..\obj\system_M051Series.o

.debug_str      0x00000000      0xaf7
 .debug_str     0x00000000      0x171 ..\obj\startup_M051Series.o
                                0x183 (size before relaxing)
 .debug_str     0x00000171      0x66a ..\obj\main.o
                                0x741 (size before relaxing)
 .debug_str     0x000007db       0x94 ..\obj\display.o
                                0x134 (size before relaxing)
 .debug_str     0x0000086f       0xe6 ..\obj\hd44780.o
                                0x247 (size before relaxing)
 .debug_str     0x00000955      0x1a2 ..\obj\system_M051Series.o
                                0x40d (size before relaxing)

.comment        0x00000000       0x70
 .comment       0x00000000       0x70 ..\obj\startup_M051Series.o
                                 0x71 (size before relaxing)
 .comment       0x00000000       0x71 ..\obj\main.o
 .comment       0x00000000       0x71 ..\obj\display.o
 .comment       0x00000000       0x71 ..\obj\hd44780.o
 .comment       0x00000000       0x71 ..\obj\system_M051Series.o

.ARM.attributes
                0x00000000       0x31
 .ARM.attributes
                0x00000000       0x31 ..\obj\startup_M051Series.o
 .ARM.attributes
                0x00000031       0x31 ..\obj\main.o
 .ARM.attributes
                0x00000062       0x31 ..\obj\display.o
 .ARM.attributes
                0x00000093       0x31 ..\obj\hd44780.o
 .ARM.attributes
                0x000000c4       0x31 ..\obj\system_M051Series.o
 .ARM.attributes
                0x000000f5       0x1e c:/program files (x86)/gnu tools arm embedded/4.8 2014q2/bin/../lib/gcc/arm-none-eabi/4.8.4/armv6-m\libgcc.a(_udivsi3.o)
 .ARM.attributes
                0x00000113       0x1e c:/program files (x86)/gnu tools arm embedded/4.8 2014q2/bin/../lib/gcc/arm-none-eabi/4.8.4/armv6-m\libgcc.a(_dvmd_tls.o)

.debug_frame    0x00000000      0x444
 .debug_frame   0x00000000       0x4c ..\obj\startup_M051Series.o
 .debug_frame   0x0000004c      0x1dc ..\obj\main.o
 .debug_frame   0x00000228       0x6c ..\obj\display.o
 .debug_frame   0x00000294       0xe8 ..\obj\hd44780.o
 .debug_frame   0x0000037c       0xa8 ..\obj\system_M051Series.o
 .debug_frame   0x00000424       0x20 c:/program files (x86)/gnu tools arm embedded/4.8 2014q2/bin/../lib/gcc/arm-none-eabi/4.8.4/armv6-m\libgcc.a(_udivsi3.o)
