Archive member included because of file (symbol)

c:/program files (x86)/gnu tools arm embedded/4.8 2014q2/bin/../lib/gcc/arm-none-eabi/4.8.4/armv6-m\libgcc.a(_udivsi3.o)
                              ..\obj\hd44780.o (__aeabi_uidiv)
c:/program files (x86)/gnu tools arm embedded/4.8 2014q2/bin/../lib/gcc/arm-none-eabi/4.8.4/armv6-m\libgcc.a(_dvmd_tls.o)
                              c:/program files (x86)/gnu tools arm embedded/4.8 2014q2/bin/../lib/gcc/arm-none-eabi/4.8.4/armv6-m\libgcc.a(_udivsi3.o) (__aeabi_idiv0)
c:/program files (x86)/gnu tools arm embedded/4.8 2014q2/bin/../lib/gcc/arm-none-eabi/4.8.4/../../../../arm-none-eabi/lib/armv6-m\libg.a(lib_a-memcpy-stub.o)
                              ..\obj\system_M051Series.o (memcpy)

Allocating common symbols
Common symbol       size              file

duty_changed        0x1               ..\obj\main.o
duty_pwm            0x4               ..\obj\main.o
result_ready        0x1               ..\obj\main.o
ENCODER_USER_Callback
                    0x4               ..\obj\main.o

Discarded input sections

 .text          0x00000000        0x0 ..\obj\startup_M051Series.o
 .data          0x00000000        0x0 ..\obj\startup_M051Series.o
 .bss           0x00000000        0x0 ..\obj\startup_M051Series.o
 .text          0x00000000        0x0 ..\obj\main.o
 .data          0x00000000        0x0 ..\obj\main.o
 .text.PWM_ResetPwmController
                0x00000000       0x58 ..\obj\main.o
 .text.PWM_GetTimerClockSource
                0x00000000       0xa4 ..\obj\main.o
 .text.RPM_Clear
                0x00000000       0x4c ..\obj\main.o
 .text          0x00000000        0x0 ..\obj\display.o
 .data          0x00000000        0x0 ..\obj\display.o
 .bss           0x00000000        0x0 ..\obj\display.o
 .text          0x00000000        0x0 ..\obj\hd44780.o
 .data          0x00000000        0x0 ..\obj\hd44780.o
 .bss           0x00000000        0x0 ..\obj\hd44780.o
 .text          0x00000000        0x0 ..\obj\system_M051Series.o
 .bss           0x00000000        0x0 ..\obj\system_M051Series.o
 .rodata        0x00000000       0x24 ..\obj\system_M051Series.o
 .text.DrvSYS_GetPLLClockFreq
                0x00000000       0xb0 ..\obj\system_M051Series.o
 .text.SystemCoreClockUpdate
                0x00000000       0x88 ..\obj\system_M051Series.o
 .data          0x00000000        0x0 c:/program files (x86)/gnu tools arm embedded/4.8 2014q2/bin/../lib/gcc/arm-none-eabi/4.8.4/armv6-m\libgcc.a(_udivsi3.o)
 .bss           0x00000000        0x0 c:/program files (x86)/gnu tools arm embedded/4.8 2014q2/bin/../lib/gcc/arm-none-eabi/4.8.4/armv6-m\libgcc.a(_udivsi3.o)
 .data          0x00000000        0x0 c:/program files (x86)/gnu tools arm embedded/4.8 2014q2/bin/../lib/gcc/arm-none-eabi/4.8.4/armv6-m\libgcc.a(_dvmd_tls.o)
 .bss           0x00000000        0x0 c:/program files (x86)/gnu tools arm embedded/4.8 2014q2/bin/../lib/gcc/arm-none-eabi/4.8.4/armv6-m\libgcc.a(_dvmd_tls.o)
 .text          0x00000000        0x0 c:/program files (x86)/gnu tools arm embedded/4.8 2014q2/bin/../lib/gcc/arm-none-eabi/4.8.4/../../../../arm-none-eabi/lib/armv6-m\libg.a(lib_a-memcpy-stub.o)
 .data          0x00000000        0x0 c:/program files (x86)/gnu tools arm embedded/4.8 2014q2/bin/../lib/gcc/arm-none-eabi/4.8.4/../../../../arm-none-eabi/lib/armv6-m\libg.a(lib_a-memcpy-stub.o)
 .bss           0x00000000        0x0 c:/program files (x86)/gnu tools arm embedded/4.8 2014q2/bin/../lib/gcc/arm-none-eabi/4.8.4/../../../../arm-none-eabi/lib/armv6-m\libg.a(lib_a-memcpy-stub.o)
 .text.memcpy   0x00000000       0x84 c:/program files (x86)/gnu tools arm embedded/4.8 2014q2/bin/../lib/gcc/arm-none-eabi/4.8.4/../../../../arm-none-eabi/lib/armv6-m\libg.a(lib_a-memcpy-stub.o)
 .ARM.attributes
                0x00000000       0x2c c:/program files (x86)/gnu tools arm embedded/4.8 2014q2/bin/../lib/gcc/arm-none-eabi/4.8.4/../../../../arm-none-eabi/lib/armv6-m\libg.a(lib_a-memcpy-stub.o)
 .debug_frame   0x00000000       0x30 c:/program files (x86)/gnu tools arm embedded/4.8 2014q2/bin/../lib/gcc/arm-none-eabi/4.8.4/../../../../arm-none-eabi/lib/armv6-m\libg.a(lib_a-memcpy-stub.o)

Memory Configuration

Name             Origin             Length             Attributes
rom              0x00000000         0x00010000         xr
ram              0x20000000         0x00001000         xrw
*default*        0x00000000         0xffffffff

Linker script and memory map

                0x20001000                _eram = 0x20001000

.text           0x00000000      0xde4
 *(.isr_vector)
 .isr_vector    0x00000000       0xc0 ..\obj\startup_M051Series.o
                0x00000000                g_pfnVectors
 *(.text*)
 .text.Default_Reset_Handler
                0x000000c0       0x64 ..\obj\startup_M051Series.o
                0x000000c0                Default_Reset_Handler
                0x000000c0                Reset_Handler
 .text.Default_Handler
                0x00000124        0x8 ..\obj\startup_M051Series.o
                0x00000124                HardFault_Handler
                0x00000124                SysTick_Handler
                0x00000124                PendSV_Handler
                0x00000124                NMI_Handler
                0x00000124                UART1_IRQHandler
                0x00000124                PS2_IRQHandler
                0x00000124                UART0_IRQHandler
                0x00000124                USBD_IRQHandler
                0x00000124                SPI1_IRQHandler
                0x00000124                TMR0_IRQHandler
                0x00000124                I2S_IRQHandler
                0x00000124                PWRWU_IRQHandler
                0x00000124                EINT1_IRQHandler
                0x00000124                ADC_IRQHandler
                0x00000124                BOD_IRQHandler
                0x00000124                SPI2_IRQHandler
                0x00000124                I2C_IRQHandler
                0x00000124                WDT_IRQHandler
                0x00000124                SVC_Handler
                0x00000124                PDMA_IRQHandler
                0x00000124                EINT0_IRQHandler
                0x00000124                TMR3_IRQHandler
                0x00000124                SPI0_IRQHandler
                0x00000124                SPI3_IRQHandler
                0x00000124                PWMB_IRQHandler
                0x00000124                TMR1_IRQHandler
                0x00000124                GPIOP2P3P4_IRQHandler
 .text.NVIC_EnableIRQ
                0x0000012c       0x2c ..\obj\main.o
 .text.SYS_WaitingForClockReady
                0x00000158       0x38 ..\obj\main.o
 .text.SYS_SysTickDelay
                0x00000190       0x3c ..\obj\main.o
 .text.SYS_UnlockReg
                0x000001cc       0x3c ..\obj\main.o
 .text.SYS_LockReg
                0x00000208       0x14 ..\obj\main.o
 .text.GPIO_EnableInt
                0x0000021c       0x40 ..\obj\main.o
 .text.SYS_Init
                0x0000025c      0x178 ..\obj\main.o
                0x0000025c                SYS_Init
 .text.RPM_Add  0x000003d4       0x84 ..\obj\main.o
                0x000003d4                RPM_Add
 .text.TMR2_IRQHandler
                0x00000458       0x90 ..\obj\main.o
                0x00000458                TMR2_IRQHandler
 .text.PWMA_IRQHandler
                0x000004e8       0x60 ..\obj\main.o
                0x000004e8                PWMA_IRQHandler
 .text.GPIOP0P1_IRQHandler
                0x00000548       0x88 ..\obj\main.o
                0x00000548                GPIOP0P1_IRQHandler
 .text.ENCODER_Init
                0x000005d0       0x48 ..\obj\main.o
                0x000005d0                ENCODER_Init
 .text.ENCODER_Callback
                0x00000618       0x50 ..\obj\main.o
                0x00000618                ENCODER_Callback
 .text.main     0x00000668      0x16c ..\obj\main.o
                0x00000668                main
 .text.DISPLAY_Init
                0x000007d4       0x48 ..\obj\display.o
                0x000007d4                DISPLAY_Init
 .text.DISPLAY_RPM
                0x0000081c       0x20 ..\obj\display.o
                0x0000081c                DISPLAY_RPM
 .text.DISPLAY_DUTY
                0x0000083c       0x28 ..\obj\display.o
                0x0000083c                DISPLAY_DUTY
 .text.SYS_SysTickDelay
                0x00000864       0x3c ..\obj\hd44780.o
 .text.HD44780_Pulse
                0x000008a0       0x30 ..\obj\hd44780.o
                0x000008a0                HD44780_Pulse
 .text.HD44780_ClearPins
                0x000008d0       0x44 ..\obj\hd44780.o
                0x000008d0                HD44780_ClearPins
 .text.HD44780_Write
                0x00000914       0xd4 ..\obj\hd44780.o
                0x00000914                HD44780_Write
 .text.HD44780_CLS
                0x000009e8       0x2c ..\obj\hd44780.o
                0x000009e8                HD44780_CLS
 .text.HD44780_Init
                0x00000a14       0x44 ..\obj\hd44780.o
                0x00000a14                HD44780_Init
 .text.HD44780_DisplayString
                0x00000a58       0x38 ..\obj\hd44780.o
                0x00000a58                HD44780_DisplayString
 .text.HD44780_DisplayN_POS
                0x00000a90      0x130 ..\obj\hd44780.o
                0x00000a90                HD44780_DisplayN_POS
 .text.HD44780_LocationSet
                0x00000bc0       0x4c ..\obj\hd44780.o
                0x00000bc0                HD44780_LocationSet
 .text.SYS_UnlockReg
                0x00000c0c       0x3c ..\obj\system_M051Series.o
 .text.SYS_LockReg
                0x00000c48       0x14 ..\obj\system_M051Series.o
 .text.SystemInit
                0x00000c5c       0xb8 ..\obj\system_M051Series.o
                0x00000c5c                SystemInit
 .text          0x00000d14       0x9c c:/program files (x86)/gnu tools arm embedded/4.8 2014q2/bin/../lib/gcc/arm-none-eabi/4.8.4/armv6-m\libgcc.a(_udivsi3.o)
                0x00000d14                __aeabi_uidiv
                0x00000d14                __udivsi3
                0x00000d9c                __aeabi_uidivmod
 .text          0x00000db0        0x4 c:/program files (x86)/gnu tools arm embedded/4.8 2014q2/bin/../lib/gcc/arm-none-eabi/4.8.4/armv6-m\libgcc.a(_dvmd_tls.o)
                0x00000db0                __aeabi_idiv0
                0x00000db0                __aeabi_ldiv0
 *(.init)
 *(.fini)
 *crtbegin.o(.ctors)
 *crtbegin?.o(.ctors)
 *(EXCLUDE_FILE(*crtend.o *crtend?.o) .ctors)
 *(SORT(.ctors.*))
 *(.ctors)
 *crtbegin.o(.dtors)
 *crtbegin?.o(.dtors)
 *(EXCLUDE_FILE(*crtend.o *crtend?.o) .dtors)
 *(SORT(.dtors.*))
 *(.dtors)
 *(.rodata*)
 .rodata        0x00000db4       0x20 ..\obj\main.o
                0x00000dc4                ENCODER_TABLE
 .rodata        0x00000dd4       0x10 ..\obj\display.o
 *(.eh_fram e*)

.glue_7         0x00000de4        0x0
 .glue_7        0x00000000        0x0 linker stubs

.glue_7t        0x00000de4        0x0
 .glue_7t       0x00000000        0x0 linker stubs

.vfp11_veneer   0x00000de4        0x0
 .vfp11_veneer  0x00000000        0x0 linker stubs

.v4_bx          0x00000de4        0x0
 .v4_bx         0x00000000        0x0 linker stubs

.iplt           0x00000de4        0x0
 .iplt          0x00000000        0x0 ..\obj\startup_M051Series.o

.rel.dyn        0x00000de4        0x0
 .rel.iplt      0x00000000        0x0 ..\obj\startup_M051Series.o

.ARM.extab
 *(.ARM.extab* .gnu.linkonce.armextab.*)
                0x00000de4                __exidx_start = .

.ARM.exidx
 *(.ARM.exidx* .gnu.linkonce.armexidx.*)
                0x00000de4                __exidx_end = .
                0x00000de4                __etext = .
                0x00000de4                _sidata = __etext

.data           0x20000000        0xc load address 0x00000de4
                0x20000000                __data_start__ = .
                0x20000000                _sdata = __data_start__
 *(vtable)
 *(.data*)
 .data          0x20000000        0xc ..\obj\system_M051Series.o
                0x20000000                SystemCoreClock
                0x20000004                CyclesPerUs
                0x20000008                PllClock
                0x2000000c                . = ALIGN (0x4)
                0x2000000c                PROVIDE (__preinit_array_start, .)
 *(.preinit_array)
                0x2000000c                PROVIDE (__preinit_array_end, .)
                0x2000000c                . = ALIGN (0x4)
                0x2000000c                PROVIDE (__init_array_start, .)
 *(SORT(.init_array.*))
 *(.init_array)
                0x2000000c                PROVIDE (__init_array_end, .)
                0x2000000c                . = ALIGN (0x4)
                0x2000000c                PROVIDE (__fini_array_start, .)
 *(SORT(.fini_array.*))
 *(.fini_array)
                0x2000000c                PROVIDE (__fini_array_end, .)
 *(.jcr*)
                0x2000000c                . = ALIGN (0x4)
                0x2000000c                __data_end__ = .
                0x2000000c                _edata = __data_end__

.igot.plt       0x2000000c        0x0 load address 0x00000df0
 .igot.plt      0x00000000        0x0 ..\obj\startup_M051Series.o

.bss            0x2000000c       0x5c load address 0x00000df0
                0x2000000c                . = ALIGN (0x4)
                0x2000000c                __bss_start__ = .
                0x2000000c                _sbss = __bss_start__
 *(.bss*)
 .bss           0x2000000c       0x4c ..\obj\main.o
 *(COMMON)
 COMMON         0x20000058       0x10 ..\obj\main.o
                0x20000058                duty_changed
                0x2000005c                duty_pwm
                0x20000060                result_ready
                0x20000064                ENCODER_USER_Callback
                0x20000068                . = ALIGN (0x4)
                0x20000068                __bss_end__ = .
                0x20000068                _ebss = __bss_end__

.heap           0x20000068        0x0
                0x20000068                __end__ = .
                0x20000068                _end = __end__
                0x20000068                end = __end__
 *(.heap*)
                0x20000068                __HeapLimit = .

.co_stack       0x20000068      0x400 load address 0x00000e4c
                0x20000068                . = ALIGN (0x8)
 *(.co_stack .co_stack.*)
 .co_stack      0x20000068      0x400 ..\obj\startup_M051Series.o
                0x20000068                pulStack
                0x20001000                __StackTop = (ORIGIN (ram) + 0x1000)
                0x20000c00                __StackLimit = (__StackTop - SIZEOF (.co_stack))
                0x20001000                PROVIDE (__stack, __StackTop)
                0x00000001                ASSERT ((__StackLimit >= __HeapLimit), region ram  overflowed with stack)
LOAD ..\obj\startup_M051Series.o
LOAD ..\obj\main.o
LOAD ..\obj\display.o
LOAD ..\obj\hd44780.o
LOAD ..\obj\system_M051Series.o
START GROUP
LOAD c:/program files (x86)/gnu tools arm embedded/4.8 2014q2/bin/../lib/gcc/arm-none-eabi/4.8.4/armv6-m\libgcc.a
LOAD c:/program files (x86)/gnu tools arm embedded/4.8 2014q2/bin/../lib/gcc/arm-none-eabi/4.8.4/../../../../arm-none-eabi/lib/armv6-m\libg.a
LOAD c:/program files (x86)/gnu tools arm embedded/4.8 2014q2/bin/../lib/gcc/arm-none-eabi/4.8.4/../../../../arm-none-eabi/lib/armv6-m\libc.a
END GROUP
OUTPUT(PWM.elf elf32-littlearm)

.debug_info     0x00000000     0x134f
 .debug_info    0x00000000       0xff ..\obj\startup_M051Series.o
 .debug_info    0x000000ff      0xb3f ..\obj\main.o
 .debug_info    0x00000c3e       0x97 ..\obj\display.o
 .debug_info    0x00000cd5      0x260 ..\obj\hd44780.o
 .debug_info    0x00000f35      0x41a ..\obj\system_M051Series.o

.debug_abbrev   0x00000000      0x5bb
 .debug_abbrev  0x00000000       0xa7 ..\obj\startup_M051Series.o
 .debug_abbrev  0x000000a7      0x247 ..\obj\main.o
 .debug_abbrev  0x000002ee       0x7a ..\obj\display.o
 .debug_abbrev  0x00000368      0x13e ..\obj\hd44780.o
 .debug_abbrev  0x000004a6      0x115 ..\obj\system_M051Series.o

.debug_aranges  0x00000000      0x198
 .debug_aranges
                0x00000000       0x28 ..\obj\startup_M051Series.o
 .debug_aranges
                0x00000028       0xa0 ..\obj\main.o
 .debug_aranges
                0x000000c8       0x30 ..\obj\display.o
 .debug_aranges
                0x000000f8       0x60 ..\obj\hd44780.o
 .debug_aranges
                0x00000158       0x40 ..\obj\system_M051Series.o

.debug_ranges   0x00000000      0x148
 .debug_ranges  0x00000000       0x18 ..\obj\startup_M051Series.o
 .debug_ranges  0x00000018       0x90 ..\obj\main.o
 .debug_ranges  0x000000a8       0x20 ..\obj\display.o
 .debug_ranges  0x000000c8       0x50 ..\obj\hd44780.o
 .debug_ranges  0x00000118       0x30 ..\obj\system_M051Series.o

.debug_line     0x00000000      0xd12
 .debug_line    0x00000000       0xd6 ..\obj\startup_M051Series.o
 .debug_line    0x000000d6      0x546 ..\obj\main.o
 .debug_line    0x0000061c       0xb9 ..\obj\display.o
 .debug_line    0x000006d5      0x3af ..\obj\hd44780.o
 .debug_line    0x00000a84      0x28e ..\obj\system_M051Series.o

.debug_str      0x00000000      0xb65
 .debug_str     0x00000000      0x171 ..\obj\startup_M051Series.o
                                0x183 (size before relaxing)
 .debug_str     0x00000171      0x6ba ..\obj\main.o
                                0x797 (size before relaxing)
 .debug_str     0x0000082b       0x94 ..\obj\display.o
                                0x134 (size before relaxing)
 .debug_str     0x000008bf      0x104 ..\obj\hd44780.o
                                0x265 (size before relaxing)
 .debug_str     0x000009c3      0x1a2 ..\obj\system_M051Series.o
                                0x40d (size before relaxing)

.comment        0x00000000       0x70
 .comment       0x00000000       0x70 ..\obj\startup_M051Series.o
                                 0x71 (size before relaxing)
 .comment       0x00000000       0x71 ..\obj\main.o
 .comment       0x00000000       0x71 ..\obj\display.o
 .comment       0x00000000       0x71 ..\obj\hd44780.o
 .comment       0x00000000       0x71 ..\obj\system_M051Series.o

.ARM.attributes
                0x00000000       0x31
 .ARM.attributes
                0x00000000       0x31 ..\obj\startup_M051Series.o
 .ARM.attributes
                0x00000031       0x31 ..\obj\main.o
 .ARM.attributes
                0x00000062       0x31 ..\obj\display.o
 .ARM.attributes
                0x00000093       0x31 ..\obj\hd44780.o
 .ARM.attributes
                0x000000c4       0x31 ..\obj\system_M051Series.o
 .ARM.attributes
                0x000000f5       0x1e c:/program files (x86)/gnu tools arm embedded/4.8 2014q2/bin/../lib/gcc/arm-none-eabi/4.8.4/armv6-m\libgcc.a(_udivsi3.o)
 .ARM.attributes
                0x00000113       0x1e c:/program files (x86)/gnu tools arm embedded/4.8 2014q2/bin/../lib/gcc/arm-none-eabi/4.8.4/armv6-m\libgcc.a(_dvmd_tls.o)

.debug_frame    0x00000000      0x4bc
 .debug_frame   0x00000000       0x4c ..\obj\startup_M051Series.o
 .debug_frame   0x0000004c      0x21c ..\obj\main.o
 .debug_frame   0x00000268       0x6c ..\obj\display.o
 .debug_frame   0x000002d4      0x120 ..\obj\hd44780.o
 .debug_frame   0x000003f4       0xa8 ..\obj\system_M051Series.o
 .debug_frame   0x0000049c       0x20 c:/program files (x86)/gnu tools arm embedded/4.8 2014q2/bin/../lib/gcc/arm-none-eabi/4.8.4/armv6-m\libgcc.a(_udivsi3.o)
