Archive member included because of file (symbol)

c:/program files (x86)/gnu tools arm embedded/4.9 2014q4/bin/../lib/gcc/arm-none-eabi/4.9.3/armv6-m\libgcc.a(_udivsi3.o)
                              ..\obj\calibration.o (__aeabi_uidiv)
c:/program files (x86)/gnu tools arm embedded/4.9 2014q4/bin/../lib/gcc/arm-none-eabi/4.9.3/armv6-m\libgcc.a(_dvmd_tls.o)
                              c:/program files (x86)/gnu tools arm embedded/4.9 2014q4/bin/../lib/gcc/arm-none-eabi/4.9.3/armv6-m\libgcc.a(_udivsi3.o) (__aeabi_idiv0)
c:/program files (x86)/gnu tools arm embedded/4.9 2014q4/bin/../lib/gcc/arm-none-eabi/4.9.3/armv6-m\libgcc.a(_arm_cmpdf2.o)
                              ..\obj\pid.o (__aeabi_dcmplt)
c:/program files (x86)/gnu tools arm embedded/4.9 2014q4/bin/../lib/gcc/arm-none-eabi/4.9.3/armv6-m\libgcc.a(_fixunsdfsi.o)
                              ..\obj\pid.o (__aeabi_d2uiz)
c:/program files (x86)/gnu tools arm embedded/4.9 2014q4/bin/../lib/gcc/arm-none-eabi/4.9.3/armv6-m\libgcc.a(adddf3.o)
                              ..\obj\pid.o (__aeabi_dadd)
c:/program files (x86)/gnu tools arm embedded/4.9 2014q4/bin/../lib/gcc/arm-none-eabi/4.9.3/armv6-m\libgcc.a(eqdf2.o)
                              c:/program files (x86)/gnu tools arm embedded/4.9 2014q4/bin/../lib/gcc/arm-none-eabi/4.9.3/armv6-m\libgcc.a(_arm_cmpdf2.o) (__eqdf2)
c:/program files (x86)/gnu tools arm embedded/4.9 2014q4/bin/../lib/gcc/arm-none-eabi/4.9.3/armv6-m\libgcc.a(gedf2.o)
                              c:/program files (x86)/gnu tools arm embedded/4.9 2014q4/bin/../lib/gcc/arm-none-eabi/4.9.3/armv6-m\libgcc.a(_arm_cmpdf2.o) (__gedf2)
c:/program files (x86)/gnu tools arm embedded/4.9 2014q4/bin/../lib/gcc/arm-none-eabi/4.9.3/armv6-m\libgcc.a(ledf2.o)
                              c:/program files (x86)/gnu tools arm embedded/4.9 2014q4/bin/../lib/gcc/arm-none-eabi/4.9.3/armv6-m\libgcc.a(_arm_cmpdf2.o) (__ledf2)
c:/program files (x86)/gnu tools arm embedded/4.9 2014q4/bin/../lib/gcc/arm-none-eabi/4.9.3/armv6-m\libgcc.a(muldf3.o)
                              ..\obj\pid.o (__aeabi_dmul)
c:/program files (x86)/gnu tools arm embedded/4.9 2014q4/bin/../lib/gcc/arm-none-eabi/4.9.3/armv6-m\libgcc.a(subdf3.o)
                              ..\obj\pid.o (__aeabi_dsub)
c:/program files (x86)/gnu tools arm embedded/4.9 2014q4/bin/../lib/gcc/arm-none-eabi/4.9.3/armv6-m\libgcc.a(fixdfsi.o)
                              c:/program files (x86)/gnu tools arm embedded/4.9 2014q4/bin/../lib/gcc/arm-none-eabi/4.9.3/armv6-m\libgcc.a(_fixunsdfsi.o) (__aeabi_d2iz)
c:/program files (x86)/gnu tools arm embedded/4.9 2014q4/bin/../lib/gcc/arm-none-eabi/4.9.3/armv6-m\libgcc.a(floatunsidf.o)
                              ..\obj\pid.o (__aeabi_ui2d)
c:/program files (x86)/gnu tools arm embedded/4.9 2014q4/bin/../lib/gcc/arm-none-eabi/4.9.3/armv6-m\libgcc.a(_clzsi2.o)
                              c:/program files (x86)/gnu tools arm embedded/4.9 2014q4/bin/../lib/gcc/arm-none-eabi/4.9.3/armv6-m\libgcc.a(adddf3.o) (__clzsi2)
c:/program files (x86)/gnu tools arm embedded/4.9 2014q4/bin/../lib/gcc/arm-none-eabi/4.9.3/../../../../arm-none-eabi/lib/armv6-m\libg.a(lib_a-memcpy.o)
                              ..\obj\system_M051Series.o (memcpy)

Allocating common symbols
Common symbol       size              file

GLOBAL_MOTOR_RPMPRESET_CHANGED
                    0x1               ..\obj\main.o
DisplayPWM          0x14              ..\obj\main.o
display_mode        0x1               ..\obj\display.o
_expwm_callback_arr
                    0x20              ..\obj\expwm.o
PID_PWM             0x14              ..\obj\pid.o
GLOBAL_MOTOR_DUTY_CHANGED
                    0x1               ..\obj\main.o
MotorPWM            0x14              ..\obj\motor.o
TestPWM             0x14              ..\obj\main.o
PID_DATA            0x60              ..\obj\pid.o
ENCODER_USER_Callback
                    0x4               ..\obj\main.o

Discarded input sections

 .text          0x00000000        0x0 ..\obj\control.o
 .text          0x00000000        0x0 ..\obj\startup_M051Series.o
 .data          0x00000000        0x0 ..\obj\startup_M051Series.o
 .bss           0x00000000        0x0 ..\obj\startup_M051Series.o
 .text          0x00000000        0x0 ..\obj\ili9341_fonts.o
 .data          0x00000000        0x0 ..\obj\ili9341_fonts.o
 .bss           0x00000000        0x0 ..\obj\ili9341_fonts.o
 .text          0x00000000        0x0 ..\obj\expwm.o
 .data          0x00000000        0x0 ..\obj\expwm.o
 .text          0x00000000        0x0 ..\obj\calibration.o
 .data          0x00000000        0x0 ..\obj\calibration.o
 .bss           0x00000000        0x0 ..\obj\calibration.o
 .text          0x00000000        0x0 ..\obj\main.o
 .data          0x00000000        0x0 ..\obj\main.o
 .text          0x00000000        0x0 ..\obj\display.o
 .text          0x00000000        0x0 ..\obj\motor.o
 .data          0x00000000        0x0 ..\obj\motor.o
 .bss           0x00000000        0x0 ..\obj\motor.o
 .text          0x00000000        0x0 ..\obj\hd44780.o
 .data          0x00000000        0x0 ..\obj\hd44780.o
 .bss           0x00000000        0x0 ..\obj\hd44780.o
 .text.SYS_SysTickDelay
                0x00000000       0x3c ..\obj\hd44780.o
 .text.HD44780_Pulse
                0x00000000       0x30 ..\obj\hd44780.o
 .text.HD44780_ClearPins
                0x00000000       0x44 ..\obj\hd44780.o
 .text.HD44780_Write
                0x00000000       0xd4 ..\obj\hd44780.o
 .text.HD44780_CLS
                0x00000000       0x2c ..\obj\hd44780.o
 .text.HD44780_Init
                0x00000000       0xb4 ..\obj\hd44780.o
 .text.HD44780_DisplayString
                0x00000000       0x38 ..\obj\hd44780.o
 .text.HD44780_DisplayN
                0x00000000       0x74 ..\obj\hd44780.o
 .text.HD44780_DisplayN_POS
                0x00000000      0x17c ..\obj\hd44780.o
 .text.HD44780_LocationSet
                0x00000000       0x4c ..\obj\hd44780.o
 .debug_info    0x00000000      0x33d ..\obj\hd44780.o
 .debug_abbrev  0x00000000      0x150 ..\obj\hd44780.o
 .debug_aranges
                0x00000000       0x68 ..\obj\hd44780.o
 .debug_ranges  0x00000000       0x58 ..\obj\hd44780.o
 .debug_line    0x00000000      0x3dc ..\obj\hd44780.o
 .debug_str     0x00000000      0x29d ..\obj\hd44780.o
 .comment       0x00000000       0x71 ..\obj\hd44780.o
 .debug_frame   0x00000000      0x140 ..\obj\hd44780.o
 .ARM.attributes
                0x00000000       0x31 ..\obj\hd44780.o
 .text          0x00000000        0x0 ..\obj\system_M051Series.o
 .bss           0x00000000        0x0 ..\obj\system_M051Series.o
 .rodata        0x00000000       0x24 ..\obj\system_M051Series.o
 .text.DrvSYS_GetPLLClockFreq
                0x00000000       0xb0 ..\obj\system_M051Series.o
 .text.SystemCoreClockUpdate
                0x00000000       0x8c ..\obj\system_M051Series.o
 .text          0x00000000        0x0 ..\obj\serial.o
 .data          0x00000000        0x0 ..\obj\serial.o
 .bss           0x00000000        0x0 ..\obj\serial.o
 .text          0x00000000        0x0 ..\obj\ili9341.o
 .data          0x00000000        0x0 ..\obj\ili9341.o
 .bss           0x00000000        0x0 ..\obj\ili9341.o
 .text          0x00000000        0x0 ..\obj\pid.o
 .data          0x00000000        0x0 ..\obj\pid.o
 .bss           0x00000000        0x0 ..\obj\pid.o
 .data          0x00000000        0x0 c:/program files (x86)/gnu tools arm embedded/4.9 2014q4/bin/../lib/gcc/arm-none-eabi/4.9.3/armv6-m\libgcc.a(_udivsi3.o)
 .bss           0x00000000        0x0 c:/program files (x86)/gnu tools arm embedded/4.9 2014q4/bin/../lib/gcc/arm-none-eabi/4.9.3/armv6-m\libgcc.a(_udivsi3.o)
 .data          0x00000000        0x0 c:/program files (x86)/gnu tools arm embedded/4.9 2014q4/bin/../lib/gcc/arm-none-eabi/4.9.3/armv6-m\libgcc.a(_dvmd_tls.o)
 .bss           0x00000000        0x0 c:/program files (x86)/gnu tools arm embedded/4.9 2014q4/bin/../lib/gcc/arm-none-eabi/4.9.3/armv6-m\libgcc.a(_dvmd_tls.o)
 .data          0x00000000        0x0 c:/program files (x86)/gnu tools arm embedded/4.9 2014q4/bin/../lib/gcc/arm-none-eabi/4.9.3/armv6-m\libgcc.a(_arm_cmpdf2.o)
 .bss           0x00000000        0x0 c:/program files (x86)/gnu tools arm embedded/4.9 2014q4/bin/../lib/gcc/arm-none-eabi/4.9.3/armv6-m\libgcc.a(_arm_cmpdf2.o)
 .data          0x00000000        0x0 c:/program files (x86)/gnu tools arm embedded/4.9 2014q4/bin/../lib/gcc/arm-none-eabi/4.9.3/armv6-m\libgcc.a(_fixunsdfsi.o)
 .bss           0x00000000        0x0 c:/program files (x86)/gnu tools arm embedded/4.9 2014q4/bin/../lib/gcc/arm-none-eabi/4.9.3/armv6-m\libgcc.a(_fixunsdfsi.o)
 .data          0x00000000        0x0 c:/program files (x86)/gnu tools arm embedded/4.9 2014q4/bin/../lib/gcc/arm-none-eabi/4.9.3/armv6-m\libgcc.a(adddf3.o)
 .bss           0x00000000        0x0 c:/program files (x86)/gnu tools arm embedded/4.9 2014q4/bin/../lib/gcc/arm-none-eabi/4.9.3/armv6-m\libgcc.a(adddf3.o)
 .data          0x00000000        0x0 c:/program files (x86)/gnu tools arm embedded/4.9 2014q4/bin/../lib/gcc/arm-none-eabi/4.9.3/armv6-m\libgcc.a(eqdf2.o)
 .bss           0x00000000        0x0 c:/program files (x86)/gnu tools arm embedded/4.9 2014q4/bin/../lib/gcc/arm-none-eabi/4.9.3/armv6-m\libgcc.a(eqdf2.o)
 .data          0x00000000        0x0 c:/program files (x86)/gnu tools arm embedded/4.9 2014q4/bin/../lib/gcc/arm-none-eabi/4.9.3/armv6-m\libgcc.a(gedf2.o)
 .bss           0x00000000        0x0 c:/program files (x86)/gnu tools arm embedded/4.9 2014q4/bin/../lib/gcc/arm-none-eabi/4.9.3/armv6-m\libgcc.a(gedf2.o)
 .data          0x00000000        0x0 c:/program files (x86)/gnu tools arm embedded/4.9 2014q4/bin/../lib/gcc/arm-none-eabi/4.9.3/armv6-m\libgcc.a(ledf2.o)
 .bss           0x00000000        0x0 c:/program files (x86)/gnu tools arm embedded/4.9 2014q4/bin/../lib/gcc/arm-none-eabi/4.9.3/armv6-m\libgcc.a(ledf2.o)
 .data          0x00000000        0x0 c:/program files (x86)/gnu tools arm embedded/4.9 2014q4/bin/../lib/gcc/arm-none-eabi/4.9.3/armv6-m\libgcc.a(muldf3.o)
 .bss           0x00000000        0x0 c:/program files (x86)/gnu tools arm embedded/4.9 2014q4/bin/../lib/gcc/arm-none-eabi/4.9.3/armv6-m\libgcc.a(muldf3.o)
 .data          0x00000000        0x0 c:/program files (x86)/gnu tools arm embedded/4.9 2014q4/bin/../lib/gcc/arm-none-eabi/4.9.3/armv6-m\libgcc.a(subdf3.o)
 .bss           0x00000000        0x0 c:/program files (x86)/gnu tools arm embedded/4.9 2014q4/bin/../lib/gcc/arm-none-eabi/4.9.3/armv6-m\libgcc.a(subdf3.o)
 .data          0x00000000        0x0 c:/program files (x86)/gnu tools arm embedded/4.9 2014q4/bin/../lib/gcc/arm-none-eabi/4.9.3/armv6-m\libgcc.a(fixdfsi.o)
 .bss           0x00000000        0x0 c:/program files (x86)/gnu tools arm embedded/4.9 2014q4/bin/../lib/gcc/arm-none-eabi/4.9.3/armv6-m\libgcc.a(fixdfsi.o)
 .data          0x00000000        0x0 c:/program files (x86)/gnu tools arm embedded/4.9 2014q4/bin/../lib/gcc/arm-none-eabi/4.9.3/armv6-m\libgcc.a(floatunsidf.o)
 .bss           0x00000000        0x0 c:/program files (x86)/gnu tools arm embedded/4.9 2014q4/bin/../lib/gcc/arm-none-eabi/4.9.3/armv6-m\libgcc.a(floatunsidf.o)
 .data          0x00000000        0x0 c:/program files (x86)/gnu tools arm embedded/4.9 2014q4/bin/../lib/gcc/arm-none-eabi/4.9.3/armv6-m\libgcc.a(_clzsi2.o)
 .bss           0x00000000        0x0 c:/program files (x86)/gnu tools arm embedded/4.9 2014q4/bin/../lib/gcc/arm-none-eabi/4.9.3/armv6-m\libgcc.a(_clzsi2.o)
 .text          0x00000000        0x0 c:/program files (x86)/gnu tools arm embedded/4.9 2014q4/bin/../lib/gcc/arm-none-eabi/4.9.3/../../../../arm-none-eabi/lib/armv6-m\libg.a(lib_a-memcpy.o)
 .data          0x00000000        0x0 c:/program files (x86)/gnu tools arm embedded/4.9 2014q4/bin/../lib/gcc/arm-none-eabi/4.9.3/../../../../arm-none-eabi/lib/armv6-m\libg.a(lib_a-memcpy.o)
 .bss           0x00000000        0x0 c:/program files (x86)/gnu tools arm embedded/4.9 2014q4/bin/../lib/gcc/arm-none-eabi/4.9.3/../../../../arm-none-eabi/lib/armv6-m\libg.a(lib_a-memcpy.o)
 .text.memcpy   0x00000000       0x7c c:/program files (x86)/gnu tools arm embedded/4.9 2014q4/bin/../lib/gcc/arm-none-eabi/4.9.3/../../../../arm-none-eabi/lib/armv6-m\libg.a(lib_a-memcpy.o)
 .debug_frame   0x00000000       0x2c c:/program files (x86)/gnu tools arm embedded/4.9 2014q4/bin/../lib/gcc/arm-none-eabi/4.9.3/../../../../arm-none-eabi/lib/armv6-m\libg.a(lib_a-memcpy.o)
 .ARM.attributes
                0x00000000       0x2c c:/program files (x86)/gnu tools arm embedded/4.9 2014q4/bin/../lib/gcc/arm-none-eabi/4.9.3/../../../../arm-none-eabi/lib/armv6-m\libg.a(lib_a-memcpy.o)

Memory Configuration

Name             Origin             Length             Attributes
rom              0x00000000         0x00010000         xr
ram              0x20000000         0x00001000         xrw
*default*        0x00000000         0xffffffff

Linker script and memory map

                0x20001000                _eram = 0x20001000

.text           0x00000000     0x6200
 *(.isr_vector)
 .isr_vector    0x00000000       0xc0 ..\obj\startup_M051Series.o
                0x00000000                g_pfnVectors
 *(.text*)
 .text.SYS_SysTickDelay
                0x000000c0       0x3c ..\obj\control.o
 .text.CONTROL_INIT
                0x000000fc       0x64 ..\obj\control.o
                0x000000fc                CONTROL_INIT
 .text.CONTROL_WORKER
                0x00000160       0xa4 ..\obj\control.o
                0x00000160                CONTROL_WORKER
 .text.Default_Reset_Handler
                0x00000204       0x64 ..\obj\startup_M051Series.o
                0x00000204                Default_Reset_Handler
                0x00000204                Reset_Handler
 .text.Default_Handler
                0x00000268        0x8 ..\obj\startup_M051Series.o
                0x00000268                HardFault_Handler
                0x00000268                SysTick_Handler
                0x00000268                PendSV_Handler
                0x00000268                NMI_Handler
                0x00000268                UART1_IRQHandler
                0x00000268                PS2_IRQHandler
                0x00000268                UART0_IRQHandler
                0x00000268                USBD_IRQHandler
                0x00000268                SPI1_IRQHandler
                0x00000268                TMR0_IRQHandler
                0x00000268                I2S_IRQHandler
                0x00000268                PWRWU_IRQHandler
                0x00000268                EINT1_IRQHandler
                0x00000268                ADC_IRQHandler
                0x00000268                BOD_IRQHandler
                0x00000268                SPI2_IRQHandler
                0x00000268                I2C_IRQHandler
                0x00000268                WDT_IRQHandler
                0x00000268                SVC_Handler
                0x00000268                PDMA_IRQHandler
                0x00000268                EINT0_IRQHandler
                0x00000268                TMR3_IRQHandler
                0x00000268                SPI0_IRQHandler
                0x00000268                SPI3_IRQHandler
                0x00000268                TMR1_IRQHandler
                0x00000268                GPIOP2P3P4_IRQHandler
 .text.NVIC_EnableIRQ
                0x00000270       0x2c ..\obj\expwm.o
 .text.EXPWM_Init
                0x0000029c      0x30c ..\obj\expwm.o
                0x0000029c                EXPWM_Init
 .text.EXPWM_SetDuty
                0x000005a8       0x70 ..\obj\expwm.o
                0x000005a8                EXPWM_SetDuty
 .text.EXPWM_GetDuty
                0x00000618       0x50 ..\obj\expwm.o
                0x00000618                EXPWM_GetDuty
 .text.PWMA_IRQHandler
                0x00000668       0x48 ..\obj\expwm.o
                0x00000668                PWMA_IRQHandler
 .text.PWMB_IRQHandler
                0x000006b0       0x4c ..\obj\expwm.o
                0x000006b0                PWMB_IRQHandler
 .text.SYS_SysTickDelay
                0x000006fc       0x3c ..\obj\calibration.o
 .text.CALIBRATION_START
                0x00000738       0xe8 ..\obj\calibration.o
                0x00000738                CALIBRATION_START
 .text.NVIC_EnableIRQ
                0x00000820       0x2c ..\obj\main.o
 .text.NVIC_SetPriority
                0x0000084c       0xd4 ..\obj\main.o
 .text.SYS_WaitingForClockReady
                0x00000920       0x38 ..\obj\main.o
 .text.SYS_SysTickDelay
                0x00000958       0x3c ..\obj\main.o
 .text.SYS_UnlockReg
                0x00000994       0x3c ..\obj\main.o
 .text.SYS_LockReg
                0x000009d0       0x14 ..\obj\main.o
 .text.GPIO_EnableInt
                0x000009e4       0x3c ..\obj\main.o
 .text.SYS_Init
                0x00000a20       0x8c ..\obj\main.o
                0x00000a20                SYS_Init
 .text.RPM_Clear
                0x00000aac       0x4c ..\obj\main.o
                0x00000aac                RPM_Clear
 .text.RPM_Add  0x00000af8       0x70 ..\obj\main.o
                0x00000af8                RPM_Add
 .text.TMR2_IRQHandler
                0x00000b68      0x104 ..\obj\main.o
                0x00000b68                TMR2_IRQHandler
 .text.DisplayPWM_Callback
                0x00000c6c       0x9c ..\obj\main.o
                0x00000c6c                DisplayPWM_Callback
 .text.RPM_COUNT_GetPeriodLength
                0x00000d08       0x24 ..\obj\main.o
                0x00000d08                RPM_COUNT_GetPeriodLength
 .text.GPIOP0P1_IRQHandler
                0x00000d2c       0x88 ..\obj\main.o
                0x00000d2c                GPIOP0P1_IRQHandler
 .text.ENCODER_Init
                0x00000db4       0x8c ..\obj\main.o
                0x00000db4                ENCODER_Init
 .text.ENCODER_Callback
                0x00000e40       0x9c ..\obj\main.o
                0x00000e40                ENCODER_Callback
 .text.RPM_Init
                0x00000edc       0x58 ..\obj\main.o
                0x00000edc                RPM_Init
 .text.TEST_INIT
                0x00000f34       0x40 ..\obj\main.o
                0x00000f34                TEST_INIT
 .text.DisplayPWM_Init
                0x00000f74       0x4c ..\obj\main.o
                0x00000f74                DisplayPWM_Init
 .text.main     0x00000fc0       0x8c ..\obj\main.o
                0x00000fc0                main
 .text.DISPLAY_Init
                0x0000104c       0x18 ..\obj\display.o
                0x0000104c                DISPLAY_Init
 .text.DISPLAY_Mode
                0x00001064       0xc0 ..\obj\display.o
                0x00001064                DISPLAY_Mode
 .text.DISPLAY_RPM
                0x00001124       0x80 ..\obj\display.o
                0x00001124                DISPLAY_RPM
 .text.DISPLAY_DUTY
                0x000011a4       0x88 ..\obj\display.o
                0x000011a4                DISPLAY_DUTY
 .text.DISPLAY_RPM_SET
                0x0000122c       0x84 ..\obj\display.o
                0x0000122c                DISPLAY_RPM_SET
 .text.DISPLAY_CTRL_MODE
                0x000012b0       0x94 ..\obj\display.o
                0x000012b0                DISPLAY_CTRL_MODE
 .text.DISPLAY_CAL_DATA
                0x00001344       0xb0 ..\obj\display.o
                0x00001344                DISPLAY_CAL_DATA
 .text.SYS_SysTickDelay
                0x000013f4       0x3c ..\obj\motor.o
 .text.Motor_Init
                0x00001430       0x38 ..\obj\motor.o
                0x00001430                Motor_Init
 .text.Motor_GetDuty
                0x00001468       0x14 ..\obj\motor.o
                0x00001468                Motor_GetDuty
 .text.Motor_GracefullStop
                0x0000147c       0x4c ..\obj\motor.o
                0x0000147c                Motor_GracefullStop
 .text.SYS_UnlockReg
                0x000014c8       0x3c ..\obj\system_M051Series.o
 .text.SYS_LockReg
                0x00001504       0x14 ..\obj\system_M051Series.o
 .text.SystemInit
                0x00001518       0xb8 ..\obj\system_M051Series.o
                0x00001518                SystemInit
 .text.SERIAL_Init
                0x000015d0       0x84 ..\obj\serial.o
                0x000015d0                SERIAL_Init
 .text.SERIAL_SendStr
                0x00001654       0x38 ..\obj\serial.o
                0x00001654                SERIAL_SendStr
 .text.SERIAL_SendULong
                0x0000168c       0x78 ..\obj\serial.o
                0x0000168c                SERIAL_SendULong
 .text.SYS_SysTickDelay
                0x00001704       0x3c ..\obj\ili9341.o
 .text.ILI9341_SPISend
                0x00001740       0xbc ..\obj\ili9341.o
                0x00001740                ILI9341_SPISend
 .text.ILI9341_SPISendRaw
                0x000017fc       0x28 ..\obj\ili9341.o
                0x000017fc                ILI9341_SPISendRaw
 .text.ILI9341_SPIDataLen
                0x00001824       0x44 ..\obj\ili9341.o
                0x00001824                ILI9341_SPIDataLen
 .text.ILI9341_HardReset
                0x00001868       0x2c ..\obj\ili9341.o
                0x00001868                ILI9341_HardReset
 .text.ILI9341_Init
                0x00001894      0x464 ..\obj\ili9341.o
                0x00001894                ILI9341_Init
 .text.ILI9341_DrawPixel
                0x00001cf8       0x48 ..\obj\ili9341.o
                0x00001cf8                ILI9341_DrawPixel
 .text.ILI9341_SetCursorPosition
                0x00001d40       0x58 ..\obj\ili9341.o
                0x00001d40                ILI9341_SetCursorPosition
 .text.ILI9341_FillScreen
                0x00001d98       0x54 ..\obj\ili9341.o
                0x00001d98                ILI9341_FillScreen
 .text.ILI9341_FilledReactangle
                0x00001dec       0x68 ..\obj\ili9341.o
                0x00001dec                ILI9341_FilledReactangle
 .text.ILI9341_PrintChar
                0x00001e54       0xf4 ..\obj\ili9341.o
                0x00001e54                ILI9341_PrintChar
 .text.ILI9341_PrintStr
                0x00001f48       0x54 ..\obj\ili9341.o
                0x00001f48                ILI9341_PrintStr
 .text.ILI9341_DisplayN_POS
                0x00001f9c      0x2e0 ..\obj\ili9341.o
                0x00001f9c                ILI9341_DisplayN_POS
 .text.pid_Limit
                0x0000227c       0x48 ..\obj\pid.o
                0x0000227c                pid_Limit
 .text.PID_Compute
                0x000022c4      0x14c ..\obj\pid.o
                0x000022c4                PID_Compute
 .text.PID_Worker
                0x00002410       0xa4 ..\obj\pid.o
                0x00002410                PID_Worker
 .text.PID_Init
                0x000024b4       0x98 ..\obj\pid.o
                0x000024b4                PID_Init
 .text          0x0000254c      0x120 c:/program files (x86)/gnu tools arm embedded/4.9 2014q4/bin/../lib/gcc/arm-none-eabi/4.9.3/armv6-m\libgcc.a(_udivsi3.o)
                0x0000254c                __aeabi_uidiv
                0x0000254c                __udivsi3
                0x00002658                __aeabi_uidivmod
 .text          0x0000266c        0x4 c:/program files (x86)/gnu tools arm embedded/4.9 2014q4/bin/../lib/gcc/arm-none-eabi/4.9.3/armv6-m\libgcc.a(_dvmd_tls.o)
                0x0000266c                __aeabi_idiv0
                0x0000266c                __aeabi_ldiv0
 .text          0x00002670       0x7c c:/program files (x86)/gnu tools arm embedded/4.9 2014q4/bin/../lib/gcc/arm-none-eabi/4.9.3/armv6-m\libgcc.a(_arm_cmpdf2.o)
                0x00002670                __aeabi_cdrcmple
                0x00002680                __aeabi_cdcmple
                0x00002680                __aeabi_cdcmpeq
                0x00002690                __aeabi_dcmpeq
                0x0000269c                __aeabi_dcmplt
                0x000026b0                __aeabi_dcmple
                0x000026c4                __aeabi_dcmpgt
                0x000026d8                __aeabi_dcmpge
 .text          0x000026ec       0x3c c:/program files (x86)/gnu tools arm embedded/4.9 2014q4/bin/../lib/gcc/arm-none-eabi/4.9.3/armv6-m\libgcc.a(_fixunsdfsi.o)
                0x000026ec                __aeabi_d2uiz
                0x000026ec                __fixunsdfsi
 .text          0x00002728      0x650 c:/program files (x86)/gnu tools arm embedded/4.9 2014q4/bin/../lib/gcc/arm-none-eabi/4.9.3/armv6-m\libgcc.a(adddf3.o)
                0x00002728                __aeabi_dadd
 .text          0x00002d78       0x88 c:/program files (x86)/gnu tools arm embedded/4.9 2014q4/bin/../lib/gcc/arm-none-eabi/4.9.3/armv6-m\libgcc.a(eqdf2.o)
                0x00002d78                __nedf2
                0x00002d78                __eqdf2
 .text          0x00002e00       0xe0 c:/program files (x86)/gnu tools arm embedded/4.9 2014q4/bin/../lib/gcc/arm-none-eabi/4.9.3/armv6-m\libgcc.a(gedf2.o)
                0x00002e00                __gedf2
                0x00002e00                __gtdf2
 .text          0x00002ee0       0xcc c:/program files (x86)/gnu tools arm embedded/4.9 2014q4/bin/../lib/gcc/arm-none-eabi/4.9.3/armv6-m\libgcc.a(ledf2.o)
                0x00002ee0                __ledf2
                0x00002ee0                __ltdf2
 .text          0x00002fac      0x534 c:/program files (x86)/gnu tools arm embedded/4.9 2014q4/bin/../lib/gcc/arm-none-eabi/4.9.3/armv6-m\libgcc.a(muldf3.o)
                0x00002fac                __aeabi_dmul
 .text          0x000034e0      0x6f4 c:/program files (x86)/gnu tools arm embedded/4.9 2014q4/bin/../lib/gcc/arm-none-eabi/4.9.3/armv6-m\libgcc.a(subdf3.o)
                0x000034e0                __aeabi_dsub
 .text          0x00003bd4       0x6c c:/program files (x86)/gnu tools arm embedded/4.9 2014q4/bin/../lib/gcc/arm-none-eabi/4.9.3/armv6-m\libgcc.a(fixdfsi.o)
                0x00003bd4                __aeabi_d2iz
 .text          0x00003c40       0x64 c:/program files (x86)/gnu tools arm embedded/4.9 2014q4/bin/../lib/gcc/arm-none-eabi/4.9.3/armv6-m\libgcc.a(floatunsidf.o)
                0x00003c40                __aeabi_ui2d
 .text          0x00003ca4       0x3c c:/program files (x86)/gnu tools arm embedded/4.9 2014q4/bin/../lib/gcc/arm-none-eabi/4.9.3/armv6-m\libgcc.a(_clzsi2.o)
                0x00003ca4                __clzsi2
 *(.init)
 *(.fini)
 *crtbegin.o(.ctors)
 *crtbegin?.o(.ctors)
 *(EXCLUDE_FILE(*crtend.o *crtend?.o) .ctors)
 *(SORT(.ctors.*))
 *(.ctors)
 *crtbegin.o(.dtors)
 *crtbegin?.o(.dtors)
 *(EXCLUDE_FILE(*crtend.o *crtend?.o) .dtors)
 *(SORT(.dtors.*))
 *(.dtors)
 *(.rodata*)
 .rodata        0x00003ce0     0x2490 ..\obj\ili9341_fonts.o
                0x00003ce0                arrFont7x10
                0x00004098                Font7x10
                0x000040a8                arrFont11x18
                0x00004e04                Font11x18
                0x00004e14                arrFont16x26
                0x00006160                Font16x26
 .rodata        0x00006170        0x4 ..\obj\calibration.o
 .rodata        0x00006174       0x10 ..\obj\main.o
                0x00006174                ENCODER_TABLE
 .rodata        0x00006184       0x3c ..\obj\display.o
 .rodata        0x000061c0       0x40 c:/program files (x86)/gnu tools arm embedded/4.9 2014q4/bin/../lib/gcc/arm-none-eabi/4.9.3/armv6-m\libgcc.a(muldf3.o)
 *(.eh_fram e*)

.glue_7         0x00006200        0x0
 .glue_7        0x00000000        0x0 linker stubs

.glue_7t        0x00006200        0x0
 .glue_7t       0x00000000        0x0 linker stubs

.vfp11_veneer   0x00006200        0x0
 .vfp11_veneer  0x00000000        0x0 linker stubs

.v4_bx          0x00006200        0x0
 .v4_bx         0x00000000        0x0 linker stubs

.iplt           0x00006200        0x0
 .iplt          0x00000000        0x0 ..\obj\control.o

.rel.dyn        0x00006200        0x0
 .rel.iplt      0x00000000        0x0 ..\obj\control.o

.ARM.extab
 *(.ARM.extab* .gnu.linkonce.armextab.*)
                0x00006200                __exidx_start = .

.ARM.exidx
 *(.ARM.exidx* .gnu.linkonce.armexidx.*)
                0x00006200                __exidx_end = .
                0x00006200                __etext = .
                0x00006200                _sidata = __etext

.data           0x20000000       0x10 load address 0x00006200
                0x20000000                __data_start__ = .
                0x20000000                _sdata = __data_start__
 *(vtable)
 *(.data*)
 .data          0x20000000        0x1 ..\obj\control.o
                0x20000000                CONTROL_MODE
 .data          0x20000001        0x1 ..\obj\display.o
                0x20000001                display_busy
 *fill*         0x20000002        0x2 
 .data          0x20000004        0xc ..\obj\system_M051Series.o
                0x20000004                SystemCoreClock
                0x20000008                CyclesPerUs
                0x2000000c                PllClock
                0x20000010                . = ALIGN (0x4)
                0x20000010                PROVIDE (__preinit_array_start, .)
 *(.preinit_array)
                0x20000010                PROVIDE (__preinit_array_end, .)
                0x20000010                . = ALIGN (0x4)
                0x20000010                PROVIDE (__init_array_start, .)
 *(SORT(.init_array.*))
 *(.init_array)
                0x20000010                PROVIDE (__init_array_end, .)
                0x20000010                . = ALIGN (0x4)
                0x20000010                PROVIDE (__fini_array_start, .)
 *(SORT(.fini_array.*))
 *(.fini_array)
                0x20000010                PROVIDE (__fini_array_end, .)
 *(.jcr*)
                0x20000010                . = ALIGN (0x4)
                0x20000010                __data_end__ = .
                0x20000010                _edata = __data_end__

.igot.plt       0x20000010        0x0 load address 0x00006210
 .igot.plt      0x00000000        0x0 ..\obj\control.o

.bss            0x20000010      0x150 load address 0x00006210
                0x20000010                . = ALIGN (0x4)
                0x20000010                __bss_start__ = .
                0x20000010                _sbss = __bss_start__
 *(.bss*)
 .bss           0x20000010        0x8 ..\obj\control.o
                0x20000010                CONTROL_FUNCTION
                0x20000014                CONTROL_RPM_SET
 .bss           0x20000018        0x6 ..\obj\expwm.o
                0x20000018                _expwm_pwma_isinit
                0x20000019                _expwm_pwmb_isinit
                0x2000001a                _expwm_pwm01_isinit
                0x2000001b                _expwm_pwm23_isinit
                0x2000001c                _expwm_pwm45_isinit
                0x2000001d                _expwm_pwm67_isinit
 *fill*         0x2000001e        0x2 
 .bss           0x20000020       0x54 ..\obj\main.o
 .bss           0x20000074        0x8 ..\obj\display.o
                0x20000074                display_rpm_set_state
                0x20000078                display_graph_prev
 *(COMMON)
 COMMON         0x2000007c       0x20 ..\obj\expwm.o
                0x2000007c                _expwm_callback_arr
 COMMON         0x2000009c       0x34 ..\obj\main.o
                0x2000009c                GLOBAL_MOTOR_RPMPRESET_CHANGED
                0x200000a0                DisplayPWM
                0x200000b4                GLOBAL_MOTOR_DUTY_CHANGED
                0x200000b8                TestPWM
                0x200000cc                ENCODER_USER_Callback
 COMMON         0x200000d0        0x1 ..\obj\display.o
                0x200000d0                display_mode
 *fill*         0x200000d1        0x3 
 COMMON         0x200000d4       0x14 ..\obj\motor.o
                0x200000d4                MotorPWM
 COMMON         0x200000e8       0x78 ..\obj\pid.o
                0x200000e8                PID_PWM
                0x20000100                PID_DATA
                0x20000160                . = ALIGN (0x4)
                0x20000160                __bss_end__ = .
                0x20000160                _ebss = __bss_end__

.heap           0x20000160        0x0
                0x20000160                __end__ = .
                0x20000160                _end = __end__
                0x20000160                end = __end__
 *(.heap*)
                0x20000160                __HeapLimit = .

.co_stack       0x20000160      0x400 load address 0x00006360
                0x20000160                . = ALIGN (0x8)
 *(.co_stack .co_stack.*)
 .co_stack      0x20000160      0x400 ..\obj\startup_M051Series.o
                0x20000160                pulStack
                0x20001000                __StackTop = (ORIGIN (ram) + 0x1000)
                0x20000c00                __StackLimit = (__StackTop - SIZEOF (.co_stack))
                0x20001000                PROVIDE (__stack, __StackTop)
                0x00000001                ASSERT ((__StackLimit >= __HeapLimit), region ram  overflowed with stack)
LOAD ..\obj\control.o
LOAD ..\obj\startup_M051Series.o
LOAD ..\obj\ili9341_fonts.o
LOAD ..\obj\expwm.o
LOAD ..\obj\calibration.o
LOAD ..\obj\main.o
LOAD ..\obj\display.o
LOAD ..\obj\motor.o
LOAD ..\obj\hd44780.o
LOAD ..\obj\system_M051Series.o
LOAD ..\obj\serial.o
LOAD ..\obj\ili9341.o
LOAD ..\obj\pid.o
START GROUP
LOAD c:/program files (x86)/gnu tools arm embedded/4.9 2014q4/bin/../lib/gcc/arm-none-eabi/4.9.3/armv6-m\libgcc.a
LOAD c:/program files (x86)/gnu tools arm embedded/4.9 2014q4/bin/../lib/gcc/arm-none-eabi/4.9.3/../../../../arm-none-eabi/lib/armv6-m\libg.a
LOAD c:/program files (x86)/gnu tools arm embedded/4.9 2014q4/bin/../lib/gcc/arm-none-eabi/4.9.3/../../../../arm-none-eabi/lib/armv6-m\libc.a
END GROUP
OUTPUT(PWM.elf elf32-littlearm)

.debug_info     0x00000000     0x31e4
 .debug_info    0x00000000      0x248 ..\obj\control.o
 .debug_info    0x00000248       0xff ..\obj\startup_M051Series.o
 .debug_info    0x00000347      0x12a ..\obj\ili9341_fonts.o
 .debug_info    0x00000471      0x853 ..\obj\expwm.o
 .debug_info    0x00000cc4      0x2d9 ..\obj\calibration.o
 .debug_info    0x00000f9d      0xae5 ..\obj\main.o
 .debug_info    0x00001a82      0x223 ..\obj\display.o
 .debug_info    0x00001ca5      0x204 ..\obj\motor.o
 .debug_info    0x00001ea9      0x41a ..\obj\system_M051Series.o
 .debug_info    0x000022c3      0x3d2 ..\obj\serial.o
 .debug_info    0x00002695      0x857 ..\obj\ili9341.o
 .debug_info    0x00002eec      0x2f8 ..\obj\pid.o

.debug_abbrev   0x00000000      0xf75
 .debug_abbrev  0x00000000      0x120 ..\obj\control.o
 .debug_abbrev  0x00000120       0xa7 ..\obj\startup_M051Series.o
 .debug_abbrev  0x000001c7       0x84 ..\obj\ili9341_fonts.o
 .debug_abbrev  0x0000024b      0x1c7 ..\obj\expwm.o
 .debug_abbrev  0x00000412      0x14a ..\obj\calibration.o
 .debug_abbrev  0x0000055c      0x2b5 ..\obj\main.o
 .debug_abbrev  0x00000811       0xdc ..\obj\display.o
 .debug_abbrev  0x000008ed      0x14a ..\obj\motor.o
 .debug_abbrev  0x00000a37      0x115 ..\obj\system_M051Series.o
 .debug_abbrev  0x00000b4c      0x16c ..\obj\serial.o
 .debug_abbrev  0x00000cb8      0x1ab ..\obj\ili9341.o
 .debug_abbrev  0x00000e63      0x112 ..\obj\pid.o

.debug_aranges  0x00000000      0x348
 .debug_aranges
                0x00000000       0x30 ..\obj\control.o
 .debug_aranges
                0x00000030       0x28 ..\obj\startup_M051Series.o
 .debug_aranges
                0x00000058       0x18 ..\obj\ili9341_fonts.o
 .debug_aranges
                0x00000070       0x48 ..\obj\expwm.o
 .debug_aranges
                0x000000b8       0x28 ..\obj\calibration.o
 .debug_aranges
                0x000000e0       0xb8 ..\obj\main.o
 .debug_aranges
                0x00000198       0x50 ..\obj\display.o
 .debug_aranges
                0x000001e8       0x38 ..\obj\motor.o
 .debug_aranges
                0x00000220       0x40 ..\obj\system_M051Series.o
 .debug_aranges
                0x00000260       0x30 ..\obj\serial.o
 .debug_aranges
                0x00000290       0x80 ..\obj\ili9341.o
 .debug_aranges
                0x00000310       0x38 ..\obj\pid.o

.debug_ranges   0x00000000      0x280
 .debug_ranges  0x00000000       0x20 ..\obj\control.o
 .debug_ranges  0x00000020       0x18 ..\obj\startup_M051Series.o
 .debug_ranges  0x00000038       0x38 ..\obj\expwm.o
 .debug_ranges  0x00000070       0x18 ..\obj\calibration.o
 .debug_ranges  0x00000088       0xa8 ..\obj\main.o
 .debug_ranges  0x00000130       0x40 ..\obj\display.o
 .debug_ranges  0x00000170       0x28 ..\obj\motor.o
 .debug_ranges  0x00000198       0x30 ..\obj\system_M051Series.o
 .debug_ranges  0x000001c8       0x20 ..\obj\serial.o
 .debug_ranges  0x000001e8       0x70 ..\obj\ili9341.o
 .debug_ranges  0x00000258       0x28 ..\obj\pid.o

.debug_line     0x00000000     0x2236
 .debug_line    0x00000000      0x324 ..\obj\control.o
 .debug_line    0x00000324       0xd6 ..\obj\startup_M051Series.o
 .debug_line    0x000003fa       0x9a ..\obj\ili9341_fonts.o
 .debug_line    0x00000494      0x38c ..\obj\expwm.o
 .debug_line    0x00000820      0x35f ..\obj\calibration.o
 .debug_line    0x00000b7f      0x587 ..\obj\main.o
 .debug_line    0x00001106      0x178 ..\obj\display.o
 .debug_line    0x0000127e      0x32d ..\obj\motor.o
 .debug_line    0x000015ab      0x287 ..\obj\system_M051Series.o
 .debug_line    0x00001832      0x223 ..\obj\serial.o
 .debug_line    0x00001a55      0x58a ..\obj\ili9341.o
 .debug_line    0x00001fdf      0x257 ..\obj\pid.o

.debug_str      0x00000000     0x1306
 .debug_str     0x00000000      0x23a ..\obj\control.o
                                0x27c (size before relaxing)
 .debug_str     0x0000023a       0xec ..\obj\startup_M051Series.o
                                0x183 (size before relaxing)
 .debug_str     0x00000326       0xb2 ..\obj\ili9341_fonts.o
                                0x187 (size before relaxing)
 .debug_str     0x000003d8      0x4b6 ..\obj\expwm.o
                                0x5f7 (size before relaxing)
 .debug_str     0x0000088e       0xb3 ..\obj\calibration.o
                                0x2a5 (size before relaxing)
 .debug_str     0x00000941      0x327 ..\obj\main.o
                                0x7e4 (size before relaxing)
 .debug_str     0x00000c68      0x11e ..\obj\display.o
                                0x235 (size before relaxing)
 .debug_str     0x00000d86       0x7e ..\obj\motor.o
                                0x271 (size before relaxing)
 .debug_str     0x00000e04      0x1ac ..\obj\system_M051Series.o
                                0x40d (size before relaxing)
 .debug_str     0x00000fb0       0x8c ..\obj\serial.o
                                0x2cc (size before relaxing)
 .debug_str     0x0000103c      0x1d1 ..\obj\ili9341.o
                                0x498 (size before relaxing)
 .debug_str     0x0000120d       0xf9 ..\obj\pid.o
                                0x2fc (size before relaxing)

.comment        0x00000000       0x70
 .comment       0x00000000       0x70 ..\obj\control.o
                                 0x71 (size before relaxing)
 .comment       0x00000000       0x71 ..\obj\startup_M051Series.o
 .comment       0x00000000       0x71 ..\obj\ili9341_fonts.o
 .comment       0x00000000       0x71 ..\obj\expwm.o
 .comment       0x00000000       0x71 ..\obj\calibration.o
 .comment       0x00000000       0x71 ..\obj\main.o
 .comment       0x00000000       0x71 ..\obj\display.o
 .comment       0x00000000       0x71 ..\obj\motor.o
 .comment       0x00000000       0x71 ..\obj\system_M051Series.o
 .comment       0x00000000       0x71 ..\obj\serial.o
 .comment       0x00000000       0x71 ..\obj\ili9341.o
 .comment       0x00000000       0x71 ..\obj\pid.o

.ARM.attributes
                0x00000000       0x31
 .ARM.attributes
                0x00000000       0x31 ..\obj\control.o
 .ARM.attributes
                0x00000031       0x31 ..\obj\startup_M051Series.o
 .ARM.attributes
                0x00000062       0x31 ..\obj\ili9341_fonts.o
 .ARM.attributes
                0x00000093       0x31 ..\obj\expwm.o
 .ARM.attributes
                0x000000c4       0x31 ..\obj\calibration.o
 .ARM.attributes
                0x000000f5       0x31 ..\obj\main.o
 .ARM.attributes
                0x00000126       0x31 ..\obj\display.o
 .ARM.attributes
                0x00000157       0x31 ..\obj\motor.o
 .ARM.attributes
                0x00000188       0x31 ..\obj\system_M051Series.o
 .ARM.attributes
                0x000001b9       0x31 ..\obj\serial.o
 .ARM.attributes
                0x000001ea       0x31 ..\obj\ili9341.o
 .ARM.attributes
                0x0000021b       0x31 ..\obj\pid.o
 .ARM.attributes
                0x0000024c       0x1e c:/program files (x86)/gnu tools arm embedded/4.9 2014q4/bin/../lib/gcc/arm-none-eabi/4.9.3/armv6-m\libgcc.a(_udivsi3.o)
 .ARM.attributes
                0x0000026a       0x1e c:/program files (x86)/gnu tools arm embedded/4.9 2014q4/bin/../lib/gcc/arm-none-eabi/4.9.3/armv6-m\libgcc.a(_dvmd_tls.o)
 .ARM.attributes
                0x00000288       0x1e c:/program files (x86)/gnu tools arm embedded/4.9 2014q4/bin/../lib/gcc/arm-none-eabi/4.9.3/armv6-m\libgcc.a(_arm_cmpdf2.o)
 .ARM.attributes
                0x000002a6       0x2c c:/program files (x86)/gnu tools arm embedded/4.9 2014q4/bin/../lib/gcc/arm-none-eabi/4.9.3/armv6-m\libgcc.a(_fixunsdfsi.o)
 .ARM.attributes
                0x000002d2       0x2c c:/program files (x86)/gnu tools arm embedded/4.9 2014q4/bin/../lib/gcc/arm-none-eabi/4.9.3/armv6-m\libgcc.a(adddf3.o)
 .ARM.attributes
                0x000002fe       0x2c c:/program files (x86)/gnu tools arm embedded/4.9 2014q4/bin/../lib/gcc/arm-none-eabi/4.9.3/armv6-m\libgcc.a(eqdf2.o)
 .ARM.attributes
                0x0000032a       0x2c c:/program files (x86)/gnu tools arm embedded/4.9 2014q4/bin/../lib/gcc/arm-none-eabi/4.9.3/armv6-m\libgcc.a(gedf2.o)
 .ARM.attributes
                0x00000356       0x2c c:/program files (x86)/gnu tools arm embedded/4.9 2014q4/bin/../lib/gcc/arm-none-eabi/4.9.3/armv6-m\libgcc.a(ledf2.o)
 .ARM.attributes
                0x00000382       0x2c c:/program files (x86)/gnu tools arm embedded/4.9 2014q4/bin/../lib/gcc/arm-none-eabi/4.9.3/armv6-m\libgcc.a(muldf3.o)
 .ARM.attributes
                0x000003ae       0x2c c:/program files (x86)/gnu tools arm embedded/4.9 2014q4/bin/../lib/gcc/arm-none-eabi/4.9.3/armv6-m\libgcc.a(subdf3.o)
 .ARM.attributes
                0x000003da       0x2c c:/program files (x86)/gnu tools arm embedded/4.9 2014q4/bin/../lib/gcc/arm-none-eabi/4.9.3/armv6-m\libgcc.a(fixdfsi.o)
 .ARM.attributes
                0x00000406       0x2c c:/program files (x86)/gnu tools arm embedded/4.9 2014q4/bin/../lib/gcc/arm-none-eabi/4.9.3/armv6-m\libgcc.a(floatunsidf.o)
 .ARM.attributes
                0x00000432       0x1e c:/program files (x86)/gnu tools arm embedded/4.9 2014q4/bin/../lib/gcc/arm-none-eabi/4.9.3/armv6-m\libgcc.a(_clzsi2.o)

.debug_frame    0x00000000      0xb0c
 .debug_frame   0x00000000       0x6c ..\obj\control.o
 .debug_frame   0x0000006c       0x4c ..\obj\startup_M051Series.o
 .debug_frame   0x000000b8       0xd0 ..\obj\expwm.o
 .debug_frame   0x00000188       0x50 ..\obj\calibration.o
 .debug_frame   0x000001d8      0x270 ..\obj\main.o
 .debug_frame   0x00000448       0xf0 ..\obj\display.o
 .debug_frame   0x00000538       0x88 ..\obj\motor.o
 .debug_frame   0x000005c0       0xa8 ..\obj\system_M051Series.o
 .debug_frame   0x00000668       0x6c ..\obj\serial.o
 .debug_frame   0x000006d4      0x1ac ..\obj\ili9341.o
 .debug_frame   0x00000880       0x94 ..\obj\pid.o
 .debug_frame   0x00000914       0x20 c:/program files (x86)/gnu tools arm embedded/4.9 2014q4/bin/../lib/gcc/arm-none-eabi/4.9.3/armv6-m\libgcc.a(_udivsi3.o)
 .debug_frame   0x00000934       0x2c c:/program files (x86)/gnu tools arm embedded/4.9 2014q4/bin/../lib/gcc/arm-none-eabi/4.9.3/armv6-m\libgcc.a(_fixunsdfsi.o)
 .debug_frame   0x00000960       0x38 c:/program files (x86)/gnu tools arm embedded/4.9 2014q4/bin/../lib/gcc/arm-none-eabi/4.9.3/armv6-m\libgcc.a(adddf3.o)
 .debug_frame   0x00000998       0x38 c:/program files (x86)/gnu tools arm embedded/4.9 2014q4/bin/../lib/gcc/arm-none-eabi/4.9.3/armv6-m\libgcc.a(eqdf2.o)
 .debug_frame   0x000009d0       0x38 c:/program files (x86)/gnu tools arm embedded/4.9 2014q4/bin/../lib/gcc/arm-none-eabi/4.9.3/armv6-m\libgcc.a(gedf2.o)
 .debug_frame   0x00000a08       0x38 c:/program files (x86)/gnu tools arm embedded/4.9 2014q4/bin/../lib/gcc/arm-none-eabi/4.9.3/armv6-m\libgcc.a(ledf2.o)
 .debug_frame   0x00000a40       0x3c c:/program files (x86)/gnu tools arm embedded/4.9 2014q4/bin/../lib/gcc/arm-none-eabi/4.9.3/armv6-m\libgcc.a(muldf3.o)
 .debug_frame   0x00000a7c       0x3c c:/program files (x86)/gnu tools arm embedded/4.9 2014q4/bin/../lib/gcc/arm-none-eabi/4.9.3/armv6-m\libgcc.a(subdf3.o)
 .debug_frame   0x00000ab8       0x2c c:/program files (x86)/gnu tools arm embedded/4.9 2014q4/bin/../lib/gcc/arm-none-eabi/4.9.3/armv6-m\libgcc.a(fixdfsi.o)
 .debug_frame   0x00000ae4       0x28 c:/program files (x86)/gnu tools arm embedded/4.9 2014q4/bin/../lib/gcc/arm-none-eabi/4.9.3/armv6-m\libgcc.a(floatunsidf.o)
