Archive member included because of file (symbol)

c:/program files (x86)/gnu tools arm embedded/4.9 2015q1/bin/../lib/gcc/arm-none-eabi/4.9.3/armv6-m\libgcc.a(_udivsi3.o)
                              ..\obj\calibration.o (__aeabi_uidiv)
c:/program files (x86)/gnu tools arm embedded/4.9 2015q1/bin/../lib/gcc/arm-none-eabi/4.9.3/armv6-m\libgcc.a(_dvmd_tls.o)
                              c:/program files (x86)/gnu tools arm embedded/4.9 2015q1/bin/../lib/gcc/arm-none-eabi/4.9.3/armv6-m\libgcc.a(_udivsi3.o) (__aeabi_idiv0)
c:/program files (x86)/gnu tools arm embedded/4.9 2015q1/bin/../lib/gcc/arm-none-eabi/4.9.3/armv6-m\libgcc.a(_arm_cmpdf2.o)
                              ..\obj\pid.o (__aeabi_dcmplt)
c:/program files (x86)/gnu tools arm embedded/4.9 2015q1/bin/../lib/gcc/arm-none-eabi/4.9.3/armv6-m\libgcc.a(adddf3.o)
                              ..\obj\pid.o (__aeabi_dadd)
c:/program files (x86)/gnu tools arm embedded/4.9 2015q1/bin/../lib/gcc/arm-none-eabi/4.9.3/armv6-m\libgcc.a(eqdf2.o)
                              c:/program files (x86)/gnu tools arm embedded/4.9 2015q1/bin/../lib/gcc/arm-none-eabi/4.9.3/armv6-m\libgcc.a(_arm_cmpdf2.o) (__eqdf2)
c:/program files (x86)/gnu tools arm embedded/4.9 2015q1/bin/../lib/gcc/arm-none-eabi/4.9.3/armv6-m\libgcc.a(gedf2.o)
                              c:/program files (x86)/gnu tools arm embedded/4.9 2015q1/bin/../lib/gcc/arm-none-eabi/4.9.3/armv6-m\libgcc.a(_arm_cmpdf2.o) (__gedf2)
c:/program files (x86)/gnu tools arm embedded/4.9 2015q1/bin/../lib/gcc/arm-none-eabi/4.9.3/armv6-m\libgcc.a(ledf2.o)
                              c:/program files (x86)/gnu tools arm embedded/4.9 2015q1/bin/../lib/gcc/arm-none-eabi/4.9.3/armv6-m\libgcc.a(_arm_cmpdf2.o) (__ledf2)
c:/program files (x86)/gnu tools arm embedded/4.9 2015q1/bin/../lib/gcc/arm-none-eabi/4.9.3/armv6-m\libgcc.a(muldf3.o)
                              ..\obj\pid.o (__aeabi_dmul)
c:/program files (x86)/gnu tools arm embedded/4.9 2015q1/bin/../lib/gcc/arm-none-eabi/4.9.3/armv6-m\libgcc.a(subdf3.o)
                              ..\obj\pid.o (__aeabi_dsub)
c:/program files (x86)/gnu tools arm embedded/4.9 2015q1/bin/../lib/gcc/arm-none-eabi/4.9.3/armv6-m\libgcc.a(_clzsi2.o)
                              c:/program files (x86)/gnu tools arm embedded/4.9 2015q1/bin/../lib/gcc/arm-none-eabi/4.9.3/armv6-m\libgcc.a(adddf3.o) (__clzsi2)
c:/program files (x86)/gnu tools arm embedded/4.9 2015q1/bin/../lib/gcc/arm-none-eabi/4.9.3/../../../../arm-none-eabi/lib/armv6-m\libg.a(lib_a-memcpy.o)
                              ..\obj\system_M051Series.o (memcpy)

Allocating common symbols
Common symbol       size              file

DisplayPWM          0x14              ..\obj\main.o
rpm_set_changed     0x1               ..\obj\main.o
display_mode        0x1               ..\obj\display.o
_expwm_callback_arr
                    0x20              ..\obj\expwm.o
GLOBAL_MOTOR_DUTY_CHANGED
                    0x1               ..\obj\main.o
MotorPWM            0x14              ..\obj\motor.o
TestPWM             0x14              ..\obj\main.o
ENCODER_USER_Callback
                    0x4               ..\obj\main.o

Discarded input sections

 .text          0x00000000        0x0 ..\obj\control.o
 .text          0x00000000        0x0 ..\obj\startup_M051Series.o
 .data          0x00000000        0x0 ..\obj\startup_M051Series.o
 .bss           0x00000000        0x0 ..\obj\startup_M051Series.o
 .text          0x00000000        0x0 ..\obj\ili9341_fonts.o
 .data          0x00000000        0x0 ..\obj\ili9341_fonts.o
 .bss           0x00000000        0x0 ..\obj\ili9341_fonts.o
 .text          0x00000000        0x0 ..\obj\expwm.o
 .data          0x00000000        0x0 ..\obj\expwm.o
 .text          0x00000000        0x0 ..\obj\calibration.o
 .data          0x00000000        0x0 ..\obj\calibration.o
 .bss           0x00000000        0x0 ..\obj\calibration.o
 .text          0x00000000        0x0 ..\obj\main.o
 .data          0x00000000        0x0 ..\obj\main.o
 .text          0x00000000        0x0 ..\obj\display.o
 .text          0x00000000        0x0 ..\obj\motor.o
 .data          0x00000000        0x0 ..\obj\motor.o
 .bss           0x00000000        0x0 ..\obj\motor.o
 .text          0x00000000        0x0 ..\obj\hd44780.o
 .data          0x00000000        0x0 ..\obj\hd44780.o
 .bss           0x00000000        0x0 ..\obj\hd44780.o
 .text.SYS_SysTickDelay
                0x00000000       0x3c ..\obj\hd44780.o
 .text.HD44780_Pulse
                0x00000000       0x30 ..\obj\hd44780.o
 .text.HD44780_ClearPins
                0x00000000       0x44 ..\obj\hd44780.o
 .text.HD44780_Write
                0x00000000       0xd4 ..\obj\hd44780.o
 .text.HD44780_CLS
                0x00000000       0x2c ..\obj\hd44780.o
 .text.HD44780_Init
                0x00000000       0xb4 ..\obj\hd44780.o
 .text.HD44780_DisplayString
                0x00000000       0x38 ..\obj\hd44780.o
 .text.HD44780_DisplayN
                0x00000000       0x74 ..\obj\hd44780.o
 .text.HD44780_DisplayN_POS
                0x00000000      0x17c ..\obj\hd44780.o
 .text.HD44780_LocationSet
                0x00000000       0x4c ..\obj\hd44780.o
 .debug_info    0x00000000      0x33d ..\obj\hd44780.o
 .debug_abbrev  0x00000000      0x150 ..\obj\hd44780.o
 .debug_aranges
                0x00000000       0x68 ..\obj\hd44780.o
 .debug_ranges  0x00000000       0x58 ..\obj\hd44780.o
 .debug_line    0x00000000      0x3dc ..\obj\hd44780.o
 .debug_str     0x00000000      0x29d ..\obj\hd44780.o
 .comment       0x00000000       0x71 ..\obj\hd44780.o
 .debug_frame   0x00000000      0x140 ..\obj\hd44780.o
 .ARM.attributes
                0x00000000       0x31 ..\obj\hd44780.o
 .text          0x00000000        0x0 ..\obj\system_M051Series.o
 .bss           0x00000000        0x0 ..\obj\system_M051Series.o
 .rodata        0x00000000       0x24 ..\obj\system_M051Series.o
 .text.DrvSYS_GetPLLClockFreq
                0x00000000       0xb0 ..\obj\system_M051Series.o
 .text.SystemCoreClockUpdate
                0x00000000       0x8c ..\obj\system_M051Series.o
 .text          0x00000000        0x0 ..\obj\serial.o
 .data          0x00000000        0x0 ..\obj\serial.o
 .bss           0x00000000        0x0 ..\obj\serial.o
 .text          0x00000000        0x0 ..\obj\ili9341.o
 .data          0x00000000        0x0 ..\obj\ili9341.o
 .bss           0x00000000        0x0 ..\obj\ili9341.o
 .text          0x00000000        0x0 ..\obj\pid.o
 .data          0x00000000        0x0 ..\obj\pid.o
 .bss           0x00000000        0x0 ..\obj\pid.o
 .text.pid_Limit
                0x00000000       0x48 ..\obj\pid.o
 .text.PID_Init
                0x00000000       0x14 ..\obj\pid.o
 .text.PID_Compute
                0x00000000      0x14c ..\obj\pid.o
 .debug_info    0x00000000      0x1cf ..\obj\pid.o
 .debug_abbrev  0x00000000       0xf7 ..\obj\pid.o
 .debug_aranges
                0x00000000       0x30 ..\obj\pid.o
 .debug_ranges  0x00000000       0x20 ..\obj\pid.o
 .debug_line    0x00000000       0xc6 ..\obj\pid.o
 .debug_str     0x00000000      0x1cc ..\obj\pid.o
 .comment       0x00000000       0x71 ..\obj\pid.o
 .debug_frame   0x00000000       0x74 ..\obj\pid.o
 .ARM.attributes
                0x00000000       0x31 ..\obj\pid.o
 .data          0x00000000        0x0 c:/program files (x86)/gnu tools arm embedded/4.9 2015q1/bin/../lib/gcc/arm-none-eabi/4.9.3/armv6-m\libgcc.a(_udivsi3.o)
 .bss           0x00000000        0x0 c:/program files (x86)/gnu tools arm embedded/4.9 2015q1/bin/../lib/gcc/arm-none-eabi/4.9.3/armv6-m\libgcc.a(_udivsi3.o)
 .data          0x00000000        0x0 c:/program files (x86)/gnu tools arm embedded/4.9 2015q1/bin/../lib/gcc/arm-none-eabi/4.9.3/armv6-m\libgcc.a(_dvmd_tls.o)
 .bss           0x00000000        0x0 c:/program files (x86)/gnu tools arm embedded/4.9 2015q1/bin/../lib/gcc/arm-none-eabi/4.9.3/armv6-m\libgcc.a(_dvmd_tls.o)
 .text          0x00000000       0x7c c:/program files (x86)/gnu tools arm embedded/4.9 2015q1/bin/../lib/gcc/arm-none-eabi/4.9.3/armv6-m\libgcc.a(_arm_cmpdf2.o)
 .data          0x00000000        0x0 c:/program files (x86)/gnu tools arm embedded/4.9 2015q1/bin/../lib/gcc/arm-none-eabi/4.9.3/armv6-m\libgcc.a(_arm_cmpdf2.o)
 .bss           0x00000000        0x0 c:/program files (x86)/gnu tools arm embedded/4.9 2015q1/bin/../lib/gcc/arm-none-eabi/4.9.3/armv6-m\libgcc.a(_arm_cmpdf2.o)
 .ARM.attributes
                0x00000000       0x1e c:/program files (x86)/gnu tools arm embedded/4.9 2015q1/bin/../lib/gcc/arm-none-eabi/4.9.3/armv6-m\libgcc.a(_arm_cmpdf2.o)
 .text          0x00000000      0x650 c:/program files (x86)/gnu tools arm embedded/4.9 2015q1/bin/../lib/gcc/arm-none-eabi/4.9.3/armv6-m\libgcc.a(adddf3.o)
 .data          0x00000000        0x0 c:/program files (x86)/gnu tools arm embedded/4.9 2015q1/bin/../lib/gcc/arm-none-eabi/4.9.3/armv6-m\libgcc.a(adddf3.o)
 .bss           0x00000000        0x0 c:/program files (x86)/gnu tools arm embedded/4.9 2015q1/bin/../lib/gcc/arm-none-eabi/4.9.3/armv6-m\libgcc.a(adddf3.o)
 .debug_frame   0x00000000       0x38 c:/program files (x86)/gnu tools arm embedded/4.9 2015q1/bin/../lib/gcc/arm-none-eabi/4.9.3/armv6-m\libgcc.a(adddf3.o)
 .ARM.attributes
                0x00000000       0x2c c:/program files (x86)/gnu tools arm embedded/4.9 2015q1/bin/../lib/gcc/arm-none-eabi/4.9.3/armv6-m\libgcc.a(adddf3.o)
 .text          0x00000000       0x88 c:/program files (x86)/gnu tools arm embedded/4.9 2015q1/bin/../lib/gcc/arm-none-eabi/4.9.3/armv6-m\libgcc.a(eqdf2.o)
 .data          0x00000000        0x0 c:/program files (x86)/gnu tools arm embedded/4.9 2015q1/bin/../lib/gcc/arm-none-eabi/4.9.3/armv6-m\libgcc.a(eqdf2.o)
 .bss           0x00000000        0x0 c:/program files (x86)/gnu tools arm embedded/4.9 2015q1/bin/../lib/gcc/arm-none-eabi/4.9.3/armv6-m\libgcc.a(eqdf2.o)
 .debug_frame   0x00000000       0x38 c:/program files (x86)/gnu tools arm embedded/4.9 2015q1/bin/../lib/gcc/arm-none-eabi/4.9.3/armv6-m\libgcc.a(eqdf2.o)
 .ARM.attributes
                0x00000000       0x2c c:/program files (x86)/gnu tools arm embedded/4.9 2015q1/bin/../lib/gcc/arm-none-eabi/4.9.3/armv6-m\libgcc.a(eqdf2.o)
 .text          0x00000000       0xe0 c:/program files (x86)/gnu tools arm embedded/4.9 2015q1/bin/../lib/gcc/arm-none-eabi/4.9.3/armv6-m\libgcc.a(gedf2.o)
 .data          0x00000000        0x0 c:/program files (x86)/gnu tools arm embedded/4.9 2015q1/bin/../lib/gcc/arm-none-eabi/4.9.3/armv6-m\libgcc.a(gedf2.o)
 .bss           0x00000000        0x0 c:/program files (x86)/gnu tools arm embedded/4.9 2015q1/bin/../lib/gcc/arm-none-eabi/4.9.3/armv6-m\libgcc.a(gedf2.o)
 .debug_frame   0x00000000       0x38 c:/program files (x86)/gnu tools arm embedded/4.9 2015q1/bin/../lib/gcc/arm-none-eabi/4.9.3/armv6-m\libgcc.a(gedf2.o)
 .ARM.attributes
                0x00000000       0x2c c:/program files (x86)/gnu tools arm embedded/4.9 2015q1/bin/../lib/gcc/arm-none-eabi/4.9.3/armv6-m\libgcc.a(gedf2.o)
 .text          0x00000000       0xcc c:/program files (x86)/gnu tools arm embedded/4.9 2015q1/bin/../lib/gcc/arm-none-eabi/4.9.3/armv6-m\libgcc.a(ledf2.o)
 .data          0x00000000        0x0 c:/program files (x86)/gnu tools arm embedded/4.9 2015q1/bin/../lib/gcc/arm-none-eabi/4.9.3/armv6-m\libgcc.a(ledf2.o)
 .bss           0x00000000        0x0 c:/program files (x86)/gnu tools arm embedded/4.9 2015q1/bin/../lib/gcc/arm-none-eabi/4.9.3/armv6-m\libgcc.a(ledf2.o)
 .debug_frame   0x00000000       0x38 c:/program files (x86)/gnu tools arm embedded/4.9 2015q1/bin/../lib/gcc/arm-none-eabi/4.9.3/armv6-m\libgcc.a(ledf2.o)
 .ARM.attributes
                0x00000000       0x2c c:/program files (x86)/gnu tools arm embedded/4.9 2015q1/bin/../lib/gcc/arm-none-eabi/4.9.3/armv6-m\libgcc.a(ledf2.o)
 .text          0x00000000      0x534 c:/program files (x86)/gnu tools arm embedded/4.9 2015q1/bin/../lib/gcc/arm-none-eabi/4.9.3/armv6-m\libgcc.a(muldf3.o)
 .data          0x00000000        0x0 c:/program files (x86)/gnu tools arm embedded/4.9 2015q1/bin/../lib/gcc/arm-none-eabi/4.9.3/armv6-m\libgcc.a(muldf3.o)
 .bss           0x00000000        0x0 c:/program files (x86)/gnu tools arm embedded/4.9 2015q1/bin/../lib/gcc/arm-none-eabi/4.9.3/armv6-m\libgcc.a(muldf3.o)
 .rodata        0x00000000       0x40 c:/program files (x86)/gnu tools arm embedded/4.9 2015q1/bin/../lib/gcc/arm-none-eabi/4.9.3/armv6-m\libgcc.a(muldf3.o)
 .debug_frame   0x00000000       0x3c c:/program files (x86)/gnu tools arm embedded/4.9 2015q1/bin/../lib/gcc/arm-none-eabi/4.9.3/armv6-m\libgcc.a(muldf3.o)
 .ARM.attributes
                0x00000000       0x2c c:/program files (x86)/gnu tools arm embedded/4.9 2015q1/bin/../lib/gcc/arm-none-eabi/4.9.3/armv6-m\libgcc.a(muldf3.o)
 .text          0x00000000      0x6f4 c:/program files (x86)/gnu tools arm embedded/4.9 2015q1/bin/../lib/gcc/arm-none-eabi/4.9.3/armv6-m\libgcc.a(subdf3.o)
 .data          0x00000000        0x0 c:/program files (x86)/gnu tools arm embedded/4.9 2015q1/bin/../lib/gcc/arm-none-eabi/4.9.3/armv6-m\libgcc.a(subdf3.o)
 .bss           0x00000000        0x0 c:/program files (x86)/gnu tools arm embedded/4.9 2015q1/bin/../lib/gcc/arm-none-eabi/4.9.3/armv6-m\libgcc.a(subdf3.o)
 .debug_frame   0x00000000       0x3c c:/program files (x86)/gnu tools arm embedded/4.9 2015q1/bin/../lib/gcc/arm-none-eabi/4.9.3/armv6-m\libgcc.a(subdf3.o)
 .ARM.attributes
                0x00000000       0x2c c:/program files (x86)/gnu tools arm embedded/4.9 2015q1/bin/../lib/gcc/arm-none-eabi/4.9.3/armv6-m\libgcc.a(subdf3.o)
 .text          0x00000000       0x3c c:/program files (x86)/gnu tools arm embedded/4.9 2015q1/bin/../lib/gcc/arm-none-eabi/4.9.3/armv6-m\libgcc.a(_clzsi2.o)
 .data          0x00000000        0x0 c:/program files (x86)/gnu tools arm embedded/4.9 2015q1/bin/../lib/gcc/arm-none-eabi/4.9.3/armv6-m\libgcc.a(_clzsi2.o)
 .bss           0x00000000        0x0 c:/program files (x86)/gnu tools arm embedded/4.9 2015q1/bin/../lib/gcc/arm-none-eabi/4.9.3/armv6-m\libgcc.a(_clzsi2.o)
 .ARM.attributes
                0x00000000       0x1e c:/program files (x86)/gnu tools arm embedded/4.9 2015q1/bin/../lib/gcc/arm-none-eabi/4.9.3/armv6-m\libgcc.a(_clzsi2.o)
 .text          0x00000000        0x0 c:/program files (x86)/gnu tools arm embedded/4.9 2015q1/bin/../lib/gcc/arm-none-eabi/4.9.3/../../../../arm-none-eabi/lib/armv6-m\libg.a(lib_a-memcpy.o)
 .data          0x00000000        0x0 c:/program files (x86)/gnu tools arm embedded/4.9 2015q1/bin/../lib/gcc/arm-none-eabi/4.9.3/../../../../arm-none-eabi/lib/armv6-m\libg.a(lib_a-memcpy.o)
 .bss           0x00000000        0x0 c:/program files (x86)/gnu tools arm embedded/4.9 2015q1/bin/../lib/gcc/arm-none-eabi/4.9.3/../../../../arm-none-eabi/lib/armv6-m\libg.a(lib_a-memcpy.o)
 .text.memcpy   0x00000000       0x7c c:/program files (x86)/gnu tools arm embedded/4.9 2015q1/bin/../lib/gcc/arm-none-eabi/4.9.3/../../../../arm-none-eabi/lib/armv6-m\libg.a(lib_a-memcpy.o)
 .debug_frame   0x00000000       0x2c c:/program files (x86)/gnu tools arm embedded/4.9 2015q1/bin/../lib/gcc/arm-none-eabi/4.9.3/../../../../arm-none-eabi/lib/armv6-m\libg.a(lib_a-memcpy.o)
 .ARM.attributes
                0x00000000       0x2c c:/program files (x86)/gnu tools arm embedded/4.9 2015q1/bin/../lib/gcc/arm-none-eabi/4.9.3/../../../../arm-none-eabi/lib/armv6-m\libg.a(lib_a-memcpy.o)

Memory Configuration

Name             Origin             Length             Attributes
rom              0x00000000         0x00010000         xr
ram              0x20000000         0x00001000         xrw
*default*        0x00000000         0xffffffff

Linker script and memory map

                0x20001000                _eram = 0x20001000

.text           0x00000000     0x4774
 *(.isr_vector)
 .isr_vector    0x00000000       0xc0 ..\obj\startup_M051Series.o
                0x00000000                g_pfnVectors
 *(.text*)
 .text.CONTROL_INIT
                0x000000c0       0x6c ..\obj\control.o
                0x000000c0                CONTROL_INIT
 .text.CONTROL_WORKER
                0x0000012c       0x30 ..\obj\control.o
                0x0000012c                CONTROL_WORKER
 .text.Default_Reset_Handler
                0x0000015c       0x64 ..\obj\startup_M051Series.o
                0x0000015c                Default_Reset_Handler
                0x0000015c                Reset_Handler
 .text.Default_Handler
                0x000001c0        0x8 ..\obj\startup_M051Series.o
                0x000001c0                HardFault_Handler
                0x000001c0                SysTick_Handler
                0x000001c0                PendSV_Handler
                0x000001c0                NMI_Handler
                0x000001c0                UART1_IRQHandler
                0x000001c0                PS2_IRQHandler
                0x000001c0                UART0_IRQHandler
                0x000001c0                USBD_IRQHandler
                0x000001c0                SPI1_IRQHandler
                0x000001c0                TMR0_IRQHandler
                0x000001c0                I2S_IRQHandler
                0x000001c0                PWRWU_IRQHandler
                0x000001c0                EINT1_IRQHandler
                0x000001c0                ADC_IRQHandler
                0x000001c0                BOD_IRQHandler
                0x000001c0                SPI2_IRQHandler
                0x000001c0                I2C_IRQHandler
                0x000001c0                WDT_IRQHandler
                0x000001c0                SVC_Handler
                0x000001c0                PDMA_IRQHandler
                0x000001c0                EINT0_IRQHandler
                0x000001c0                TMR3_IRQHandler
                0x000001c0                SPI0_IRQHandler
                0x000001c0                SPI3_IRQHandler
                0x000001c0                TMR1_IRQHandler
                0x000001c0                GPIOP2P3P4_IRQHandler
 .text.NVIC_EnableIRQ
                0x000001c8       0x2c ..\obj\expwm.o
 .text.EXPWM_Init
                0x000001f4      0x30c ..\obj\expwm.o
                0x000001f4                EXPWM_Init
 .text.EXPWM_SetDuty
                0x00000500       0x70 ..\obj\expwm.o
                0x00000500                EXPWM_SetDuty
 .text.PWMA_IRQHandler
                0x00000570       0x48 ..\obj\expwm.o
                0x00000570                PWMA_IRQHandler
 .text.PWMB_IRQHandler
                0x000005b8       0x4c ..\obj\expwm.o
                0x000005b8                PWMB_IRQHandler
 .text.SYS_SysTickDelay
                0x00000604       0x3c ..\obj\calibration.o
 .text.CALIBRATION_START
                0x00000640       0xe0 ..\obj\calibration.o
                0x00000640                CALIBRATION_START
 .text.NVIC_EnableIRQ
                0x00000720       0x2c ..\obj\main.o
 .text.NVIC_SetPriority
                0x0000074c       0xd4 ..\obj\main.o
 .text.SYS_WaitingForClockReady
                0x00000820       0x38 ..\obj\main.o
 .text.SYS_SysTickDelay
                0x00000858       0x3c ..\obj\main.o
 .text.SYS_UnlockReg
                0x00000894       0x3c ..\obj\main.o
 .text.SYS_LockReg
                0x000008d0       0x14 ..\obj\main.o
 .text.GPIO_EnableInt
                0x000008e4       0x3c ..\obj\main.o
 .text.SYS_Init
                0x00000920       0x8c ..\obj\main.o
                0x00000920                SYS_Init
 .text.RPM_Clear
                0x000009ac       0x4c ..\obj\main.o
                0x000009ac                RPM_Clear
 .text.RPM_Add  0x000009f8       0x70 ..\obj\main.o
                0x000009f8                RPM_Add
 .text.TMR2_IRQHandler
                0x00000a68      0x104 ..\obj\main.o
                0x00000a68                TMR2_IRQHandler
 .text.DisplayPWM_Callback
                0x00000b6c       0x9c ..\obj\main.o
                0x00000b6c                DisplayPWM_Callback
 .text.RPM_COUNT_GetPeriodLength
                0x00000c08       0x24 ..\obj\main.o
                0x00000c08                RPM_COUNT_GetPeriodLength
 .text.GPIOP0P1_IRQHandler
                0x00000c2c       0x88 ..\obj\main.o
                0x00000c2c                GPIOP0P1_IRQHandler
 .text.ENCODER_Init
                0x00000cb4       0x8c ..\obj\main.o
                0x00000cb4                ENCODER_Init
 .text.ENCODER_Callback
                0x00000d40       0x9c ..\obj\main.o
                0x00000d40                ENCODER_Callback
 .text.RPM_Init
                0x00000ddc       0x58 ..\obj\main.o
                0x00000ddc                RPM_Init
 .text.TEST_INIT
                0x00000e34       0x40 ..\obj\main.o
                0x00000e34                TEST_INIT
 .text.DisplayPWM_Init
                0x00000e74       0x4c ..\obj\main.o
                0x00000e74                DisplayPWM_Init
 .text.main     0x00000ec0       0x80 ..\obj\main.o
                0x00000ec0                main
 .text.DISPLAY_Init
                0x00000f40       0x18 ..\obj\display.o
                0x00000f40                DISPLAY_Init
 .text.DISPLAY_Mode
                0x00000f58       0xc0 ..\obj\display.o
                0x00000f58                DISPLAY_Mode
 .text.DISPLAY_RPM
                0x00001018       0x80 ..\obj\display.o
                0x00001018                DISPLAY_RPM
 .text.DISPLAY_DUTY
                0x00001098       0x88 ..\obj\display.o
                0x00001098                DISPLAY_DUTY
 .text.DISPLAY_RPM_SET
                0x00001120       0x84 ..\obj\display.o
                0x00001120                DISPLAY_RPM_SET
 .text.DISPLAY_CTRL_MODE
                0x000011a4       0x94 ..\obj\display.o
                0x000011a4                DISPLAY_CTRL_MODE
 .text.DISPLAY_CAL_DATA
                0x00001238       0xb0 ..\obj\display.o
                0x00001238                DISPLAY_CAL_DATA
 .text.SYS_SysTickDelay
                0x000012e8       0x3c ..\obj\motor.o
 .text.Motor_Init
                0x00001324       0x38 ..\obj\motor.o
                0x00001324                Motor_Init
 .text.Motor_GetDuty
                0x0000135c       0x14 ..\obj\motor.o
                0x0000135c                Motor_GetDuty
 .text.Motor_GracefullStop
                0x00001370       0x4c ..\obj\motor.o
                0x00001370                Motor_GracefullStop
 .text.SYS_UnlockReg
                0x000013bc       0x3c ..\obj\system_M051Series.o
 .text.SYS_LockReg
                0x000013f8       0x14 ..\obj\system_M051Series.o
 .text.SystemInit
                0x0000140c       0xb8 ..\obj\system_M051Series.o
                0x0000140c                SystemInit
 .text.SERIAL_Init
                0x000014c4       0x84 ..\obj\serial.o
                0x000014c4                SERIAL_Init
 .text.SERIAL_SendStr
                0x00001548       0x38 ..\obj\serial.o
                0x00001548                SERIAL_SendStr
 .text.SERIAL_SendULong
                0x00001580       0x78 ..\obj\serial.o
                0x00001580                SERIAL_SendULong
 .text.SYS_SysTickDelay
                0x000015f8       0x3c ..\obj\ili9341.o
 .text.ILI9341_SPISend
                0x00001634       0xbc ..\obj\ili9341.o
                0x00001634                ILI9341_SPISend
 .text.ILI9341_SPISendRaw
                0x000016f0       0x28 ..\obj\ili9341.o
                0x000016f0                ILI9341_SPISendRaw
 .text.ILI9341_SPIDataLen
                0x00001718       0x44 ..\obj\ili9341.o
                0x00001718                ILI9341_SPIDataLen
 .text.ILI9341_HardReset
                0x0000175c       0x2c ..\obj\ili9341.o
                0x0000175c                ILI9341_HardReset
 .text.ILI9341_Init
                0x00001788      0x464 ..\obj\ili9341.o
                0x00001788                ILI9341_Init
 .text.ILI9341_DrawPixel
                0x00001bec       0x48 ..\obj\ili9341.o
                0x00001bec                ILI9341_DrawPixel
 .text.ILI9341_SetCursorPosition
                0x00001c34       0x58 ..\obj\ili9341.o
                0x00001c34                ILI9341_SetCursorPosition
 .text.ILI9341_FillScreen
                0x00001c8c       0x54 ..\obj\ili9341.o
                0x00001c8c                ILI9341_FillScreen
 .text.ILI9341_FilledReactangle
                0x00001ce0       0x68 ..\obj\ili9341.o
                0x00001ce0                ILI9341_FilledReactangle
 .text.ILI9341_PrintChar
                0x00001d48       0xf4 ..\obj\ili9341.o
                0x00001d48                ILI9341_PrintChar
 .text.ILI9341_PrintStr
                0x00001e3c       0x54 ..\obj\ili9341.o
                0x00001e3c                ILI9341_PrintStr
 .text.ILI9341_DisplayN_POS
                0x00001e90      0x2e0 ..\obj\ili9341.o
                0x00001e90                ILI9341_DisplayN_POS
 .text          0x00002170      0x120 c:/program files (x86)/gnu tools arm embedded/4.9 2015q1/bin/../lib/gcc/arm-none-eabi/4.9.3/armv6-m\libgcc.a(_udivsi3.o)
                0x00002170                __aeabi_uidiv
                0x00002170                __udivsi3
                0x0000227c                __aeabi_uidivmod
 .text          0x00002290        0x4 c:/program files (x86)/gnu tools arm embedded/4.9 2015q1/bin/../lib/gcc/arm-none-eabi/4.9.3/armv6-m\libgcc.a(_dvmd_tls.o)
                0x00002290                __aeabi_idiv0
                0x00002290                __aeabi_ldiv0
 *(.init)
 *(.fini)
 *crtbegin.o(.ctors)
 *crtbegin?.o(.ctors)
 *(EXCLUDE_FILE(*crtend.o *crtend?.o) .ctors)
 *(SORT(.ctors.*))
 *(.ctors)
 *crtbegin.o(.dtors)
 *crtbegin?.o(.dtors)
 *(EXCLUDE_FILE(*crtend.o *crtend?.o) .dtors)
 *(SORT(.dtors.*))
 *(.dtors)
 *(.rodata*)
 .rodata        0x00002294     0x2490 ..\obj\ili9341_fonts.o
                0x00002294                arrFont7x10
                0x0000264c                Font7x10
                0x0000265c                arrFont11x18
                0x000033b8                Font11x18
                0x000033c8                arrFont16x26
                0x00004714                Font16x26
 .rodata        0x00004724        0x4 ..\obj\calibration.o
 .rodata        0x00004728       0x10 ..\obj\main.o
                0x00004728                ENCODER_TABLE
 .rodata        0x00004738       0x3c ..\obj\display.o
 *(.eh_fram e*)

.glue_7         0x00004774        0x0
 .glue_7        0x00000000        0x0 linker stubs

.glue_7t        0x00004774        0x0
 .glue_7t       0x00000000        0x0 linker stubs

.vfp11_veneer   0x00004774        0x0
 .vfp11_veneer  0x00000000        0x0 linker stubs

.v4_bx          0x00004774        0x0
 .v4_bx         0x00000000        0x0 linker stubs

.iplt           0x00004774        0x0
 .iplt          0x00000000        0x0 ..\obj\control.o

.rel.dyn        0x00004774        0x0
 .rel.iplt      0x00000000        0x0 ..\obj\control.o

.ARM.extab
 *(.ARM.extab* .gnu.linkonce.armextab.*)
                0x00004774                __exidx_start = .

.ARM.exidx
 *(.ARM.exidx* .gnu.linkonce.armexidx.*)
                0x00004774                __exidx_end = .
                0x00004774                __etext = .
                0x00004774                _sidata = __etext

.data           0x20000000       0x10 load address 0x00004774
                0x20000000                __data_start__ = .
                0x20000000                _sdata = __data_start__
 *(vtable)
 *(.data*)
 .data          0x20000000        0x1 ..\obj\control.o
                0x20000000                CONTROL_MODE
 .data          0x20000001        0x1 ..\obj\display.o
                0x20000001                display_busy
 *fill*         0x20000002        0x2 
 .data          0x20000004        0xc ..\obj\system_M051Series.o
                0x20000004                SystemCoreClock
                0x20000008                CyclesPerUs
                0x2000000c                PllClock
                0x20000010                . = ALIGN (0x4)
                0x20000010                PROVIDE (__preinit_array_start, .)
 *(.preinit_array)
                0x20000010                PROVIDE (__preinit_array_end, .)
                0x20000010                . = ALIGN (0x4)
                0x20000010                PROVIDE (__init_array_start, .)
 *(SORT(.init_array.*))
 *(.init_array)
                0x20000010                PROVIDE (__init_array_end, .)
                0x20000010                . = ALIGN (0x4)
                0x20000010                PROVIDE (__fini_array_start, .)
 *(SORT(.fini_array.*))
 *(.fini_array)
                0x20000010                PROVIDE (__fini_array_end, .)
 *(.jcr*)
                0x20000010                . = ALIGN (0x4)
                0x20000010                __data_end__ = .
                0x20000010                _edata = __data_end__

.igot.plt       0x20000010        0x0 load address 0x00004784
 .igot.plt      0x00000000        0x0 ..\obj\control.o

.bss            0x20000010       0xd4 load address 0x00004784
                0x20000010                . = ALIGN (0x4)
                0x20000010                __bss_start__ = .
                0x20000010                _sbss = __bss_start__
 *(.bss*)
 .bss           0x20000010        0x8 ..\obj\control.o
                0x20000010                CONTROL_FUNCTION
                0x20000014                CONTROL_RPM_SET
 .bss           0x20000018        0x6 ..\obj\expwm.o
                0x20000018                _expwm_pwma_isinit
                0x20000019                _expwm_pwmb_isinit
                0x2000001a                _expwm_pwm01_isinit
                0x2000001b                _expwm_pwm23_isinit
                0x2000001c                _expwm_pwm45_isinit
                0x2000001d                _expwm_pwm67_isinit
 *fill*         0x2000001e        0x2 
 .bss           0x20000020       0x54 ..\obj\main.o
 .bss           0x20000074        0x8 ..\obj\display.o
                0x20000074                display_rpm_set_state
                0x20000078                display_graph_prev
 *(COMMON)
 COMMON         0x2000007c       0x20 ..\obj\expwm.o
                0x2000007c                _expwm_callback_arr
 COMMON         0x2000009c       0x30 ..\obj\main.o
                0x2000009c                DisplayPWM
                0x200000b0                rpm_set_changed
                0x200000b1                GLOBAL_MOTOR_DUTY_CHANGED
                0x200000b4                TestPWM
                0x200000c8                ENCODER_USER_Callback
 COMMON         0x200000cc        0x1 ..\obj\display.o
                0x200000cc                display_mode
 *fill*         0x200000cd        0x3 
 COMMON         0x200000d0       0x14 ..\obj\motor.o
                0x200000d0                MotorPWM
                0x200000e4                . = ALIGN (0x4)
                0x200000e4                __bss_end__ = .
                0x200000e4                _ebss = __bss_end__

.heap           0x200000e4        0x0
                0x200000e4                __end__ = .
                0x200000e4                _end = __end__
                0x200000e4                end = __end__
 *(.heap*)
                0x200000e4                __HeapLimit = .

.co_stack       0x200000e4      0x404 load address 0x00004858
                0x200000e8                . = ALIGN (0x8)
 *fill*         0x200000e4        0x4 
 *(.co_stack .co_stack.*)
 .co_stack      0x200000e8      0x400 ..\obj\startup_M051Series.o
                0x200000e8                pulStack
                0x20001000                __StackTop = (ORIGIN (ram) + 0x1000)
                0x20000bfc                __StackLimit = (__StackTop - SIZEOF (.co_stack))
                0x20001000                PROVIDE (__stack, __StackTop)
                0x00000001                ASSERT ((__StackLimit >= __HeapLimit), region ram  overflowed with stack)
LOAD ..\obj\control.o
LOAD ..\obj\startup_M051Series.o
LOAD ..\obj\ili9341_fonts.o
LOAD ..\obj\expwm.o
LOAD ..\obj\calibration.o
LOAD ..\obj\main.o
LOAD ..\obj\display.o
LOAD ..\obj\motor.o
LOAD ..\obj\hd44780.o
LOAD ..\obj\system_M051Series.o
LOAD ..\obj\serial.o
LOAD ..\obj\ili9341.o
LOAD ..\obj\pid.o
START GROUP
LOAD c:/program files (x86)/gnu tools arm embedded/4.9 2015q1/bin/../lib/gcc/arm-none-eabi/4.9.3/armv6-m\libgcc.a
LOAD c:/program files (x86)/gnu tools arm embedded/4.9 2015q1/bin/../lib/gcc/arm-none-eabi/4.9.3/../../../../arm-none-eabi/lib/armv6-m\libg.a
LOAD c:/program files (x86)/gnu tools arm embedded/4.9 2015q1/bin/../lib/gcc/arm-none-eabi/4.9.3/../../../../arm-none-eabi/lib/armv6-m\libc.a
END GROUP
OUTPUT(PWM.elf elf32-littlearm)

.debug_info     0x00000000     0x2de4
 .debug_info    0x00000000      0x1a9 ..\obj\control.o
 .debug_info    0x000001a9       0xff ..\obj\startup_M051Series.o
 .debug_info    0x000002a8      0x12a ..\obj\ili9341_fonts.o
 .debug_info    0x000003d2      0x80f ..\obj\expwm.o
 .debug_info    0x00000be1      0x2ce ..\obj\calibration.o
 .debug_info    0x00000eaf      0xacb ..\obj\main.o
 .debug_info    0x0000197a      0x223 ..\obj\display.o
 .debug_info    0x00001b9d      0x204 ..\obj\motor.o
 .debug_info    0x00001da1      0x41a ..\obj\system_M051Series.o
 .debug_info    0x000021bb      0x3d2 ..\obj\serial.o
 .debug_info    0x0000258d      0x857 ..\obj\ili9341.o

.debug_abbrev   0x00000000      0xdf7
 .debug_abbrev  0x00000000       0xd2 ..\obj\control.o
 .debug_abbrev  0x000000d2       0xa7 ..\obj\startup_M051Series.o
 .debug_abbrev  0x00000179       0x84 ..\obj\ili9341_fonts.o
 .debug_abbrev  0x000001fd      0x1ab ..\obj\expwm.o
 .debug_abbrev  0x000003a8      0x14a ..\obj\calibration.o
 .debug_abbrev  0x000004f2      0x2b3 ..\obj\main.o
 .debug_abbrev  0x000007a5       0xdc ..\obj\display.o
 .debug_abbrev  0x00000881      0x14a ..\obj\motor.o
 .debug_abbrev  0x000009cb      0x115 ..\obj\system_M051Series.o
 .debug_abbrev  0x00000ae0      0x16c ..\obj\serial.o
 .debug_abbrev  0x00000c4c      0x1ab ..\obj\ili9341.o

.debug_aranges  0x00000000      0x300
 .debug_aranges
                0x00000000       0x28 ..\obj\control.o
 .debug_aranges
                0x00000028       0x28 ..\obj\startup_M051Series.o
 .debug_aranges
                0x00000050       0x18 ..\obj\ili9341_fonts.o
 .debug_aranges
                0x00000068       0x40 ..\obj\expwm.o
 .debug_aranges
                0x000000a8       0x28 ..\obj\calibration.o
 .debug_aranges
                0x000000d0       0xb8 ..\obj\main.o
 .debug_aranges
                0x00000188       0x50 ..\obj\display.o
 .debug_aranges
                0x000001d8       0x38 ..\obj\motor.o
 .debug_aranges
                0x00000210       0x40 ..\obj\system_M051Series.o
 .debug_aranges
                0x00000250       0x30 ..\obj\serial.o
 .debug_aranges
                0x00000280       0x80 ..\obj\ili9341.o

.debug_ranges   0x00000000      0x248
 .debug_ranges  0x00000000       0x18 ..\obj\control.o
 .debug_ranges  0x00000018       0x18 ..\obj\startup_M051Series.o
 .debug_ranges  0x00000030       0x30 ..\obj\expwm.o
 .debug_ranges  0x00000060       0x18 ..\obj\calibration.o
 .debug_ranges  0x00000078       0xa8 ..\obj\main.o
 .debug_ranges  0x00000120       0x40 ..\obj\display.o
 .debug_ranges  0x00000160       0x28 ..\obj\motor.o
 .debug_ranges  0x00000188       0x30 ..\obj\system_M051Series.o
 .debug_ranges  0x000001b8       0x20 ..\obj\serial.o
 .debug_ranges  0x000001d8       0x70 ..\obj\ili9341.o

.debug_line     0x00000000     0x1e79
 .debug_line    0x00000000      0x1e5 ..\obj\control.o
 .debug_line    0x000001e5       0xd6 ..\obj\startup_M051Series.o
 .debug_line    0x000002bb       0x9a ..\obj\ili9341_fonts.o
 .debug_line    0x00000355      0x35f ..\obj\expwm.o
 .debug_line    0x000006b4      0x365 ..\obj\calibration.o
 .debug_line    0x00000a19      0x587 ..\obj\main.o
 .debug_line    0x00000fa0      0x178 ..\obj\display.o
 .debug_line    0x00001118      0x32d ..\obj\motor.o
 .debug_line    0x00001445      0x287 ..\obj\system_M051Series.o
 .debug_line    0x000016cc      0x223 ..\obj\serial.o
 .debug_line    0x000018ef      0x58a ..\obj\ili9341.o

.debug_str      0x00000000     0x11d6
 .debug_str     0x00000000      0x1d7 ..\obj\control.o
                                0x214 (size before relaxing)
 .debug_str     0x000001d7       0xec ..\obj\startup_M051Series.o
                                0x183 (size before relaxing)
 .debug_str     0x000002c3       0xb2 ..\obj\ili9341_fonts.o
                                0x187 (size before relaxing)
 .debug_str     0x00000375      0x4b4 ..\obj\expwm.o
                                0x5e9 (size before relaxing)
 .debug_str     0x00000829       0xe1 ..\obj\calibration.o
                                0x286 (size before relaxing)
 .debug_str     0x0000090a      0x327 ..\obj\main.o
                                0x7c5 (size before relaxing)
 .debug_str     0x00000c31      0x11e ..\obj\display.o
                                0x235 (size before relaxing)
 .debug_str     0x00000d4f       0x7e ..\obj\motor.o
                                0x271 (size before relaxing)
 .debug_str     0x00000dcd      0x1ac ..\obj\system_M051Series.o
                                0x40d (size before relaxing)
 .debug_str     0x00000f79       0x8c ..\obj\serial.o
                                0x2cc (size before relaxing)
 .debug_str     0x00001005      0x1d1 ..\obj\ili9341.o
                                0x498 (size before relaxing)

.comment        0x00000000       0x70
 .comment       0x00000000       0x70 ..\obj\control.o
                                 0x71 (size before relaxing)
 .comment       0x00000000       0x71 ..\obj\startup_M051Series.o
 .comment       0x00000000       0x71 ..\obj\ili9341_fonts.o
 .comment       0x00000000       0x71 ..\obj\expwm.o
 .comment       0x00000000       0x71 ..\obj\calibration.o
 .comment       0x00000000       0x71 ..\obj\main.o
 .comment       0x00000000       0x71 ..\obj\display.o
 .comment       0x00000000       0x71 ..\obj\motor.o
 .comment       0x00000000       0x71 ..\obj\system_M051Series.o
 .comment       0x00000000       0x71 ..\obj\serial.o
 .comment       0x00000000       0x71 ..\obj\ili9341.o

.ARM.attributes
                0x00000000       0x31
 .ARM.attributes
                0x00000000       0x31 ..\obj\control.o
 .ARM.attributes
                0x00000031       0x31 ..\obj\startup_M051Series.o
 .ARM.attributes
                0x00000062       0x31 ..\obj\ili9341_fonts.o
 .ARM.attributes
                0x00000093       0x31 ..\obj\expwm.o
 .ARM.attributes
                0x000000c4       0x31 ..\obj\calibration.o
 .ARM.attributes
                0x000000f5       0x31 ..\obj\main.o
 .ARM.attributes
                0x00000126       0x31 ..\obj\display.o
 .ARM.attributes
                0x00000157       0x31 ..\obj\motor.o
 .ARM.attributes
                0x00000188       0x31 ..\obj\system_M051Series.o
 .ARM.attributes
                0x000001b9       0x31 ..\obj\serial.o
 .ARM.attributes
                0x000001ea       0x31 ..\obj\ili9341.o
 .ARM.attributes
                0x0000021b       0x1e c:/program files (x86)/gnu tools arm embedded/4.9 2015q1/bin/../lib/gcc/arm-none-eabi/4.9.3/armv6-m\libgcc.a(_udivsi3.o)
 .ARM.attributes
                0x00000239       0x1e c:/program files (x86)/gnu tools arm embedded/4.9 2015q1/bin/../lib/gcc/arm-none-eabi/4.9.3/armv6-m\libgcc.a(_dvmd_tls.o)

.debug_frame    0x00000000      0x85c
 .debug_frame   0x00000000       0x48 ..\obj\control.o
 .debug_frame   0x00000048       0x4c ..\obj\startup_M051Series.o
 .debug_frame   0x00000094       0xb0 ..\obj\expwm.o
 .debug_frame   0x00000144       0x50 ..\obj\calibration.o
 .debug_frame   0x00000194      0x270 ..\obj\main.o
 .debug_frame   0x00000404       0xf0 ..\obj\display.o
 .debug_frame   0x000004f4       0x88 ..\obj\motor.o
 .debug_frame   0x0000057c       0xa8 ..\obj\system_M051Series.o
 .debug_frame   0x00000624       0x6c ..\obj\serial.o
 .debug_frame   0x00000690      0x1ac ..\obj\ili9341.o
 .debug_frame   0x0000083c       0x20 c:/program files (x86)/gnu tools arm embedded/4.9 2015q1/bin/../lib/gcc/arm-none-eabi/4.9.3/armv6-m\libgcc.a(_udivsi3.o)
