Archive member included because of file (symbol)

c:/program files (x86)/gnu tools arm embedded/4.8 2014q2/bin/../lib/gcc/arm-none-eabi/4.8.4/../../../../arm-none-eabi/lib/armv7e-m\libg.a(lib_a-sprintf.o)
                              ..\obj\main.o (sprintf)
c:/program files (x86)/gnu tools arm embedded/4.8 2014q2/bin/../lib/gcc/arm-none-eabi/4.8.4/../../../../arm-none-eabi/lib/armv7e-m\libg.a(lib_a-svfprintf.o)
                              c:/program files (x86)/gnu tools arm embedded/4.8 2014q2/bin/../lib/gcc/arm-none-eabi/4.8.4/../../../../arm-none-eabi/lib/armv7e-m\libg.a(lib_a-sprintf.o) (_svfprintf_r)
c:/program files (x86)/gnu tools arm embedded/4.8 2014q2/bin/../lib/gcc/arm-none-eabi/4.8.4/../../../../arm-none-eabi/lib/armv7e-m\libg.a(lib_a-dtoa.o)
                              c:/program files (x86)/gnu tools arm embedded/4.8 2014q2/bin/../lib/gcc/arm-none-eabi/4.8.4/../../../../arm-none-eabi/lib/armv7e-m\libg.a(lib_a-svfprintf.o) (_dtoa_r)
c:/program files (x86)/gnu tools arm embedded/4.8 2014q2/bin/../lib/gcc/arm-none-eabi/4.8.4/../../../../arm-none-eabi/lib/armv7e-m\libg.a(lib_a-impure.o)
                              c:/program files (x86)/gnu tools arm embedded/4.8 2014q2/bin/../lib/gcc/arm-none-eabi/4.8.4/../../../../arm-none-eabi/lib/armv7e-m\libg.a(lib_a-sprintf.o) (_impure_ptr)
c:/program files (x86)/gnu tools arm embedded/4.8 2014q2/bin/../lib/gcc/arm-none-eabi/4.8.4/../../../../arm-none-eabi/lib/armv7e-m\libg.a(lib_a-locale.o)
                              c:/program files (x86)/gnu tools arm embedded/4.8 2014q2/bin/../lib/gcc/arm-none-eabi/4.8.4/../../../../arm-none-eabi/lib/armv7e-m\libg.a(lib_a-svfprintf.o) (_localeconv_r)
c:/program files (x86)/gnu tools arm embedded/4.8 2014q2/bin/../lib/gcc/arm-none-eabi/4.8.4/../../../../arm-none-eabi/lib/armv7e-m\libg.a(lib_a-mallocr.o)
                              c:/program files (x86)/gnu tools arm embedded/4.8 2014q2/bin/../lib/gcc/arm-none-eabi/4.8.4/../../../../arm-none-eabi/lib/armv7e-m\libg.a(lib_a-svfprintf.o) (_malloc_r)
c:/program files (x86)/gnu tools arm embedded/4.8 2014q2/bin/../lib/gcc/arm-none-eabi/4.8.4/../../../../arm-none-eabi/lib/armv7e-m\libg.a(lib_a-memchr-stub.o)
                              c:/program files (x86)/gnu tools arm embedded/4.8 2014q2/bin/../lib/gcc/arm-none-eabi/4.8.4/../../../../arm-none-eabi/lib/armv7e-m\libg.a(lib_a-svfprintf.o) (memchr)
c:/program files (x86)/gnu tools arm embedded/4.8 2014q2/bin/../lib/gcc/arm-none-eabi/4.8.4/../../../../arm-none-eabi/lib/armv7e-m\libg.a(lib_a-memcpy.o)
                              c:/program files (x86)/gnu tools arm embedded/4.8 2014q2/bin/../lib/gcc/arm-none-eabi/4.8.4/../../../../arm-none-eabi/lib/armv7e-m\libg.a(lib_a-dtoa.o) (memcpy)
c:/program files (x86)/gnu tools arm embedded/4.8 2014q2/bin/../lib/gcc/arm-none-eabi/4.8.4/../../../../arm-none-eabi/lib/armv7e-m\libg.a(lib_a-mlock.o)
                              c:/program files (x86)/gnu tools arm embedded/4.8 2014q2/bin/../lib/gcc/arm-none-eabi/4.8.4/../../../../arm-none-eabi/lib/armv7e-m\libg.a(lib_a-mallocr.o) (__malloc_lock)
c:/program files (x86)/gnu tools arm embedded/4.8 2014q2/bin/../lib/gcc/arm-none-eabi/4.8.4/../../../../arm-none-eabi/lib/armv7e-m\libg.a(lib_a-mprec.o)
                              c:/program files (x86)/gnu tools arm embedded/4.8 2014q2/bin/../lib/gcc/arm-none-eabi/4.8.4/../../../../arm-none-eabi/lib/armv7e-m\libg.a(lib_a-dtoa.o) (_Balloc)
c:/program files (x86)/gnu tools arm embedded/4.8 2014q2/bin/../lib/gcc/arm-none-eabi/4.8.4/../../../../arm-none-eabi/lib/armv7e-m\libg.a(lib_a-s_fpclassify.o)
                              c:/program files (x86)/gnu tools arm embedded/4.8 2014q2/bin/../lib/gcc/arm-none-eabi/4.8.4/../../../../arm-none-eabi/lib/armv7e-m\libg.a(lib_a-svfprintf.o) (__fpclassifyd)
c:/program files (x86)/gnu tools arm embedded/4.8 2014q2/bin/../lib/gcc/arm-none-eabi/4.8.4/../../../../arm-none-eabi/lib/armv7e-m\libg.a(lib_a-sbrkr.o)
                              c:/program files (x86)/gnu tools arm embedded/4.8 2014q2/bin/../lib/gcc/arm-none-eabi/4.8.4/../../../../arm-none-eabi/lib/armv7e-m\libg.a(lib_a-mallocr.o) (_sbrk_r)
c:/program files (x86)/gnu tools arm embedded/4.8 2014q2/bin/../lib/gcc/arm-none-eabi/4.8.4/../../../../arm-none-eabi/lib/armv7e-m\libg.a(lib_a-strcmp.o)
                              c:/program files (x86)/gnu tools arm embedded/4.8 2014q2/bin/../lib/gcc/arm-none-eabi/4.8.4/../../../../arm-none-eabi/lib/armv7e-m\libg.a(lib_a-locale.o) (strcmp)
c:/program files (x86)/gnu tools arm embedded/4.8 2014q2/bin/../lib/gcc/arm-none-eabi/4.8.4/../../../../arm-none-eabi/lib/armv7e-m\libg.a(lib_a-strlen.o)
                              c:/program files (x86)/gnu tools arm embedded/4.8 2014q2/bin/../lib/gcc/arm-none-eabi/4.8.4/../../../../arm-none-eabi/lib/armv7e-m\libg.a(lib_a-svfprintf.o) (strlen)
c:/program files (x86)/gnu tools arm embedded/4.8 2014q2/bin/../lib/gcc/arm-none-eabi/4.8.4/../../../../arm-none-eabi/lib/armv7e-m\libg.a(lib_a-svfiprintf.o)
[...]
Memory Configuration

Name             Origin             Length             Attributes
rom              0x08000000         0x00100000         xr
ram              0x20000000         0x00020000         xrw
ram1             0x10000000         0x00010000         xrw
*default*        0x00000000         0xffffffff

Linker script and memory map

                0x20020000                _eram = 0x20020000

.text           0x08000000     0xa644
 *(.isr_vector)
 .isr_vector    0x08000000      0x1ac ..\obj\startup_stm32f4xx.o
                0x08000000                g_pfnVectors
 *(.text*)
 .text.TM_DISCO_LedInit
                0x080001ac       0x38 ..\obj\tm_stm32f4_disco.o
                0x080001ac                TM_DISCO_LedInit
 .text.Default_Reset_Handler
                0x080001e4       0x5c ..\obj\startup_stm32f4xx.o
                0x080001e4                Default_Reset_Handler
                0x080001e4                Reset_Handler
 .text.Default_Handler
                0x08000240        0x8 ..\obj\startup_stm32f4xx.o
                0x08000240                RTC_Alarm_IRQHandler
                0x08000240                HASH_RNG_IRQHandler
                0x08000240                EXTI2_IRQHandler
                0x08000240                TIM8_CC_IRQHandler
                0x08000240                DebugMon_Handler
                0x08000240                UART8_IRQHandler
                0x08000240                SPI4_IRQHandler
                0x08000240                TIM1_CC_IRQHandler
                0x08000240                DMA2_Stream5_IRQHandler
                0x08000240                HardFault_Handler
                0x08000240                DMA1_Stream5_IRQHandler
                0x08000240                PVD_IRQHandler
                0x08000240                SDIO_IRQHandler
                0x08000240                TAMP_STAMP_IRQHandler
                0x08000240                PendSV_Handler
                0x08000240                NMI_Handler
                0x08000240                CAN2_RX1_IRQHandler
                0x08000240                EXTI3_IRQHandler
                0x08000240                TIM8_TRG_COM_TIM14_IRQHandler
                0x08000240                TIM1_UP_TIM10_IRQHandler
                0x08000240                TIM8_UP_TIM13_IRQHandler
                0x08000240                I2C3_ER_IRQHandler
                0x08000240                EXTI0_IRQHandler
                0x08000240                I2C2_EV_IRQHandler
                0x08000240                DMA1_Stream2_IRQHandler
                0x08000240                CAN1_RX0_IRQHandler
                0x08000240                FPU_IRQHandler
                0x08000240                OTG_HS_WKUP_IRQHandler
                0x08000240                UsageFault_Handler
                0x08000240                LTDC_ER_IRQHandler
                0x08000240                CAN2_SCE_IRQHandler
                0x08000240                DMA2_Stream2_IRQHandler
                0x08000240                SPI1_IRQHandler
                0x08000240                TIM6_DAC_IRQHandler
                0x08000240                TIM1_BRK_TIM9_IRQHandler
                0x08000240                DCMI_IRQHandler
                0x08000240                CAN2_RX0_IRQHandler
                0x08000240                DMA2_Stream3_IRQHandler
                0x08000240                USART6_IRQHandler
                0x08000240                USART3_IRQHandler
                0x08000240                CRYP_IRQHandler
                0x08000240                CAN1_RX1_IRQHandler
                0x08000240                UART5_IRQHandler
                0x08000240                DMA2_Stream0_IRQHandler
                0x08000240                TIM4_IRQHandler
                0x08000240                I2C1_EV_IRQHandler
                0x08000240                DMA1_Stream6_IRQHandler
                0x08000240                DMA1_Stream1_IRQHandler
                0x08000240                UART4_IRQHandler
                0x08000240                TIM3_IRQHandler
                0x08000240                RCC_IRQHandler
                0x08000240                TIM8_BRK_TIM12_IRQHandler
                0x08000240                EXTI15_10_IRQHandler
                0x08000240                ADC_IRQHandler
                0x08000240                DMA1_Stream7_IRQHandler
                0x08000240                SPI5_IRQHandler
                0x08000240                TIM7_IRQHandler
                0x08000240                CAN2_TX_IRQHandler
                0x08000240                TIM5_IRQHandler
                0x08000240                DMA2_Stream7_IRQHandler
                0x08000240                I2C3_EV_IRQHandler
                0x08000240                EXTI9_5_IRQHandler
                0x08000240                RTC_WKUP_IRQHandler
                0x08000240                LTDC_IRQHandler
                0x08000240                ETH_WKUP_IRQHandler
                0x08000240                SPI2_IRQHandler
                0x08000240                OTG_HS_EP1_IN_IRQHandler
                0x08000240                MemManage_Handler
                0x08000240                DMA1_Stream0_IRQHandler
                0x08000240                CAN1_TX_IRQHandler
                0x08000240                SVC_Handler
                0x08000240                EXTI4_IRQHandler
                0x08000240                ETH_IRQHandler
                0x08000240                OTG_HS_EP1_OUT_IRQHandler
                0x08000240                WWDG_IRQHandler
                0x08000240                SPI6_IRQHandler
                0x08000240                TIM2_IRQHandler
                0x08000240                OTG_FS_WKUP_IRQHandler
                0x08000240                TIM1_TRG_COM_TIM11_IRQHandler
                0x08000240                OTG_HS_IRQHandler
                0x08000240                DMA2D_IRQHandler
                0x08000240                EXTI1_IRQHandler
                0x08000240                UART7_IRQHandler
                0x08000240                USART2_IRQHandler
                0x08000240                I2C2_ER_IRQHandler
                0x08000240                DMA2_Stream1_IRQHandler
                0x08000240                CAN1_SCE_IRQHandler
                0x08000240                FLASH_IRQHandler
                0x08000240                DMA2_Stream4_IRQHandler
                0x08000240                BusFault_Handler
                0x08000240                USART1_IRQHandler
                0x08000240                OTG_FS_IRQHandler
                0x08000240                SPI3_IRQHandler
                0x08000240                DMA1_Stream4_IRQHandler
                0x08000240                I2C1_ER_IRQHandler
                0x08000240                FMC_IRQHandler
                0x08000240                DMA2_Stream6_IRQHandler
                0x08000240                SAI1_IRQHandler
                0x08000240                DMA1_Stream3_IRQHandler
 .text.main     0x08000248      0x284 ..\obj\main.o
                0x08000248                main
 .text.RCC_HSEConfig
                0x080004cc       0x24 ..\obj\stm32f4xx_rcc.o
                0x080004cc                RCC_HSEConfig
 .text.RCC_WaitForHSEStartUp
                0x080004f0       0x50 ..\obj\stm32f4xx_rcc.o
                0x080004f0                RCC_WaitForHSEStartUp
 .text.RCC_GetClocksFreq
                0x08000540      0x154 ..\obj\stm32f4xx_rcc.o
                0x08000540                RCC_GetClocksFreq
 .text.RCC_AHB1PeriphClockCmd
                0x08000694       0x3c ..\obj\stm32f4xx_rcc.o
                0x08000694                RCC_AHB1PeriphClockCmd
 .text.RCC_APB1PeriphClockCmd
                0x080006d0       0x3c ..\obj\stm32f4xx_rcc.o
                0x080006d0                RCC_APB1PeriphClockCmd
 .text.RCC_APB2PeriphClockCmd
                0x0800070c       0x3c ..\obj\stm32f4xx_rcc.o
                0x0800070c                RCC_APB2PeriphClockCmd
 .text.RCC_GetFlagStatus
                0x08000748       0x74 ..\obj\stm32f4xx_rcc.o
                0x08000748                RCC_GetFlagStatus
 .text.Delayms  0x080007bc       0x2c ..\obj\tm_stm32f4_stmpe811.o
 .text.TM_STMPE811_Init
                0x080007e8      0x170 ..\obj\tm_stm32f4_stmpe811.o
                0x080007e8                TM_STMPE811_Init
 .text.TM_STMPE811_Read
                0x08000958       0x24 ..\obj\tm_stm32f4_stmpe811.o
                0x08000958                TM_STMPE811_Read
 .text.TM_STMPE811_ReadTouch
                0x0800097c      0x19c ..\obj\tm_stm32f4_stmpe811.o
                0x0800097c                TM_STMPE811_ReadTouch
 .text.TM_STMPE811_ReadX
                0x08000b18       0xbc ..\obj\tm_stm32f4_stmpe811.o
                0x08000b18                TM_STMPE811_ReadX
 .text.TM_STMPE811_ReadY
                0x08000bd4       0xa0 ..\obj\tm_stm32f4_stmpe811.o
                0x08000bd4                TM_STMPE811_ReadY
 .text.NVIC_SetPriority
                0x08000c74       0x54 ..\obj\tm_stm32f4_delay.o
 .text.SysTick_Config
                0x08000cc8       0x44 ..\obj\tm_stm32f4_delay.o
 .text.SysTick_Handler
                0x08000d0c       0x30 ..\obj\tm_stm32f4_delay.o
                0x08000d0c                SysTick_Handler
 .text.TM_DELAY_Init
                0x08000d3c       0x68 ..\obj\tm_stm32f4_delay.o
                0x08000d3c                TM_DELAY_Init
 .text.TM_SPI_Init
                0x08000da4       0x94 ..\obj\tm_stm32f4_spi.o
                0x08000da4                TM_SPI_Init
 .text.TM_SPI_Send
                0x08000e38       0x54 ..\obj\tm_stm32f4_spi.o
                0x08000e38                TM_SPI_Send
 .text.TM_SPI1_Init
                0x08000e8c       0xfc ..\obj\tm_stm32f4_spi.o
                0x08000e8c                TM_SPI1_Init
 .text.TM_SPI2_Init
                0x08000f88      0x15c ..\obj\tm_stm32f4_spi.o
                0x08000f88                TM_SPI2_Init
 .text.TM_SPI3_Init
                0x080010e4       0xfc ..\obj\tm_stm32f4_spi.o
                0x080010e4                TM_SPI3_Init
 .text.TM_SPI4_Init
                0x080011e0       0xf8 ..\obj\tm_stm32f4_spi.o
                0x080011e0                TM_SPI4_Init
 .text.TM_SPI5_Init
                0x080012d8      0x118 ..\obj\tm_stm32f4_spi.o
                0x080012d8                TM_SPI5_Init
 .text.TM_SPI6_Init
                0x080013f0       0xb4 ..\obj\tm_stm32f4_spi.o
                0x080013f0                TM_SPI6_Init
 .text.TM_I2C_Init
                0x080014a4      0x138 ..\obj\tm_stm32f4_i2c.o
                0x080014a4                TM_I2C_Init
 .text.TM_I2C_Read
                0x080015dc       0x50 ..\obj\tm_stm32f4_i2c.o
                0x080015dc                TM_I2C_Read
 .text.TM_I2C_Write
                0x0800162c       0x3c ..\obj\tm_stm32f4_i2c.o
                0x0800162c                TM_I2C_Write
 .text.TM_I2C_ReadMulti
                0x08001668       0x88 ..\obj\tm_stm32f4_i2c.o
                0x08001668                TM_I2C_ReadMulti
 .text.TM_I2C_Start
                0x080016f0      0x108 ..\obj\tm_stm32f4_i2c.o
                0x080016f0                TM_I2C_Start
 .text.TM_I2C_WriteData
                0x080017f8       0x50 ..\obj\tm_stm32f4_i2c.o
                0x080017f8                TM_I2C_WriteData
 .text.TM_I2C_ReadAck
                0x08001848       0x58 ..\obj\tm_stm32f4_i2c.o
                0x08001848                TM_I2C_ReadAck
 .text.TM_I2C_ReadNack
                0x080018a0       0x60 ..\obj\tm_stm32f4_i2c.o
                0x080018a0                TM_I2C_ReadNack
 .text.TM_I2C_Stop
                0x08001900       0x6c ..\obj\tm_stm32f4_i2c.o
                0x08001900                TM_I2C_Stop
 .text.TM_I2C1_InitPins
                0x0800196c       0x90 ..\obj\tm_stm32f4_i2c.o
                0x0800196c                TM_I2C1_InitPins
 .text.TM_I2C2_InitPins
                0x080019fc       0xb8 ..\obj\tm_stm32f4_i2c.o
                0x080019fc                TM_I2C2_InitPins
 .text.TM_I2C3_InitPins
                0x08001ab4       0xa0 ..\obj\tm_stm32f4_i2c.o
                0x08001ab4                TM_I2C3_InitPins
 .text.GPIO_Init
                0x08001b54      0x11c ..\obj\stm32f4xx_gpio.o
                0x08001b54                GPIO_Init
 .text.GPIO_SetBits
                0x08001c70       0x1c ..\obj\stm32f4xx_gpio.o
                0x08001c70                GPIO_SetBits
 .text.GPIO_ResetBits
                0x08001c8c       0x1c ..\obj\stm32f4xx_gpio.o
                0x08001c8c                GPIO_ResetBits
 .text.GPIO_PinAFConfig
                0x08001ca8       0x8c ..\obj\stm32f4xx_gpio.o
                0x08001ca8                GPIO_PinAFConfig
 .text.SystemInit
                0x08001d34       0x58 ..\obj\system_stm32f4xx.o
                0x08001d34                SystemInit
 .text.SetSysClock
                0x08001d8c      0x128 ..\obj\system_stm32f4xx.o
 .text.SPI_Init
                0x08001eb4       0x88 ..\obj\stm32f4xx_spi.o
                0x08001eb4                SPI_Init
 .text.SPI_StructInit
                0x08001f3c       0x48 ..\obj\stm32f4xx_spi.o
                0x08001f3c                SPI_StructInit
 .text.SPI_Cmd  0x08001f84       0x40 ..\obj\stm32f4xx_spi.o
                0x08001f84                SPI_Cmd
 .text.SPI_I2S_GetFlagStatus
                0x08001fc4       0x38 ..\obj\stm32f4xx_spi.o
                0x08001fc4                SPI_I2S_GetFlagStatus
 .text.I2C_Init
                0x08001ffc      0x184 ..\obj\stm32f4xx_i2c.o
                0x08001ffc                I2C_Init
 .text.I2C_Cmd  0x08002180       0x40 ..\obj\stm32f4xx_i2c.o
                0x08002180                I2C_Cmd
 .text.I2C_GenerateSTART
                0x080021c0       0x40 ..\obj\stm32f4xx_i2c.o
                0x080021c0                I2C_GenerateSTART
 .text.I2C_GenerateSTOP
                0x08002200       0x40 ..\obj\stm32f4xx_i2c.o
                0x08002200                I2C_GenerateSTOP
 .text.I2C_Send7bitAddress
                0x08002240       0x3c ..\obj\stm32f4xx_i2c.o
                0x08002240                I2C_Send7bitAddress
 .text.I2C_AcknowledgeConfig
                0x0800227c       0x40 ..\obj\stm32f4xx_i2c.o
                0x0800227c                I2C_AcknowledgeConfig
 .text.I2C_SendData
                0x080022bc       0x20 ..\obj\stm32f4xx_i2c.o
                0x080022bc                I2C_SendData
 .text.I2C_ReceiveData
                0x080022dc       0x1c ..\obj\stm32f4xx_i2c.o
                0x080022dc                I2C_ReceiveData
 .text.I2C_CheckEvent
                0x080022f8       0x60 ..\obj\stm32f4xx_i2c.o
                0x080022f8                I2C_CheckEvent
 .text.I2C_GetFlagStatus
                0x08002358       0x68 ..\obj\stm32f4xx_i2c.o
                0x08002358                I2C_GetFlagStatus
 .text.TM_ILI9341_Init
                0x080023c0       0xbc ..\obj\tm_stm32f4_ili9341.o
                0x080023c0                TM_ILI9341_Init
 .text.TM_ILI9341_InitLCD
                0x0800247c      0x25c ..\obj\tm_stm32f4_ili9341.o
                0x0800247c                TM_ILI9341_InitLCD
 .text.TM_ILI9341_SendCommand
                0x080026d8       0x40 ..\obj\tm_stm32f4_ili9341.o
                0x080026d8                TM_ILI9341_SendCommand
 .text.TM_ILI9341_SendData
                0x08002718       0x40 ..\obj\tm_stm32f4_ili9341.o
                0x08002718                TM_ILI9341_SendData
 .text.TM_ILI9341_DrawPixel
                0x08002758       0x40 ..\obj\tm_stm32f4_ili9341.o
                0x08002758                TM_ILI9341_DrawPixel
 .text.TM_ILI9341_SetCursorPosition
                0x08002798       0x80 ..\obj\tm_stm32f4_ili9341.o
                0x08002798                TM_ILI9341_SetCursorPosition
 .text.TM_ILI9341_Fill
                0x08002818       0x64 ..\obj\tm_stm32f4_ili9341.o
                0x08002818                TM_ILI9341_Fill
 .text.TM_ILI9341_Delay
                0x0800287c       0x20 ..\obj\tm_stm32f4_ili9341.o
                0x0800287c                TM_ILI9341_Delay
 .text.TM_ILI9341_Rotate
                0x0800289c       0x88 ..\obj\tm_stm32f4_ili9341.o
                0x0800289c                TM_ILI9341_Rotate
 .text.TM_ILI9341_Puts
                0x08002924       0xb4 ..\obj\tm_stm32f4_ili9341.o
                0x08002924                TM_ILI9341_Puts
 .text.TM_ILI9341_GetStringSize
                0x080029d8       0x48 ..\obj\tm_stm32f4_ili9341.o
                0x080029d8                TM_ILI9341_GetStringSize
 .text.TM_ILI9341_Putc
                0x08002a20      0x11c ..\obj\tm_stm32f4_ili9341.o
                0x08002a20                TM_ILI9341_Putc
 .text.TM_ILI9341_DrawLine
                0x08002b3c      0x154 ..\obj\tm_stm32f4_ili9341.o
                0x08002b3c                TM_ILI9341_DrawLine
 .text.TM_ILI9341_DrawRectangle
                0x08002c90       0x54 ..\obj\tm_stm32f4_ili9341.o
                0x08002c90                TM_ILI9341_DrawRectangle
 .text.TM_ILI9341_DrawFilledRectangle
                0x08002ce4       0x34 ..\obj\tm_stm32f4_ili9341.o
                0x08002ce4                TM_ILI9341_DrawFilledRectangle
 .text.TM_ILI9341_Button_Add
                0x08002d18      0x100 ..\obj\tm_stm32f4_ili9341_button.o
                0x08002d18                TM_ILI9341_Button_Add
 .text.TM_ILI9341_Button_DrawAll
                0x08002e18       0x44 ..\obj\tm_stm32f4_ili9341_button.o
                0x08002e18                TM_ILI9341_Button_DrawAll
 .text.TM_ILI9341_Button_Draw
                0x08002e5c      0x254 ..\obj\tm_stm32f4_ili9341_button.o
                0x08002e5c                TM_ILI9341_Button_Draw
 .text.TM_ILI9341_Button_Touch
                0x080030b0       0xb0 ..\obj\tm_stm32f4_ili9341_button.o
                0x080030b0                TM_ILI9341_Button_Touch
 .text.TM_ILI9341_Button_Enable
                0x08003160       0x38 ..\obj\tm_stm32f4_ili9341_button.o
                0x08003160                TM_ILI9341_Button_Enable
 .text.TM_ILI9341_Button_Disable
                0x08003198       0x38 ..\obj\tm_stm32f4_ili9341_button.o
                0x08003198                TM_ILI9341_Button_Disable
 .text.sprintf  0x080031d0       0x4c c:/program files (x86)/gnu tools arm embedded/4.8 2014q2/bin/../lib/gcc/arm-none-eabi/4.8.4/../../../../arm-none-eabi/lib/armv7e-m\libg.a(lib_a-sprintf.o)
                0x080031d0                sprintf
 .text._svfprintf_r
                0x0800321c     0x14f8 c:/program files (x86)/gnu tools arm embedded/4.8 2014q2/bin/../lib/gcc/arm-none-eabi/4.8.4/../../../../arm-none-eabi/lib/armv7e-m\libg.a(lib_a-svfprintf.o)
                0x0800321c                _svfprintf_r
 .text.quorem   0x08004714      0x130 c:/program files (x86)/gnu tools arm embedded/4.8 2014q2/bin/../lib/gcc/arm-none-eabi/4.8.4/../../../../arm-none-eabi/lib/armv7e-m\libg.a(lib_a-dtoa.o)
 *fill*         0x08004844        0x4 
 .text._dtoa_r  0x08004848      0xe38 c:/program files (x86)/gnu tools arm embedded/4.8 2014q2/bin/../lib/gcc/arm-none-eabi/4.8.4/../../../../arm-none-eabi/lib/armv7e-m\libg.a(lib_a-dtoa.o)
                0x08004848                _dtoa_r
 .text._localeconv_r
                0x08005680        0x8 c:/program files (x86)/gnu tools arm embedded/4.8 2014q2/bin/../lib/gcc/arm-none-eabi/4.8.4/../../../../arm-none-eabi/lib/armv7e-m\libg.a(lib_a-locale.o)
                0x08005680                _localeconv_r
 .text._malloc_r
                0x08005688      0x538 c:/program files (x86)/gnu tools arm embedded/4.8 2014q2/bin/../lib/gcc/arm-none-eabi/4.8.4/../../../../arm-none-eabi/lib/armv7e-m\libg.a(lib_a-mallocr.o)
                0x08005688                _malloc_r
 .text.memchr   0x08005bc0       0x90 c:/program files (x86)/gnu tools arm embedded/4.8 2014q2/bin/../lib/gcc/arm-none-eabi/4.8.4/../../../../arm-none-eabi/lib/armv7e-m\libg.a(lib_a-memchr-stub.o)
                0x08005bc0                memchr
 .text          0x08005c50      0x134 c:/program files (x86)/gnu tools arm embedded/4.8 2014q2/bin/../lib/gcc/arm-none-eabi/4.8.4/../../../../arm-none-eabi/lib/armv7e-m\libg.a(lib_a-memcpy.o)
                0x08005c50                memcpy
 .text.__malloc_lock
                0x08005d84        0x4 c:/program files (x86)/gnu tools arm embedded/4.8 2014q2/bin/../lib/gcc/arm-none-eabi/4.8.4/../../../../arm-none-eabi/lib/armv7e-m\libg.a(lib_a-mlock.o)
                0x08005d84                __malloc_lock
 .text.__malloc_unlock
                0x08005d88        0x4 c:/program files (x86)/gnu tools arm embedded/4.8 2014q2/bin/../lib/gcc/arm-none-eabi/4.8.4/../../../../arm-none-eabi/lib/armv7e-m\libg.a(lib_a-mlock.o)
                0x08005d88                __malloc_unlock
 .text._Balloc  0x08005d8c       0x4c c:/program files (x86)/gnu tools arm embedded/4.8 2014q2/bin/../lib/gcc/arm-none-eabi/4.8.4/../../../../arm-none-eabi/lib/armv7e-m\libg.a(lib_a-mprec.o)
                0x08005d8c                _Balloc
 .text._Bfree   0x08005dd8       0x14 c:/program files (x86)/gnu tools arm embedded/4.8 2014q2/bin/../lib/gcc/arm-none-eabi/4.8.4/../../../../arm-none-eabi/lib/armv7e-m\libg.a(lib_a-mprec.o)
                0x08005dd8                _Bfree
 .text.__multadd
                0x08005dec       0x98 c:/program files (x86)/gnu tools arm embedded/4.8 2014q2/bin/../lib/gcc/arm-none-eabi/4.8.4/../../../../arm-none-eabi/lib/armv7e-m\libg.a(lib_a-mprec.o)
                0x08005dec                __multadd
 .text.__hi0bits
                0x08005e84       0x40 c:/program files (x86)/gnu tools arm embedded/4.8 2014q2/bin/../lib/gcc/arm-none-eabi/4.8.4/../../../../arm-none-eabi/lib/armv7e-m\libg.a(lib_a-mprec.o)
                0x08005e84                __hi0bits
 .text.__lo0bits
                0x08005ec4       0x5c c:/program files (x86)/gnu tools arm embedded/4.8 2014q2/bin/../lib/gcc/arm-none-eabi/4.8.4/../../../../arm-none-eabi/lib/armv7e-m\libg.a(lib_a-mprec.o)
                0x08005ec4                __lo0bits
 .text.__i2b    0x08005f20       0x14 c:/program files (x86)/gnu tools arm embedded/4.8 2014q2/bin/../lib/gcc/arm-none-eabi/4.8.4/../../../../arm-none-eabi/lib/armv7e-m\libg.a(lib_a-mprec.o)
                0x08005f20                __i2b
 .text.__multiply
                0x08005f34      0x13c c:/program files (x86)/gnu tools arm embedded/4.8 2014q2/bin/../lib/gcc/arm-none-eabi/4.8.4/../../../../arm-none-eabi/lib/armv7e-m\libg.a(lib_a-mprec.o)
                0x08005f34                __multiply
 .text.__pow5mult
                0x08006070       0x9c c:/program files (x86)/gnu tools arm embedded/4.8 2014q2/bin/../lib/gcc/arm-none-eabi/4.8.4/../../../../arm-none-eabi/lib/armv7e-m\libg.a(lib_a-mprec.o)
                0x08006070                __pow5mult
 .text.__lshift
                0x0800610c       0xbc c:/program files (x86)/gnu tools arm embedded/4.8 2014q2/bin/../lib/gcc/arm-none-eabi/4.8.4/../../../../arm-none-eabi/lib/armv7e-m\libg.a(lib_a-mprec.o)
                0x0800610c                __lshift
 .text.__mcmp   0x080061c8       0x48 c:/program files (x86)/gnu tools arm embedded/4.8 2014q2/bin/../lib/gcc/arm-none-eabi/4.8.4/../../../../arm-none-eabi/lib/armv7e-m\libg.a(lib_a-mprec.o)
                0x080061c8                __mcmp
 .text.__mdiff  0x08006210       0xd4 c:/program files (x86)/gnu tools arm embedded/4.8 2014q2/bin/../lib/gcc/arm-none-eabi/4.8.4/../../../../arm-none-eabi/lib/armv7e-m\libg.a(lib_a-mprec.o)
                0x08006210                __mdiff
 .text.__d2b    0x080062e4       0xbc c:/program files (x86)/gnu tools arm embedded/4.8 2014q2/bin/../lib/gcc/arm-none-eabi/4.8.4/../../../../arm-none-eabi/lib/armv7e-m\libg.a(lib_a-mprec.o)
                0x080062e4                __d2b
 .text.__fpclassifyd
                0x080063a0       0x50 c:/program files (x86)/gnu tools arm embedded/4.8 2014q2/bin/../lib/gcc/arm-none-eabi/4.8.4/../../../../arm-none-eabi/lib/armv7e-m\libg.a(lib_a-s_fpclassify.o)
                0x080063a0                __fpclassifyd
 .text._sbrk_r  0x080063f0       0x24 c:/program files (x86)/gnu tools arm embedded/4.8 2014q2/bin/../lib/gcc/arm-none-eabi/4.8.4/../../../../arm-none-eabi/lib/armv7e-m\libg.a(lib_a-sbrkr.o)
                0x080063f0                _sbrk_r
 .text.strlen   0x08006414       0x60 c:/program files (x86)/gnu tools arm embedded/4.8 2014q2/bin/../lib/gcc/arm-none-eabi/4.8.4/../../../../arm-none-eabi/lib/armv7e-m\libg.a(lib_a-strlen.o)
                0x08006414                strlen
 .text.__ssprint_r
                0x08006474      0x100 c:/program files (x86)/gnu tools arm embedded/4.8 2014q2/bin/../lib/gcc/arm-none-eabi/4.8.4/../../../../arm-none-eabi/lib/armv7e-m\libg.a(lib_a-svfiprintf.o)
                0x08006474                __ssprint_r
 .text._calloc_r
                0x08006574       0x60 c:/program files (x86)/gnu tools arm embedded/4.8 2014q2/bin/../lib/gcc/arm-none-eabi/4.8.4/../../../../arm-none-eabi/lib/armv7e-m\libg.a(lib_a-callocr.o)
                0x08006574                _calloc_r
 .text._malloc_trim_r
                0x080065d4       0x9c c:/program files (x86)/gnu tools arm embedded/4.8 2014q2/bin/../lib/gcc/arm-none-eabi/4.8.4/../../../../arm-none-eabi/lib/armv7e-m\libg.a(lib_a-freer.o)
                0x080065d4                _malloc_trim_r
 .text._free_r  0x08006670      0x19c c:/program files (x86)/gnu tools arm embedded/4.8 2014q2/bin/../lib/gcc/arm-none-eabi/4.8.4/../../../../arm-none-eabi/lib/armv7e-m\libg.a(lib_a-freer.o)
                0x08006670                _free_r
 .text.memmove  0x0800680c       0xc0 c:/program files (x86)/gnu tools arm embedded/4.8 2014q2/bin/../lib/gcc/arm-none-eabi/4.8.4/../../../../arm-none-eabi/lib/armv7e-m\libg.a(lib_a-memmove.o)
                0x0800680c                memmove
 .text.memset   0x080068cc       0x94 c:/program files (x86)/gnu tools arm embedded/4.8 2014q2/bin/../lib/gcc/arm-none-eabi/4.8.4/../../../../arm-none-eabi/lib/armv7e-m\libg.a(lib_a-memset.o)
                0x080068cc                memset
 .text._realloc_r
                0x08006960      0x3cc c:/program files (x86)/gnu tools arm embedded/4.8 2014q2/bin/../lib/gcc/arm-none-eabi/4.8.4/../../../../arm-none-eabi/lib/armv7e-m\libg.a(lib_a-reallocr.o)
                0x08006960                _realloc_r
 .text          0x08006d2c      0x370 c:/program files (x86)/gnu tools arm embedded/4.8 2014q2/bin/../lib/gcc/arm-none-eabi/4.8.4/armv7e-m\libgcc.a(_arm_addsubdf3.o)
                0x08006d2c                __aeabi_drsub
                0x08006d34                __aeabi_dsub
                0x08006d34                __subdf3
                0x08006d38                __aeabi_dadd
                0x08006d38                __adddf3
                0x08006fb0                __floatunsidf
                0x08006fb0                __aeabi_ui2d
                0x08006fd0                __floatsidf
                0x08006fd0                __aeabi_i2d
                0x08006ff4                __aeabi_f2d
                0x08006ff4                __extendsfdf2
                0x08007030                __floatundidf
                0x08007030                __aeabi_ul2d
                0x08007040                __floatdidf
                0x08007040                __aeabi_l2d
 .text          0x0800709c      0x424 c:/program files (x86)/gnu tools arm embedded/4.8 2014q2/bin/../lib/gcc/arm-none-eabi/4.8.4/armv7e-m\libgcc.a(_arm_muldivdf3.o)
                0x0800709c                __aeabi_dmul
                0x0800709c                __muldf3
                0x080072f0                __divdf3
                0x080072f0                __aeabi_ddiv
 .text          0x080074c0      0x110 c:/program files (x86)/gnu tools arm embedded/4.8 2014q2/bin/../lib/gcc/arm-none-eabi/4.8.4/armv7e-m\libgcc.a(_arm_cmpdf2.o)
                0x080074c0                __gtdf2
                0x080074c0                __gedf2
                0x080074c8                __ltdf2
                0x080074c8                __ledf2
                0x080074d0                __nedf2
                0x080074d0                __eqdf2
                0x080074d0                __cmpdf2
                0x0800754c                __aeabi_cdrcmple
                0x0800755c                __aeabi_cdcmpeq
                0x0800755c                __aeabi_cdcmple
                0x0800756c                __aeabi_dcmpeq
                0x08007580                __aeabi_dcmplt
                0x08007594                __aeabi_dcmple
                0x080075a8                __aeabi_dcmpge
                0x080075bc                __aeabi_dcmpgt
 .text          0x080075d0       0x50 c:/program files (x86)/gnu tools arm embedded/4.8 2014q2/bin/../lib/gcc/arm-none-eabi/4.8.4/armv7e-m\libgcc.a(_arm_fixdfsi.o)
                0x080075d0                __aeabi_d2iz
                0x080075d0                __fixdfsi
 .text          0x08007620       0x2c c:/program files (x86)/gnu tools arm embedded/4.8 2014q2/bin/../lib/gcc/arm-none-eabi/4.8.4/armv7e-m\libgcc.a(_aeabi_uldivmod.o)
                0x08007620                __aeabi_uldivmod
 .text          0x0800764c       0x60 c:/program files (x86)/gnu tools arm embedded/4.8 2014q2/bin/../lib/gcc/arm-none-eabi/4.8.4/armv7e-m\libgcc.a(bpabi.o)
                0x0800764c                __gnu_ldivmod_helper
                0x0800767c                __gnu_uldivmod_helper
 .text          0x080076ac        0x4 c:/program files (x86)/gnu tools arm embedded/4.8 2014q2/bin/../lib/gcc/arm-none-eabi/4.8.4/armv7e-m\libgcc.a(_dvmd_tls.o)
                0x080076ac                __aeabi_idiv0
                0x080076ac                __aeabi_ldiv0
 .text          0x080076b0      0x298 c:/program files (x86)/gnu tools arm embedded/4.8 2014q2/bin/../lib/gcc/arm-none-eabi/4.8.4/armv7e-m\libgcc.a(_divdi3.o)
                0x080076b0                __divdi3
 .text          0x08007948      0x284 c:/program files (x86)/gnu tools arm embedded/4.8 2014q2/bin/../lib/gcc/arm-none-eabi/4.8.4/armv7e-m\libgcc.a(_udivdi3.o)
                0x08007948                __udivdi3
 *(.init)
 *(.fini)
 *crtbegin.o(.ctors)
 *crtbegin?.o(.ctors)
 *(EXCLUDE_FILE(*crtend.o *crtend?.o) .ctors)
 *(SORT(.ctors.*))
 *(.ctors)
 *crtbegin.o(.dtors)
 *crtbegin?.o(.dtors)
 *(EXCLUDE_FILE(*crtend.o *crtend?.o) .dtors)
 *(SORT(.dtors.*))
 *(.dtors)
 *(.rodata*)
 .rodata        0x08007bcc       0xe4 ..\obj\main.o
 .rodata        0x08007cb0     0x2814 ..\obj\tm_stm32f4_fonts.o
                0x08007cb0                TM_Font7x10
                0x0800841c                TM_Font11x18
                0x08009178                TM_Font16x26
 .rodata.zeroes.6763
                0x0800a4c4       0x10 c:/program files (x86)/gnu tools arm embedded/4.8 2014q2/bin/../lib/gcc/arm-none-eabi/4.8.4/../../../../arm-none-eabi/lib/armv7e-m\libg.a(lib_a-svfprintf.o)
 .rodata.str1.4
                0x0800a4d4       0x42 c:/program files (x86)/gnu tools arm embedded/4.8 2014q2/bin/../lib/gcc/arm-none-eabi/4.8.4/../../../../arm-none-eabi/lib/armv7e-m\libg.a(lib_a-svfprintf.o)
                                 0x44 (size before relaxing)
 *fill*         0x0800a516        0x2 
 .rodata.blanks.6762
                0x0800a518       0x10 c:/program files (x86)/gnu tools arm embedded/4.8 2014q2/bin/../lib/gcc/arm-none-eabi/4.8.4/../../../../arm-none-eabi/lib/armv7e-m\libg.a(lib_a-svfprintf.o)
 .rodata.str1.4
                0x0800a528       0x10 c:/program files (x86)/gnu tools arm embedded/4.8 2014q2/bin/../lib/gcc/arm-none-eabi/4.8.4/../../../../arm-none-eabi/lib/armv7e-m\libg.a(lib_a-dtoa.o)
                                 0x14 (size before relaxing)
 .rodata.str1.4
                0x0800a538        0x2 c:/program files (x86)/gnu tools arm embedded/4.8 2014q2/bin/../lib/gcc/arm-none-eabi/4.8.4/../../../../arm-none-eabi/lib/armv7e-m\libg.a(lib_a-impure.o)
                                  0x4 (size before relaxing)
 *fill*         0x0800a53a        0x2 
 .rodata.str1.4
                0x0800a53c        0xc c:/program files (x86)/gnu tools arm embedded/4.8 2014q2/bin/../lib/gcc/arm-none-eabi/4.8.4/../../../../arm-none-eabi/lib/armv7e-m\libg.a(lib_a-locale.o)
                                 0x14 (size before relaxing)
 .rodata.__mprec_tens
                0x0800a548       0xc8 c:/program files (x86)/gnu tools arm embedded/4.8 2014q2/bin/../lib/gcc/arm-none-eabi/4.8.4/../../../../arm-none-eabi/lib/armv7e-m\libg.a(lib_a-mprec.o)
                0x0800a548                __mprec_tens
 .rodata.__mprec_bigtens
                0x0800a610       0x28 c:/program files (x86)/gnu tools arm embedded/4.8 2014q2/bin/../lib/gcc/arm-none-eabi/4.8.4/../../../../arm-none-eabi/lib/armv7e-m\libg.a(lib_a-mprec.o)
                0x0800a610                __mprec_bigtens
 .rodata.p05.5269
                0x0800a638        0xc c:/program files (x86)/gnu tools arm embedded/4.8 2014q2/bin/../lib/gcc/arm-none-eabi/4.8.4/../../../../arm-none-eabi/lib/armv7e-m\libg.a(lib_a-mprec.o)
 *(.eh_fram e*)

.glue_7         0x0800a644        0x0
 .glue_7        0x00000000        0x0 linker stubs

.glue_7t        0x0800a644        0x0
 .glue_7t       0x00000000        0x0 linker stubs

.vfp11_veneer   0x0800a644        0x0
 .vfp11_veneer  0x00000000        0x0 linker stubs

.v4_bx          0x0800a644        0x0
 .v4_bx         0x00000000        0x0 linker stubs

.iplt           0x0800a644        0x0
 .iplt          0x00000000        0x0 ..\obj\stm32f4xx_syscfg.o

.ARM.extab
 *(.ARM.extab* .gnu.linkonce.armextab.*)
                0x0800a644                __exidx_start = .

.ARM.exidx      0x0800a644        0x8
 *(.ARM.exidx* .gnu.linkonce.armexidx.*)
 .ARM.exidx     0x0800a644        0x8 c:/program files (x86)/gnu tools arm embedded/4.8 2014q2/bin/../lib/gcc/arm-none-eabi/4.8.4/armv7e-m\libgcc.a(_divdi3.o)
 .ARM.exidx     0x0800a64c        0x0 c:/program files (x86)/gnu tools arm embedded/4.8 2014q2/bin/../lib/gcc/arm-none-eabi/4.8.4/armv7e-m\libgcc.a(_udivdi3.o)
                                  0x8 (size before relaxing)
                0x0800a64c                __exidx_end = .
                0x0800a64c                __etext = .
                0x0800a64c                _sidata = __etext

.rel.dyn        0x0800a64c        0x0
 .rel.iplt      0x00000000        0x0 ..\obj\stm32f4xx_syscfg.o

.data           0x20000000    0x23f7c load address 0x0800a64c
                0x20000000                __data_start__ = .
                0x20000000                _sdata = __data_start__
 *(vtable)
 *(.data*)
 .data          0x20000000    0x236c0 ..\obj\main.o
                0x20000000                buttonBackground
 .data          0x200236c0       0x10 ..\obj\stm32f4xx_rcc.o
 .data          0x200236d0        0xc ..\obj\tm_stm32f4_i2c.o
                0x200236d0                TM_I2C_INT_Clocks
 .data          0x200236dc       0x14 ..\obj\system_stm32f4xx.o
                0x200236dc                SystemCoreClock
                0x200236e0                AHBPrescTable
 .data          0x200236f0       0x18 ..\obj\tm_stm32f4_fonts.o
                0x200236f0                TM_Font_7x10
                0x200236f8                TM_Font_11x18
                0x20023700                TM_Font_16x26
 .data.impure_data
                0x20023708      0x428 c:/program files (x86)/gnu tools arm embedded/4.8 2014q2/bin/../lib/gcc/arm-none-eabi/4.8.4/../../../../arm-none-eabi/lib/armv7e-m\libg.a(lib_a-impure.o)
 .data._impure_ptr
                0x20023b30        0x4 c:/program files (x86)/gnu tools arm embedded/4.8 2014q2/bin/../lib/gcc/arm-none-eabi/4.8.4/../../../../arm-none-eabi/lib/armv7e-m\libg.a(lib_a-impure.o)
                0x20023b30                _impure_ptr
 .data.lconv    0x20023b34       0x38 c:/program files (x86)/gnu tools arm embedded/4.8 2014q2/bin/../lib/gcc/arm-none-eabi/4.8.4/../../../../arm-none-eabi/lib/armv7e-m\libg.a(lib_a-locale.o)
 .data.__malloc_av_
                0x20023b6c      0x408 c:/program files (x86)/gnu tools arm embedded/4.8 2014q2/bin/../lib/gcc/arm-none-eabi/4.8.4/../../../../arm-none-eabi/lib/armv7e-m\libg.a(lib_a-mallocr.o)
                0x20023b6c                __malloc_av_
 .data.__malloc_trim_threshold
                0x20023f74        0x4 c:/program files (x86)/gnu tools arm embedded/4.8 2014q2/bin/../lib/gcc/arm-none-eabi/4.8.4/../../../../arm-none-eabi/lib/armv7e-m\libg.a(lib_a-mallocr.o)
                0x20023f74                __malloc_trim_threshold
 .data.__malloc_sbrk_base
                0x20023f78        0x4 c:/program files (x86)/gnu tools arm embedded/4.8 2014q2/bin/../lib/gcc/arm-none-eabi/4.8.4/../../../../arm-none-eabi/lib/armv7e-m\libg.a(lib_a-mallocr.o)
                0x20023f78                __malloc_sbrk_base
                0x20023f7c                . = ALIGN (0x4)
                0x20023f7c                PROVIDE (__preinit_array_start, .)
 *(.preinit_array)
                0x20023f7c                PROVIDE (__preinit_array_end, .)
                0x20023f7c                . = ALIGN (0x4)
                0x20023f7c                PROVIDE (__init_array_start, .)
 *(SORT(.init_array.*))
 *(.init_array)
                0x20023f7c                PROVIDE (__init_array_end, .)
                0x20023f7c                . = ALIGN (0x4)
                0x20023f7c                PROVIDE (__fini_array_start, .)
 *(SORT(.fini_array.*))
 *(.fini_array)
                0x20023f7c                PROVIDE (__fini_array_end, .)
 *(.jcr*)
                0x20023f7c                . = ALIGN (0x4)
                0x20023f7c                __data_end__ = .
                0x20023f7c                _edata = __data_end__

.igot.plt       0x20023f7c        0x0 load address 0x0802e5c8
 .igot.plt      0x00000000        0x0 ..\obj\stm32f4xx_syscfg.o

.bss            0x20023f7c      0x1a4 load address 0x0802e5c8
                0x20023f7c                . = ALIGN (0x4)
                0x20023f7c                __bss_start__ = .
                0x20023f7c                _sbss = __bss_start__
 *(.bss*)
 .bss           0x20023f7c       0x10 ..\obj\tm_stm32f4_delay.o
                0x20023f7c                TM_TimingDelay
                0x20023f80                TM_Time
                0x20023f84                TM_Time2
                0x20023f88                TM_DELAY_Initialized
 .bss.__malloc_max_total_mem
                0x20023f8c        0x4 c:/program files (x86)/gnu tools arm embedded/4.8 2014q2/bin/../lib/gcc/arm-none-eabi/4.8.4/../../../../arm-none-eabi/lib/armv7e-m\libg.a(lib_a-mallocr.o)
                0x20023f8c                __malloc_max_total_mem
 .bss.__malloc_max_sbrked_mem
                0x20023f90        0x4 c:/program files (x86)/gnu tools arm embedded/4.8 2014q2/bin/../lib/gcc/arm-none-eabi/4.8.4/../../../../arm-none-eabi/lib/armv7e-m\libg.a(lib_a-mallocr.o)
                0x20023f90                __malloc_max_sbrked_mem
 .bss.__malloc_top_pad
                0x20023f94        0x4 c:/program files (x86)/gnu tools arm embedded/4.8 2014q2/bin/../lib/gcc/arm-none-eabi/4.8.4/../../../../arm-none-eabi/lib/armv7e-m\libg.a(lib_a-mallocr.o)
                0x20023f94                __malloc_top_pad
 .bss.__malloc_current_mallinfo
                0x20023f98       0x28 c:/program files (x86)/gnu tools arm embedded/4.8 2014q2/bin/../lib/gcc/arm-none-eabi/4.8.4/../../../../arm-none-eabi/lib/armv7e-m\libg.a(lib_a-mallocr.o)
                0x20023f98                __malloc_current_mallinfo
 *(COMMON)
 COMMON         0x20023fc0        0x4 ..\obj\tm_stm32f4_delay.o
                0x20023fc0                mult
 COMMON         0x20023fc4        0xc ..\obj\tm_stm32f4_i2c.o
                0x20023fc4                GPIO_I2C_InitStruct
                0x20023fcc                TM_I2C_Timeout
 COMMON         0x20023fd0        0xc ..\obj\tm_stm32f4_ili9341.o
                0x20023fd0                ILI9341_x
                0x20023fd4                ILI9341_Opts
                0x20023fda                ILI9341_y
 COMMON         0x20023fdc      0x140 ..\obj\tm_stm32f4_ili9341_button.o
                0x20023fdc                TM_ILI9341_Buttons
 COMMON         0x2002411c        0x4 c:/program files (x86)/gnu tools arm embedded/4.8 2014q2/bin/../lib/gcc/arm-none-eabi/4.8.4/../../../../arm-none-eabi/lib/armv7e-m\libg.a(lib_a-reent.o)
                0x2002411c                errno
                0x20024120                . = ALIGN (0x4)
                0x20024120                __bss_end__ = .
                0x20024120                _ebss = __bss_end__

.heap           0x20024120        0x0
                0x20024120                __end__ = .
                0x20024120                _end = __end__
                0x20024120                end = __end__
 *(.heap*)
                0x20024120                __HeapLimit = .

.co_stack       0x20024120      0x800 load address 0x0802e76c
                0x20024120                . = ALIGN (0x8)
 *(.co_stack .co_stack.*)
 .co_stack      0x20024120      0x800 ..\obj\startup_stm32f4xx.o
                0x20024120                pulStack
                0x20020000                __StackTop = (ORIGIN (ram) + 0x20000)
                0x2001f800                __StackLimit = (__StackTop - SIZEOF (.co_stack))
                0x20020000                PROVIDE (__stack, __StackTop)
                0x00000000                ASSERT ((__StackLimit >= __HeapLimit), region ram  overflowed with stack)
LOAD ..\obj\stm32f4xx_syscfg.o
LOAD ..\obj\stm32f4xx_sdio.o
LOAD ..\obj\stm32f4xx_cryp_aes.o
LOAD ..\obj\stm32f4xx_dma2d.o
LOAD ..\obj\stm32f4xx_hash.o
LOAD ..\obj\stm32f4xx_hash_sha1.o
LOAD ..\obj\stm32f4xx_usart.o
LOAD ..\obj\stm32f4xx_pwr.o
LOAD ..\obj\stm32f4xx_can.o
LOAD ..\obj\stm32f4xx_wwdg.o
LOAD ..\obj\stm32f4xx_hash_md5.o
LOAD ..\obj\stm32f4xx_dac.o
LOAD ..\obj\tm_stm32f4_disco.o
LOAD ..\obj\stm32f4xx_ltdc.o
LOAD ..\obj\startup_stm32f4xx.o
LOAD ..\obj\stm32f4xx_crc.o
LOAD ..\obj\stm32f4xx_iwdg.o
LOAD ..\obj\main.o
LOAD ..\obj\stm32f4xx_rcc.o
LOAD ..\obj\tm_stm32f4_stmpe811.o
LOAD ..\obj\stm32f4xx_adc.o
LOAD ..\obj\stm32f4xx_dcmi.o
LOAD ..\obj\tm_stm32f4_delay.o
LOAD ..\obj\stm32f4xx_cryp_des.o
LOAD ..\obj\tm_stm32f4_spi.o
LOAD ..\obj\stm32f4xx_cryp.o
LOAD ..\obj\tm_stm32f4_i2c.o
LOAD ..\obj\stm32f4xx_gpio.o
LOAD ..\obj\stm32f4xx_flash.o
LOAD ..\obj\stm32f4xx_sai.o
LOAD ..\obj\system_stm32f4xx.o
LOAD ..\obj\stm32f4xx_dma.o
LOAD ..\obj\stm32f4xx_fmc.o
LOAD ..\obj\stm32f4xx_spi.o
LOAD ..\obj\stm32f4xx_i2c.o
LOAD ..\obj\tm_stm32f4_ili9341.o
LOAD ..\obj\stm32f4xx_rng.o
LOAD ..\obj\stm32f4xx_exti.o
LOAD ..\obj\misc.o
LOAD ..\obj\stm32f4xx_rtc.o
LOAD ..\obj\stm32f4xx_cryp_tdes.o
LOAD ..\obj\tm_stm32f4_fonts.o
LOAD ..\obj\tm_stm32f4_ili9341_button.o
LOAD ..\obj\stm32f4xx_tim.o
LOAD ..\obj\stm32f4xx_dbgmcu.o
START GROUP
LOAD c:/program files (x86)/gnu tools arm embedded/4.8 2014q2/bin/../lib/gcc/arm-none-eabi/4.8.4/armv7e-m\libgcc.a
LOAD c:/program files (x86)/gnu tools arm embedded/4.8 2014q2/bin/../lib/gcc/arm-none-eabi/4.8.4/../../../../arm-none-eabi/lib/armv7e-m\libg.a
LOAD c:/program files (x86)/gnu tools arm embedded/4.8 2014q2/bin/../lib/gcc/arm-none-eabi/4.8.4/../../../../arm-none-eabi/lib/armv7e-m\libc.a
END GROUP
OUTPUT(FG001.elf elf32-littlearm)

.debug_info     0x00000000     0x65e1
 .debug_info    0x00000000      0x2c5 ..\obj\tm_stm32f4_disco.o
 .debug_info    0x000002c5       0xed ..\obj\startup_stm32f4xx.o
 .debug_info    0x000003b2      0x44f ..\obj\main.o
 .debug_info    0x00000801      0xe11 ..\obj\stm32f4xx_rcc.o
 .debug_info    0x00001612      0x45f ..\obj\tm_stm32f4_stmpe811.o
 .debug_info    0x00001a71      0x760 ..\obj\tm_stm32f4_delay.o
 .debug_info    0x000021d1      0x894 ..\obj\tm_stm32f4_spi.o
 .debug_info    0x00002a65      0x879 ..\obj\tm_stm32f4_i2c.o
 .debug_info    0x000032de      0x605 ..\obj\stm32f4xx_gpio.o
 .debug_info    0x000038e3      0x5bc ..\obj\system_stm32f4xx.o
 .debug_info    0x00003e9f      0xb21 ..\obj\stm32f4xx_spi.o
 .debug_info    0x000049c0      0xb87 ..\obj\stm32f4xx_i2c.o
 .debug_info    0x00005547      0xa7c ..\obj\tm_stm32f4_ili9341.o
 .debug_info    0x00005fc3      0x1a8 ..\obj\tm_stm32f4_fonts.o
 .debug_info    0x0000616b      0x476 ..\obj\tm_stm32f4_ili9341_button.o

.debug_abbrev   0x00000000     0x146c
 .debug_abbrev  0x00000000       0xff ..\obj\tm_stm32f4_disco.o
 .debug_abbrev  0x000000ff       0xb0 ..\obj\startup_stm32f4xx.o
 .debug_abbrev  0x000001af      0x14f ..\obj\main.o
 .debug_abbrev  0x000002fe      0x1ba ..\obj\stm32f4xx_rcc.o
 .debug_abbrev  0x000004b8      0x162 ..\obj\tm_stm32f4_stmpe811.o
 .debug_abbrev  0x0000061a      0x17d ..\obj\tm_stm32f4_delay.o
 .debug_abbrev  0x00000797      0x17a ..\obj\tm_stm32f4_spi.o
 .debug_abbrev  0x00000911      0x18b ..\obj\tm_stm32f4_i2c.o
 .debug_abbrev  0x00000a9c      0x1a3 ..\obj\stm32f4xx_gpio.o
 .debug_abbrev  0x00000c3f      0x136 ..\obj\system_stm32f4xx.o
 .debug_abbrev  0x00000d75      0x167 ..\obj\stm32f4xx_spi.o
 .debug_abbrev  0x00000edc      0x164 ..\obj\stm32f4xx_i2c.o
 .debug_abbrev  0x00001040      0x1ef ..\obj\tm_stm32f4_ili9341.o
 .debug_abbrev  0x0000122f       0xa9 ..\obj\tm_stm32f4_fonts.o
 .debug_abbrev  0x000012d8      0x194 ..\obj\tm_stm32f4_ili9341_button.o

.debug_aranges  0x00000000      0x7b0
 .debug_aranges
                0x00000000       0x28 ..\obj\tm_stm32f4_disco.o
 .debug_aranges
                0x00000028       0x28 ..\obj\startup_stm32f4xx.o
 .debug_aranges
                0x00000050       0x20 ..\obj\main.o
 .debug_aranges
                0x00000070      0x1b8 ..\obj\stm32f4xx_rcc.o
 .debug_aranges
                0x00000228       0x48 ..\obj\tm_stm32f4_stmpe811.o
 .debug_aranges
                0x00000270       0x48 ..\obj\tm_stm32f4_delay.o
 .debug_aranges
                0x000002b8       0x90 ..\obj\tm_stm32f4_spi.o
 .debug_aranges
                0x00000348       0x90 ..\obj\tm_stm32f4_i2c.o
 .debug_aranges
                0x000003d8       0x88 ..\obj\stm32f4xx_gpio.o
 .debug_aranges
                0x00000460       0x30 ..\obj\system_stm32f4xx.o
 .debug_aranges
                0x00000490       0xe0 ..\obj\stm32f4xx_spi.o
 .debug_aranges
                0x00000570      0x130 ..\obj\stm32f4xx_i2c.o
 .debug_aranges
                0x000006a0       0xa0 ..\obj\tm_stm32f4_ili9341.o
 .debug_aranges
                0x00000740       0x18 ..\obj\tm_stm32f4_fonts.o
 .debug_aranges
                0x00000758       0x58 ..\obj\tm_stm32f4_ili9341_button.o

.debug_ranges   0x00000000      0x6b8
 .debug_ranges  0x00000000       0x18 ..\obj\tm_stm32f4_disco.o
 .debug_ranges  0x00000018       0x18 ..\obj\startup_stm32f4xx.o
 .debug_ranges  0x00000030       0x10 ..\obj\main.o
 .debug_ranges  0x00000040      0x1a8 ..\obj\stm32f4xx_rcc.o
 .debug_ranges  0x000001e8       0x38 ..\obj\tm_stm32f4_stmpe811.o
 .debug_ranges  0x00000220       0x38 ..\obj\tm_stm32f4_delay.o
 .debug_ranges  0x00000258       0x80 ..\obj\tm_stm32f4_spi.o
 .debug_ranges  0x000002d8       0x80 ..\obj\tm_stm32f4_i2c.o
 .debug_ranges  0x00000358       0x78 ..\obj\stm32f4xx_gpio.o
 .debug_ranges  0x000003d0       0x20 ..\obj\system_stm32f4xx.o
 .debug_ranges  0x000003f0       0xd0 ..\obj\stm32f4xx_spi.o
 .debug_ranges  0x000004c0      0x120 ..\obj\stm32f4xx_i2c.o
 .debug_ranges  0x000005e0       0x90 ..\obj\tm_stm32f4_ili9341.o
 .debug_ranges  0x00000670       0x48 ..\obj\tm_stm32f4_ili9341_button.o

.debug_line     0x00000000     0x3c48
 .debug_line    0x00000000      0x2d4 ..\obj\tm_stm32f4_disco.o
 .debug_line    0x000002d4       0xd3 ..\obj\startup_stm32f4xx.o
 .debug_line    0x000003a7      0x3e3 ..\obj\main.o
 .debug_line    0x0000078a      0x718 ..\obj\stm32f4xx_rcc.o
 .debug_line    0x00000ea2      0x397 ..\obj\tm_stm32f4_stmpe811.o
 .debug_line    0x00001239      0x2ce ..\obj\tm_stm32f4_delay.o
 .debug_line    0x00001507      0x534 ..\obj\tm_stm32f4_spi.o
 .debug_line    0x00001a3b      0x4e1 ..\obj\tm_stm32f4_i2c.o
 .debug_line    0x00001f1c      0x41c ..\obj\stm32f4xx_gpio.o
 .debug_line    0x00002338      0x270 ..\obj\system_stm32f4xx.o
 .debug_line    0x000025a8      0x532 ..\obj\stm32f4xx_spi.o
 .debug_line    0x00002ada      0x5dc ..\obj\stm32f4xx_i2c.o
 .debug_line    0x000030b6      0x5f5 ..\obj\tm_stm32f4_ili9341.o
 .debug_line    0x000036ab      0x1c4 ..\obj\tm_stm32f4_fonts.o
 .debug_line    0x0000386f      0x3d9 ..\obj\tm_stm32f4_ili9341_button.o

.debug_str      0x00000000     0x2b05
 .debug_str     0x00000000      0x322 ..\obj\tm_stm32f4_disco.o
                                0x370 (size before relaxing)
 .debug_str     0x00000322       0xe2 ..\obj\startup_stm32f4xx.o
                                0x179 (size before relaxing)
 .debug_str     0x00000404      0x3be ..\obj\main.o
                                0x560 (size before relaxing)
 .debug_str     0x000007c2      0x824 ..\obj\stm32f4xx_rcc.o
                                0x9cf (size before relaxing)
 .debug_str     0x00000fe6      0x163 ..\obj\tm_stm32f4_stmpe811.o
                                0x47d (size before relaxing)
 .debug_str     0x00001149      0x711 ..\obj\tm_stm32f4_delay.o
                                0x8b3 (size before relaxing)
 .debug_str     0x0000185a      0x29b ..\obj\tm_stm32f4_spi.o
                                0x605 (size before relaxing)
 .debug_str     0x00001af5      0x237 ..\obj\tm_stm32f4_i2c.o
                                0x61a (size before relaxing)
 .debug_str     0x00001d2c      0x1b3 ..\obj\stm32f4xx_gpio.o
                                0x4d2 (size before relaxing)
 .debug_str     0x00001edf       0xed ..\obj\system_stm32f4xx.o
                                0x3f6 (size before relaxing)
 .debug_str     0x00001fcc      0x31f ..\obj\stm32f4xx_spi.o
                                0x6cf (size before relaxing)
 .debug_str     0x000022eb      0x39a ..\obj\stm32f4xx_i2c.o
                                0x6e4 (size before relaxing)
 .debug_str     0x00002685      0x2a0 ..\obj\tm_stm32f4_ili9341.o
                                0x748 (size before relaxing)
 .debug_str     0x00002925       0x8e ..\obj\tm_stm32f4_fonts.o
                                0x21e (size before relaxing)
 .debug_str     0x000029b3      0x152 ..\obj\tm_stm32f4_ili9341_button.o
                                0x4d5 (size before relaxing)

.comment        0x00000000       0x70
 .comment       0x00000000       0x70 ..\obj\tm_stm32f4_disco.o
                                 0x71 (size before relaxing)
 .comment       0x00000000       0x71 ..\obj\startup_stm32f4xx.o
 .comment       0x00000000       0x71 ..\obj\main.o
 .comment       0x00000000       0x71 ..\obj\stm32f4xx_rcc.o
 .comment       0x00000000       0x71 ..\obj\tm_stm32f4_stmpe811.o
 .comment       0x00000000       0x71 ..\obj\tm_stm32f4_delay.o
 .comment       0x00000000       0x71 ..\obj\tm_stm32f4_spi.o
 .comment       0x00000000       0x71 ..\obj\tm_stm32f4_i2c.o
 .comment       0x00000000       0x71 ..\obj\stm32f4xx_gpio.o
 .comment       0x00000000       0x71 ..\obj\system_stm32f4xx.o
 .comment       0x00000000       0x71 ..\obj\stm32f4xx_spi.o
 .comment       0x00000000       0x71 ..\obj\stm32f4xx_i2c.o
 .comment       0x00000000       0x71 ..\obj\tm_stm32f4_ili9341.o
 .comment       0x00000000       0x71 ..\obj\tm_stm32f4_fonts.o
 .comment       0x00000000       0x71 ..\obj\tm_stm32f4_ili9341_button.o

.ARM.attributes
                0x00000000       0x31
 .ARM.attributes
                0x00000000       0x33 ..\obj\tm_stm32f4_disco.o
 .ARM.attributes
                0x00000033       0x33 ..\obj\startup_stm32f4xx.o
 .ARM.attributes
                0x00000066       0x33 ..\obj\main.o
 .ARM.attributes
                0x00000099       0x33 ..\obj\stm32f4xx_rcc.o
 .ARM.attributes
                0x000000cc       0x33 ..\obj\tm_stm32f4_stmpe811.o
 .ARM.attributes
                0x000000ff       0x33 ..\obj\tm_stm32f4_delay.o
 .ARM.attributes
                0x00000132       0x33 ..\obj\tm_stm32f4_spi.o
 .ARM.attributes
                0x00000165       0x33 ..\obj\tm_stm32f4_i2c.o
 .ARM.attributes
                0x00000198       0x33 ..\obj\stm32f4xx_gpio.o
 .ARM.attributes
                0x000001cb       0x33 ..\obj\system_stm32f4xx.o
 .ARM.attributes
                0x000001fe       0x33 ..\obj\stm32f4xx_spi.o
 .ARM.attributes
                0x00000231       0x33 ..\obj\stm32f4xx_i2c.o
 .ARM.attributes
                0x00000264       0x33 ..\obj\tm_stm32f4_ili9341.o
 .ARM.attributes
                0x00000297       0x33 ..\obj\tm_stm32f4_fonts.o
 .ARM.attributes
                0x000002ca       0x33 ..\obj\tm_stm32f4_ili9341_button.o
 .ARM.attributes
                0x000002fd       0x2e c:/program files (x86)/gnu tools arm embedded/4.8 2014q2/bin/../lib/gcc/arm-none-eabi/4.8.4/../../../../arm-none-eabi/lib/armv7e-m\libg.a(lib_a-sprintf.o)
 .ARM.attributes
                0x0000032b       0x2e c:/program files (x86)/gnu tools arm embedded/4.8 2014q2/bin/../lib/gcc/arm-none-eabi/4.8.4/../../../../arm-none-eabi/lib/armv7e-m\libg.a(lib_a-svfprintf.o)
 .ARM.attributes
                0x00000359       0x2e c:/program files (x86)/gnu tools arm embedded/4.8 2014q2/bin/../lib/gcc/arm-none-eabi/4.8.4/../../../../arm-none-eabi/lib/armv7e-m\libg.a(lib_a-dtoa.o)
 .ARM.attributes
                0x00000387       0x2e c:/program files (x86)/gnu tools arm embedded/4.8 2014q2/bin/../lib/gcc/arm-none-eabi/4.8.4/../../../../arm-none-eabi/lib/armv7e-m\libg.a(lib_a-impure.o)
 .ARM.attributes
                0x000003b5       0x2e c:/program files (x86)/gnu tools arm embedded/4.8 2014q2/bin/../lib/gcc/arm-none-eabi/4.8.4/../../../../arm-none-eabi/lib/armv7e-m\libg.a(lib_a-locale.o)
 .ARM.attributes
                0x000003e3       0x2e c:/program files (x86)/gnu tools arm embedded/4.8 2014q2/bin/../lib/gcc/arm-none-eabi/4.8.4/../../../../arm-none-eabi/lib/armv7e-m\libg.a(lib_a-mallocr.o)
 .ARM.attributes
                0x00000411       0x2e c:/program files (x86)/gnu tools arm embedded/4.8 2014q2/bin/../lib/gcc/arm-none-eabi/4.8.4/../../../../arm-none-eabi/lib/armv7e-m\libg.a(lib_a-memchr-stub.o)
 .ARM.attributes
                0x0000043f       0x1c c:/program files (x86)/gnu tools arm embedded/4.8 2014q2/bin/../lib/gcc/arm-none-eabi/4.8.4/../../../../arm-none-eabi/lib/armv7e-m\libg.a(lib_a-memcpy.o)
 .ARM.attributes
                0x0000045b       0x2e c:/program files (x86)/gnu tools arm embedded/4.8 2014q2/bin/../lib/gcc/arm-none-eabi/4.8.4/../../../../arm-none-eabi/lib/armv7e-m\libg.a(lib_a-mlock.o)
 .ARM.attributes
                0x00000489       0x2e c:/program files (x86)/gnu tools arm embedded/4.8 2014q2/bin/../lib/gcc/arm-none-eabi/4.8.4/../../../../arm-none-eabi/lib/armv7e-m\libg.a(lib_a-mprec.o)
 .ARM.attributes
                0x000004b7       0x2e c:/program files (x86)/gnu tools arm embedded/4.8 2014q2/bin/../lib/gcc/arm-none-eabi/4.8.4/../../../../arm-none-eabi/lib/armv7e-m\libg.a(lib_a-s_fpclassify.o)
 .ARM.attributes
                0x000004e5       0x2e c:/program files (x86)/gnu tools arm embedded/4.8 2014q2/bin/../lib/gcc/arm-none-eabi/4.8.4/../../../../arm-none-eabi/lib/armv7e-m\libg.a(lib_a-sbrkr.o)
 .ARM.attributes
                0x00000513       0x2e c:/program files (x86)/gnu tools arm embedded/4.8 2014q2/bin/../lib/gcc/arm-none-eabi/4.8.4/../../../../arm-none-eabi/lib/armv7e-m\libg.a(lib_a-strlen.o)
 .ARM.attributes
                0x00000541       0x2e c:/program files (x86)/gnu tools arm embedded/4.8 2014q2/bin/../lib/gcc/arm-none-eabi/4.8.4/../../../../arm-none-eabi/lib/armv7e-m\libg.a(lib_a-svfiprintf.o)
 .ARM.attributes
                0x0000056f       0x2e c:/program files (x86)/gnu tools arm embedded/4.8 2014q2/bin/../lib/gcc/arm-none-eabi/4.8.4/../../../../arm-none-eabi/lib/armv7e-m\libg.a(lib_a-callocr.o)
 .ARM.attributes
                0x0000059d       0x2e c:/program files (x86)/gnu tools arm embedded/4.8 2014q2/bin/../lib/gcc/arm-none-eabi/4.8.4/../../../../arm-none-eabi/lib/armv7e-m\libg.a(lib_a-freer.o)
 .ARM.attributes
                0x000005cb       0x2e c:/program files (x86)/gnu tools arm embedded/4.8 2014q2/bin/../lib/gcc/arm-none-eabi/4.8.4/../../../../arm-none-eabi/lib/armv7e-m\libg.a(lib_a-memmove.o)
 .ARM.attributes
                0x000005f9       0x2e c:/program files (x86)/gnu tools arm embedded/4.8 2014q2/bin/../lib/gcc/arm-none-eabi/4.8.4/../../../../arm-none-eabi/lib/armv7e-m\libg.a(lib_a-memset.o)
 .ARM.attributes
                0x00000627       0x2e c:/program files (x86)/gnu tools arm embedded/4.8 2014q2/bin/../lib/gcc/arm-none-eabi/4.8.4/../../../../arm-none-eabi/lib/armv7e-m\libg.a(lib_a-reallocr.o)
 .ARM.attributes
                0x00000655       0x2e c:/program files (x86)/gnu tools arm embedded/4.8 2014q2/bin/../lib/gcc/arm-none-eabi/4.8.4/../../../../arm-none-eabi/lib/armv7e-m\libg.a(lib_a-reent.o)
 .ARM.attributes
                0x00000683       0x1e c:/program files (x86)/gnu tools arm embedded/4.8 2014q2/bin/../lib/gcc/arm-none-eabi/4.8.4/armv7e-m\libgcc.a(_arm_addsubdf3.o)
 .ARM.attributes
                0x000006a1       0x1e c:/program files (x86)/gnu tools arm embedded/4.8 2014q2/bin/../lib/gcc/arm-none-eabi/4.8.4/armv7e-m\libgcc.a(_arm_muldivdf3.o)
 .ARM.attributes
                0x000006bf       0x1e c:/program files (x86)/gnu tools arm embedded/4.8 2014q2/bin/../lib/gcc/arm-none-eabi/4.8.4/armv7e-m\libgcc.a(_arm_cmpdf2.o)
 .ARM.attributes
                0x000006dd       0x1e c:/program files (x86)/gnu tools arm embedded/4.8 2014q2/bin/../lib/gcc/arm-none-eabi/4.8.4/armv7e-m\libgcc.a(_arm_fixdfsi.o)
 .ARM.attributes
                0x000006fb       0x1e c:/program files (x86)/gnu tools arm embedded/4.8 2014q2/bin/../lib/gcc/arm-none-eabi/4.8.4/armv7e-m\libgcc.a(_aeabi_uldivmod.o)
 .ARM.attributes
                0x00000719       0x2e c:/program files (x86)/gnu tools arm embedded/4.8 2014q2/bin/../lib/gcc/arm-none-eabi/4.8.4/armv7e-m\libgcc.a(bpabi.o)
 .ARM.attributes
                0x00000747       0x1e c:/program files (x86)/gnu tools arm embedded/4.8 2014q2/bin/../lib/gcc/arm-none-eabi/4.8.4/armv7e-m\libgcc.a(_dvmd_tls.o)
 .ARM.attributes
                0x00000765       0x2e c:/program files (x86)/gnu tools arm embedded/4.8 2014q2/bin/../lib/gcc/arm-none-eabi/4.8.4/armv7e-m\libgcc.a(_divdi3.o)
 .ARM.attributes
                0x00000793       0x2e c:/program files (x86)/gnu tools arm embedded/4.8 2014q2/bin/../lib/gcc/arm-none-eabi/4.8.4/armv7e-m\libgcc.a(_udivdi3.o)

.debug_frame    0x00000000     0x1efc
 .debug_frame   0x00000000       0x50 ..\obj\tm_stm32f4_disco.o
 .debug_frame   0x00000050       0x48 ..\obj\startup_stm32f4xx.o
 .debug_frame   0x00000098       0x34 ..\obj\main.o
 .debug_frame   0x000000cc      0x5b8 ..\obj\stm32f4xx_rcc.o
 .debug_frame   0x00000684       0xcc ..\obj\tm_stm32f4_stmpe811.o
 .debug_frame   0x00000750       0xb0 ..\obj\tm_stm32f4_delay.o
 .debug_frame   0x00000800      0x1f0 ..\obj\tm_stm32f4_spi.o
 .debug_frame   0x000009f0      0x1f0 ..\obj\tm_stm32f4_i2c.o
 .debug_frame   0x00000be0      0x19c ..\obj\stm32f4xx_gpio.o
 .debug_frame   0x00000d7c       0x64 ..\obj\system_stm32f4xx.o
 .debug_frame   0x00000de0      0x2d0 ..\obj\stm32f4xx_spi.o
 .debug_frame   0x000010b0      0x3ec ..\obj\stm32f4xx_i2c.o
 .debug_frame   0x0000149c      0x224 ..\obj\tm_stm32f4_ili9341.o
 .debug_frame   0x000016c0      0x100 ..\obj\tm_stm32f4_ili9341_button.o
 .debug_frame   0x000017c0       0x64 c:/program files (x86)/gnu tools arm embedded/4.8 2014q2/bin/../lib/gcc/arm-none-eabi/4.8.4/../../../../arm-none-eabi/lib/armv7e-m\libg.a(lib_a-sprintf.o)
 .debug_frame   0x00001824       0x3c c:/program files (x86)/gnu tools arm embedded/4.8 2014q2/bin/../lib/gcc/arm-none-eabi/4.8.4/../../../../arm-none-eabi/lib/armv7e-m\libg.a(lib_a-svfprintf.o)
 .debug_frame   0x00001860       0x64 c:/program files (x86)/gnu tools arm embedded/4.8 2014q2/bin/../lib/gcc/arm-none-eabi/4.8.4/../../../../arm-none-eabi/lib/armv7e-m\libg.a(lib_a-dtoa.o)
 .debug_frame   0x000018c4       0x98 c:/program files (x86)/gnu tools arm embedded/4.8 2014q2/bin/../lib/gcc/arm-none-eabi/4.8.4/../../../../arm-none-eabi/lib/armv7e-m\libg.a(lib_a-locale.o)
 .debug_frame   0x0000195c       0x38 c:/program files (x86)/gnu tools arm embedded/4.8 2014q2/bin/../lib/gcc/arm-none-eabi/4.8.4/../../../../arm-none-eabi/lib/armv7e-m\libg.a(lib_a-mallocr.o)
 .debug_frame   0x00001994       0x2c c:/program files (x86)/gnu tools arm embedded/4.8 2014q2/bin/../lib/gcc/arm-none-eabi/4.8.4/../../../../arm-none-eabi/lib/armv7e-m\libg.a(lib_a-memchr-stub.o)
 .debug_frame   0x000019c0       0x30 c:/program files (x86)/gnu tools arm embedded/4.8 2014q2/bin/../lib/gcc/arm-none-eabi/4.8.4/../../../../arm-none-eabi/lib/armv7e-m\libg.a(lib_a-mlock.o)
 .debug_frame   0x000019f0      0x22c c:/program files (x86)/gnu tools arm embedded/4.8 2014q2/bin/../lib/gcc/arm-none-eabi/4.8.4/../../../../arm-none-eabi/lib/armv7e-m\libg.a(lib_a-mprec.o)
 .debug_frame   0x00001c1c       0x28 c:/program files (x86)/gnu tools arm embedded/4.8 2014q2/bin/../lib/gcc/arm-none-eabi/4.8.4/../../../../arm-none-eabi/lib/armv7e-m\libg.a(lib_a-s_fpclassify.o)
 .debug_frame   0x00001c44       0x2c c:/program files (x86)/gnu tools arm embedded/4.8 2014q2/bin/../lib/gcc/arm-none-eabi/4.8.4/../../../../arm-none-eabi/lib/armv7e-m\libg.a(lib_a-sbrkr.o)
 .debug_frame   0x00001c70       0x20 c:/program files (x86)/gnu tools arm embedded/4.8 2014q2/bin/../lib/gcc/arm-none-eabi/4.8.4/../../../../arm-none-eabi/lib/armv7e-m\libg.a(lib_a-strlen.o)
 .debug_frame   0x00001c90       0x64 c:/program files (x86)/gnu tools arm embedded/4.8 2014q2/bin/../lib/gcc/arm-none-eabi/4.8.4/../../../../arm-none-eabi/lib/armv7e-m\libg.a(lib_a-svfiprintf.o)
 .debug_frame   0x00001cf4       0x28 c:/program files (x86)/gnu tools arm embedded/4.8 2014q2/bin/../lib/gcc/arm-none-eabi/4.8.4/../../../../arm-none-eabi/lib/armv7e-m\libg.a(lib_a-callocr.o)
 .debug_frame   0x00001d1c       0x50 c:/program files (x86)/gnu tools arm embedded/4.8 2014q2/bin/../lib/gcc/arm-none-eabi/4.8.4/../../../../arm-none-eabi/lib/armv7e-m\libg.a(lib_a-freer.o)
 .debug_frame   0x00001d6c       0x2c c:/program files (x86)/gnu tools arm embedded/4.8 2014q2/bin/../lib/gcc/arm-none-eabi/4.8.4/../../../../arm-none-eabi/lib/armv7e-m\libg.a(lib_a-memmove.o)
 .debug_frame   0x00001d98       0x2c c:/program files (x86)/gnu tools arm embedded/4.8 2014q2/bin/../lib/gcc/arm-none-eabi/4.8.4/../../../../arm-none-eabi/lib/armv7e-m\libg.a(lib_a-memset.o)
 .debug_frame   0x00001dc4       0x38 c:/program files (x86)/gnu tools arm embedded/4.8 2014q2/bin/../lib/gcc/arm-none-eabi/4.8.4/../../../../arm-none-eabi/lib/armv7e-m\libg.a(lib_a-reallocr.o)
 .debug_frame   0x00001dfc       0x48 c:/program files (x86)/gnu tools arm embedded/4.8 2014q2/bin/../lib/gcc/arm-none-eabi/4.8.4/../../../../arm-none-eabi/lib/armv7e-m\libg.a(lib_a-reent.o)
 .debug_frame   0x00001e44       0x50 c:/program files (x86)/gnu tools arm embedded/4.8 2014q2/bin/../lib/gcc/arm-none-eabi/4.8.4/armv7e-m\libgcc.a(bpabi.o)
 .debug_frame   0x00001e94       0x34 c:/program files (x86)/gnu tools arm embedded/4.8 2014q2/bin/../lib/gcc/arm-none-eabi/4.8.4/armv7e-m\libgcc.a(_divdi3.o)
 .debug_frame   0x00001ec8       0x34 c:/program files (x86)/gnu tools arm embedded/4.8 2014q2/bin/../lib/gcc/arm-none-eabi/4.8.4/armv7e-m\libgcc.a(_udivdi3.o)
