Archive member included because of file (symbol)

c:/program files (x86)/gnu tools arm embedded/4.9 2015q1/bin/../lib/gcc/arm-none-eabi/4.9.3/armv6-m\libgcc.a(_udivsi3.o)
                              ..\obj\main.o (__aeabi_uidiv)
c:/program files (x86)/gnu tools arm embedded/4.9 2015q1/bin/../lib/gcc/arm-none-eabi/4.9.3/armv6-m\libgcc.a(_dvmd_tls.o)
                              c:/program files (x86)/gnu tools arm embedded/4.9 2015q1/bin/../lib/gcc/arm-none-eabi/4.9.3/armv6-m\libgcc.a(_udivsi3.o) (__aeabi_idiv0)
c:/program files (x86)/gnu tools arm embedded/4.9 2015q1/bin/../lib/gcc/arm-none-eabi/4.9.3/armv6-m\libgcc.a(_arm_cmpdf2.o)
                              ..\obj\pid.o (__aeabi_dcmplt)
c:/program files (x86)/gnu tools arm embedded/4.9 2015q1/bin/../lib/gcc/arm-none-eabi/4.9.3/armv6-m\libgcc.a(adddf3.o)
                              ..\obj\pid.o (__aeabi_dadd)
c:/program files (x86)/gnu tools arm embedded/4.9 2015q1/bin/../lib/gcc/arm-none-eabi/4.9.3/armv6-m\libgcc.a(eqdf2.o)
                              c:/program files (x86)/gnu tools arm embedded/4.9 2015q1/bin/../lib/gcc/arm-none-eabi/4.9.3/armv6-m\libgcc.a(_arm_cmpdf2.o) (__eqdf2)
c:/program files (x86)/gnu tools arm embedded/4.9 2015q1/bin/../lib/gcc/arm-none-eabi/4.9.3/armv6-m\libgcc.a(gedf2.o)
                              c:/program files (x86)/gnu tools arm embedded/4.9 2015q1/bin/../lib/gcc/arm-none-eabi/4.9.3/armv6-m\libgcc.a(_arm_cmpdf2.o) (__gedf2)
c:/program files (x86)/gnu tools arm embedded/4.9 2015q1/bin/../lib/gcc/arm-none-eabi/4.9.3/armv6-m\libgcc.a(ledf2.o)
                              c:/program files (x86)/gnu tools arm embedded/4.9 2015q1/bin/../lib/gcc/arm-none-eabi/4.9.3/armv6-m\libgcc.a(_arm_cmpdf2.o) (__ledf2)
c:/program files (x86)/gnu tools arm embedded/4.9 2015q1/bin/../lib/gcc/arm-none-eabi/4.9.3/armv6-m\libgcc.a(muldf3.o)
                              ..\obj\pid.o (__aeabi_dmul)
c:/program files (x86)/gnu tools arm embedded/4.9 2015q1/bin/../lib/gcc/arm-none-eabi/4.9.3/armv6-m\libgcc.a(subdf3.o)
                              ..\obj\pid.o (__aeabi_dsub)
c:/program files (x86)/gnu tools arm embedded/4.9 2015q1/bin/../lib/gcc/arm-none-eabi/4.9.3/armv6-m\libgcc.a(_clzsi2.o)
                              c:/program files (x86)/gnu tools arm embedded/4.9 2015q1/bin/../lib/gcc/arm-none-eabi/4.9.3/armv6-m\libgcc.a(adddf3.o) (__clzsi2)
c:/program files (x86)/gnu tools arm embedded/4.9 2015q1/bin/../lib/gcc/arm-none-eabi/4.9.3/../../../../arm-none-eabi/lib/armv6-m\libg.a(lib_a-memcpy.o)
                              ..\obj\system_M051Series.o (memcpy)

Allocating common symbols
Common symbol       size              file

duty_changed        0x1               ..\obj\main.o
display_mode        0x1               ..\obj\display.o
_expwm_callback_arr
                    0x20              ..\obj\expwm.o
duty_pwm            0x4               ..\obj\main.o
display_busy        0x1               ..\obj\display.o
ENCODER_USER_Callback
                    0x4               ..\obj\main.o

Discarded input sections

 .text          0x00000000        0x0 ..\obj\startup_M051Series.o
 .data          0x00000000        0x0 ..\obj\startup_M051Series.o
 .bss           0x00000000        0x0 ..\obj\startup_M051Series.o
 .text          0x00000000        0x0 ..\obj\expwm.o
 .data          0x00000000        0x0 ..\obj\expwm.o
 .bss           0x00000000        0x6 ..\obj\expwm.o
 .text.NVIC_EnableIRQ
                0x00000000       0x2c ..\obj\expwm.o
 .text.EXPWM_Init
                0x00000000      0x2c4 ..\obj\expwm.o
 .text          0x00000000        0x0 ..\obj\pwm_freq.o
 .data          0x00000000        0x0 ..\obj\pwm_freq.o
 .bss           0x00000000        0x0 ..\obj\pwm_freq.o
 .text.SYS_SysTickDelay
                0x00000000       0x3c ..\obj\pwm_freq.o
 .text.PWM_RPM_Collect
                0x00000000       0x60 ..\obj\pwm_freq.o
 .debug_info    0x00000000      0x147 ..\obj\pwm_freq.o
 .debug_abbrev  0x00000000       0xe9 ..\obj\pwm_freq.o
 .debug_aranges
                0x00000000       0x28 ..\obj\pwm_freq.o
 .debug_ranges  0x00000000       0x18 ..\obj\pwm_freq.o
 .debug_line    0x00000000      0x2f6 ..\obj\pwm_freq.o
 .debug_str     0x00000000      0x1d5 ..\obj\pwm_freq.o
 .comment       0x00000000       0x71 ..\obj\pwm_freq.o
 .debug_frame   0x00000000       0x50 ..\obj\pwm_freq.o
 .ARM.attributes
                0x00000000       0x31 ..\obj\pwm_freq.o
 .text          0x00000000        0x0 ..\obj\main.o
 .data          0x00000000        0x0 ..\obj\main.o
 .text.PWMA_IRQHandler
                0x00000000       0x78 ..\obj\main.o
 .text.RPM_COUNT_GetPeriodLength
                0x00000000       0x24 ..\obj\main.o
 .text.MOTOR_PWM_SetDuty
                0x00000000       0x20 ..\obj\main.o
 .text          0x00000000        0x0 ..\obj\display.o
 .data          0x00000000        0x0 ..\obj\display.o
 .bss           0x00000000        0x0 ..\obj\display.o
 .text.DISPLAY_RPM
                0x00000000       0x44 ..\obj\display.o
 .text.DISPLAY_DUTY
                0x00000000       0x4c ..\obj\display.o
 .text          0x00000000        0x0 ..\obj\hd44780.o
 .data          0x00000000        0x0 ..\obj\hd44780.o
 .bss           0x00000000        0x0 ..\obj\hd44780.o
 .text.HD44780_DisplayN
                0x00000000       0x74 ..\obj\hd44780.o
 .text.HD44780_DisplayN_POS
                0x00000000      0x17c ..\obj\hd44780.o
 .text          0x00000000        0x0 ..\obj\system_M051Series.o
 .bss           0x00000000        0x0 ..\obj\system_M051Series.o
 .rodata        0x00000000       0x24 ..\obj\system_M051Series.o
 .text.DrvSYS_GetPLLClockFreq
                0x00000000       0xb0 ..\obj\system_M051Series.o
 .text.SystemCoreClockUpdate
                0x00000000       0x8c ..\obj\system_M051Series.o
 .text          0x00000000        0x0 ..\obj\pid.o
 .data          0x00000000        0x0 ..\obj\pid.o
 .bss           0x00000000        0x0 ..\obj\pid.o
 .text.pid_Limit
                0x00000000       0x48 ..\obj\pid.o
 .text.PID_Init
                0x00000000       0x14 ..\obj\pid.o
 .text.PID_Compute
                0x00000000      0x14c ..\obj\pid.o
 .debug_info    0x00000000      0x1cf ..\obj\pid.o
 .debug_abbrev  0x00000000       0xf7 ..\obj\pid.o
 .debug_aranges
                0x00000000       0x30 ..\obj\pid.o
 .debug_ranges  0x00000000       0x20 ..\obj\pid.o
 .debug_line    0x00000000       0xc6 ..\obj\pid.o
 .debug_str     0x00000000      0x1cc ..\obj\pid.o
 .comment       0x00000000       0x71 ..\obj\pid.o
 .debug_frame   0x00000000       0x74 ..\obj\pid.o
 .ARM.attributes
                0x00000000       0x31 ..\obj\pid.o
 .text          0x00000000      0x120 c:/program files (x86)/gnu tools arm embedded/4.9 2015q1/bin/../lib/gcc/arm-none-eabi/4.9.3/armv6-m\libgcc.a(_udivsi3.o)
 .data          0x00000000        0x0 c:/program files (x86)/gnu tools arm embedded/4.9 2015q1/bin/../lib/gcc/arm-none-eabi/4.9.3/armv6-m\libgcc.a(_udivsi3.o)
 .bss           0x00000000        0x0 c:/program files (x86)/gnu tools arm embedded/4.9 2015q1/bin/../lib/gcc/arm-none-eabi/4.9.3/armv6-m\libgcc.a(_udivsi3.o)
 .debug_frame   0x00000000       0x20 c:/program files (x86)/gnu tools arm embedded/4.9 2015q1/bin/../lib/gcc/arm-none-eabi/4.9.3/armv6-m\libgcc.a(_udivsi3.o)
 .ARM.attributes
                0x00000000       0x1e c:/program files (x86)/gnu tools arm embedded/4.9 2015q1/bin/../lib/gcc/arm-none-eabi/4.9.3/armv6-m\libgcc.a(_udivsi3.o)
 .text          0x00000000        0x4 c:/program files (x86)/gnu tools arm embedded/4.9 2015q1/bin/../lib/gcc/arm-none-eabi/4.9.3/armv6-m\libgcc.a(_dvmd_tls.o)
 .data          0x00000000        0x0 c:/program files (x86)/gnu tools arm embedded/4.9 2015q1/bin/../lib/gcc/arm-none-eabi/4.9.3/armv6-m\libgcc.a(_dvmd_tls.o)
 .bss           0x00000000        0x0 c:/program files (x86)/gnu tools arm embedded/4.9 2015q1/bin/../lib/gcc/arm-none-eabi/4.9.3/armv6-m\libgcc.a(_dvmd_tls.o)
 .ARM.attributes
                0x00000000       0x1e c:/program files (x86)/gnu tools arm embedded/4.9 2015q1/bin/../lib/gcc/arm-none-eabi/4.9.3/armv6-m\libgcc.a(_dvmd_tls.o)
 .text          0x00000000       0x7c c:/program files (x86)/gnu tools arm embedded/4.9 2015q1/bin/../lib/gcc/arm-none-eabi/4.9.3/armv6-m\libgcc.a(_arm_cmpdf2.o)
 .data          0x00000000        0x0 c:/program files (x86)/gnu tools arm embedded/4.9 2015q1/bin/../lib/gcc/arm-none-eabi/4.9.3/armv6-m\libgcc.a(_arm_cmpdf2.o)
 .bss           0x00000000        0x0 c:/program files (x86)/gnu tools arm embedded/4.9 2015q1/bin/../lib/gcc/arm-none-eabi/4.9.3/armv6-m\libgcc.a(_arm_cmpdf2.o)
 .ARM.attributes
                0x00000000       0x1e c:/program files (x86)/gnu tools arm embedded/4.9 2015q1/bin/../lib/gcc/arm-none-eabi/4.9.3/armv6-m\libgcc.a(_arm_cmpdf2.o)
 .text          0x00000000      0x650 c:/program files (x86)/gnu tools arm embedded/4.9 2015q1/bin/../lib/gcc/arm-none-eabi/4.9.3/armv6-m\libgcc.a(adddf3.o)
 .data          0x00000000        0x0 c:/program files (x86)/gnu tools arm embedded/4.9 2015q1/bin/../lib/gcc/arm-none-eabi/4.9.3/armv6-m\libgcc.a(adddf3.o)
 .bss           0x00000000        0x0 c:/program files (x86)/gnu tools arm embedded/4.9 2015q1/bin/../lib/gcc/arm-none-eabi/4.9.3/armv6-m\libgcc.a(adddf3.o)
 .debug_frame   0x00000000       0x38 c:/program files (x86)/gnu tools arm embedded/4.9 2015q1/bin/../lib/gcc/arm-none-eabi/4.9.3/armv6-m\libgcc.a(adddf3.o)
 .ARM.attributes
                0x00000000       0x2c c:/program files (x86)/gnu tools arm embedded/4.9 2015q1/bin/../lib/gcc/arm-none-eabi/4.9.3/armv6-m\libgcc.a(adddf3.o)
 .text          0x00000000       0x88 c:/program files (x86)/gnu tools arm embedded/4.9 2015q1/bin/../lib/gcc/arm-none-eabi/4.9.3/armv6-m\libgcc.a(eqdf2.o)
 .data          0x00000000        0x0 c:/program files (x86)/gnu tools arm embedded/4.9 2015q1/bin/../lib/gcc/arm-none-eabi/4.9.3/armv6-m\libgcc.a(eqdf2.o)
 .bss           0x00000000        0x0 c:/program files (x86)/gnu tools arm embedded/4.9 2015q1/bin/../lib/gcc/arm-none-eabi/4.9.3/armv6-m\libgcc.a(eqdf2.o)
 .debug_frame   0x00000000       0x38 c:/program files (x86)/gnu tools arm embedded/4.9 2015q1/bin/../lib/gcc/arm-none-eabi/4.9.3/armv6-m\libgcc.a(eqdf2.o)
 .ARM.attributes
                0x00000000       0x2c c:/program files (x86)/gnu tools arm embedded/4.9 2015q1/bin/../lib/gcc/arm-none-eabi/4.9.3/armv6-m\libgcc.a(eqdf2.o)
 .text          0x00000000       0xe0 c:/program files (x86)/gnu tools arm embedded/4.9 2015q1/bin/../lib/gcc/arm-none-eabi/4.9.3/armv6-m\libgcc.a(gedf2.o)
 .data          0x00000000        0x0 c:/program files (x86)/gnu tools arm embedded/4.9 2015q1/bin/../lib/gcc/arm-none-eabi/4.9.3/armv6-m\libgcc.a(gedf2.o)
 .bss           0x00000000        0x0 c:/program files (x86)/gnu tools arm embedded/4.9 2015q1/bin/../lib/gcc/arm-none-eabi/4.9.3/armv6-m\libgcc.a(gedf2.o)
 .debug_frame   0x00000000       0x38 c:/program files (x86)/gnu tools arm embedded/4.9 2015q1/bin/../lib/gcc/arm-none-eabi/4.9.3/armv6-m\libgcc.a(gedf2.o)
 .ARM.attributes
                0x00000000       0x2c c:/program files (x86)/gnu tools arm embedded/4.9 2015q1/bin/../lib/gcc/arm-none-eabi/4.9.3/armv6-m\libgcc.a(gedf2.o)
 .text          0x00000000       0xcc c:/program files (x86)/gnu tools arm embedded/4.9 2015q1/bin/../lib/gcc/arm-none-eabi/4.9.3/armv6-m\libgcc.a(ledf2.o)
 .data          0x00000000        0x0 c:/program files (x86)/gnu tools arm embedded/4.9 2015q1/bin/../lib/gcc/arm-none-eabi/4.9.3/armv6-m\libgcc.a(ledf2.o)
 .bss           0x00000000        0x0 c:/program files (x86)/gnu tools arm embedded/4.9 2015q1/bin/../lib/gcc/arm-none-eabi/4.9.3/armv6-m\libgcc.a(ledf2.o)
 .debug_frame   0x00000000       0x38 c:/program files (x86)/gnu tools arm embedded/4.9 2015q1/bin/../lib/gcc/arm-none-eabi/4.9.3/armv6-m\libgcc.a(ledf2.o)
 .ARM.attributes
                0x00000000       0x2c c:/program files (x86)/gnu tools arm embedded/4.9 2015q1/bin/../lib/gcc/arm-none-eabi/4.9.3/armv6-m\libgcc.a(ledf2.o)
 .text          0x00000000      0x534 c:/program files (x86)/gnu tools arm embedded/4.9 2015q1/bin/../lib/gcc/arm-none-eabi/4.9.3/armv6-m\libgcc.a(muldf3.o)
 .data          0x00000000        0x0 c:/program files (x86)/gnu tools arm embedded/4.9 2015q1/bin/../lib/gcc/arm-none-eabi/4.9.3/armv6-m\libgcc.a(muldf3.o)
 .bss           0x00000000        0x0 c:/program files (x86)/gnu tools arm embedded/4.9 2015q1/bin/../lib/gcc/arm-none-eabi/4.9.3/armv6-m\libgcc.a(muldf3.o)
 .rodata        0x00000000       0x40 c:/program files (x86)/gnu tools arm embedded/4.9 2015q1/bin/../lib/gcc/arm-none-eabi/4.9.3/armv6-m\libgcc.a(muldf3.o)
 .debug_frame   0x00000000       0x3c c:/program files (x86)/gnu tools arm embedded/4.9 2015q1/bin/../lib/gcc/arm-none-eabi/4.9.3/armv6-m\libgcc.a(muldf3.o)
 .ARM.attributes
                0x00000000       0x2c c:/program files (x86)/gnu tools arm embedded/4.9 2015q1/bin/../lib/gcc/arm-none-eabi/4.9.3/armv6-m\libgcc.a(muldf3.o)
 .text          0x00000000      0x6f4 c:/program files (x86)/gnu tools arm embedded/4.9 2015q1/bin/../lib/gcc/arm-none-eabi/4.9.3/armv6-m\libgcc.a(subdf3.o)
 .data          0x00000000        0x0 c:/program files (x86)/gnu tools arm embedded/4.9 2015q1/bin/../lib/gcc/arm-none-eabi/4.9.3/armv6-m\libgcc.a(subdf3.o)
 .bss           0x00000000        0x0 c:/program files (x86)/gnu tools arm embedded/4.9 2015q1/bin/../lib/gcc/arm-none-eabi/4.9.3/armv6-m\libgcc.a(subdf3.o)
 .debug_frame   0x00000000       0x3c c:/program files (x86)/gnu tools arm embedded/4.9 2015q1/bin/../lib/gcc/arm-none-eabi/4.9.3/armv6-m\libgcc.a(subdf3.o)
 .ARM.attributes
                0x00000000       0x2c c:/program files (x86)/gnu tools arm embedded/4.9 2015q1/bin/../lib/gcc/arm-none-eabi/4.9.3/armv6-m\libgcc.a(subdf3.o)
 .text          0x00000000       0x3c c:/program files (x86)/gnu tools arm embedded/4.9 2015q1/bin/../lib/gcc/arm-none-eabi/4.9.3/armv6-m\libgcc.a(_clzsi2.o)
 .data          0x00000000        0x0 c:/program files (x86)/gnu tools arm embedded/4.9 2015q1/bin/../lib/gcc/arm-none-eabi/4.9.3/armv6-m\libgcc.a(_clzsi2.o)
 .bss           0x00000000        0x0 c:/program files (x86)/gnu tools arm embedded/4.9 2015q1/bin/../lib/gcc/arm-none-eabi/4.9.3/armv6-m\libgcc.a(_clzsi2.o)
 .ARM.attributes
                0x00000000       0x1e c:/program files (x86)/gnu tools arm embedded/4.9 2015q1/bin/../lib/gcc/arm-none-eabi/4.9.3/armv6-m\libgcc.a(_clzsi2.o)
 .text          0x00000000        0x0 c:/program files (x86)/gnu tools arm embedded/4.9 2015q1/bin/../lib/gcc/arm-none-eabi/4.9.3/../../../../arm-none-eabi/lib/armv6-m\libg.a(lib_a-memcpy.o)
 .data          0x00000000        0x0 c:/program files (x86)/gnu tools arm embedded/4.9 2015q1/bin/../lib/gcc/arm-none-eabi/4.9.3/../../../../arm-none-eabi/lib/armv6-m\libg.a(lib_a-memcpy.o)
 .bss           0x00000000        0x0 c:/program files (x86)/gnu tools arm embedded/4.9 2015q1/bin/../lib/gcc/arm-none-eabi/4.9.3/../../../../arm-none-eabi/lib/armv6-m\libg.a(lib_a-memcpy.o)
 .text.memcpy   0x00000000       0x7c c:/program files (x86)/gnu tools arm embedded/4.9 2015q1/bin/../lib/gcc/arm-none-eabi/4.9.3/../../../../arm-none-eabi/lib/armv6-m\libg.a(lib_a-memcpy.o)
 .debug_frame   0x00000000       0x2c c:/program files (x86)/gnu tools arm embedded/4.9 2015q1/bin/../lib/gcc/arm-none-eabi/4.9.3/../../../../arm-none-eabi/lib/armv6-m\libg.a(lib_a-memcpy.o)
 .ARM.attributes
                0x00000000       0x2c c:/program files (x86)/gnu tools arm embedded/4.9 2015q1/bin/../lib/gcc/arm-none-eabi/4.9.3/../../../../arm-none-eabi/lib/armv6-m\libg.a(lib_a-memcpy.o)

Memory Configuration

Name             Origin             Length             Attributes
rom              0x00000000         0x00010000         xr
ram              0x20000000         0x00001000         xrw
*default*        0x00000000         0xffffffff

Linker script and memory map

                0x20001000                _eram = 0x20001000

.text           0x00000000      0xe5c
 *(.isr_vector)
 .isr_vector    0x00000000       0xc0 ..\obj\startup_M051Series.o
                0x00000000                g_pfnVectors
 *(.text*)
 .text.Default_Reset_Handler
                0x000000c0       0x64 ..\obj\startup_M051Series.o
                0x000000c0                Default_Reset_Handler
                0x000000c0                Reset_Handler
 .text.Default_Handler
                0x00000124        0x8 ..\obj\startup_M051Series.o
                0x00000124                HardFault_Handler
                0x00000124                SysTick_Handler
                0x00000124                PendSV_Handler
                0x00000124                NMI_Handler
                0x00000124                UART1_IRQHandler
                0x00000124                PS2_IRQHandler
                0x00000124                UART0_IRQHandler
                0x00000124                USBD_IRQHandler
                0x00000124                SPI1_IRQHandler
                0x00000124                TMR0_IRQHandler
                0x00000124                I2S_IRQHandler
                0x00000124                PWRWU_IRQHandler
                0x00000124                EINT1_IRQHandler
                0x00000124                ADC_IRQHandler
                0x00000124                BOD_IRQHandler
                0x00000124                SPI2_IRQHandler
                0x00000124                I2C_IRQHandler
                0x00000124                WDT_IRQHandler
                0x00000124                SVC_Handler
                0x00000124                PDMA_IRQHandler
                0x00000124                EINT0_IRQHandler
                0x00000124                TMR3_IRQHandler
                0x00000124                SPI0_IRQHandler
                0x00000124                SPI3_IRQHandler
                0x00000124                TMR1_IRQHandler
                0x00000124                GPIOP2P3P4_IRQHandler
 .text.PWMA_IRQHandler
                0x0000012c       0x48 ..\obj\expwm.o
                0x0000012c                PWMA_IRQHandler
 .text.PWMB_IRQHandler
                0x00000174       0x4c ..\obj\expwm.o
                0x00000174                PWMB_IRQHandler
 .text.NVIC_EnableIRQ
                0x000001c0       0x2c ..\obj\main.o
 .text.NVIC_SetPriority
                0x000001ec       0xd4 ..\obj\main.o
 .text.SYS_WaitingForClockReady
                0x000002c0       0x38 ..\obj\main.o
 .text.SYS_SysTickDelay
                0x000002f8       0x3c ..\obj\main.o
 .text.SYS_UnlockReg
                0x00000334       0x3c ..\obj\main.o
 .text.SYS_LockReg
                0x00000370       0x14 ..\obj\main.o
 .text.GPIO_EnableInt
                0x00000384       0x3c ..\obj\main.o
 .text.SYS_Init
                0x000003c0      0x19c ..\obj\main.o
                0x000003c0                SYS_Init
 .text.RPM_Clear
                0x0000055c       0x4c ..\obj\main.o
                0x0000055c                RPM_Clear
 .text.RPM_Add  0x000005a8       0x70 ..\obj\main.o
                0x000005a8                RPM_Add
 .text.TMR2_IRQHandler
                0x00000618      0x104 ..\obj\main.o
                0x00000618                TMR2_IRQHandler
 .text.GPIOP0P1_IRQHandler
                0x0000071c       0x88 ..\obj\main.o
                0x0000071c                GPIOP0P1_IRQHandler
 .text.ENCODER_Init
                0x000007a4       0x48 ..\obj\main.o
                0x000007a4                ENCODER_Init
 .text.ENCODER_Callback
                0x000007ec       0x50 ..\obj\main.o
                0x000007ec                ENCODER_Callback
 .text.RPM_Init
                0x0000083c       0x38 ..\obj\main.o
                0x0000083c                RPM_Init
 .text.TEST_INIT
                0x00000874       0x74 ..\obj\main.o
                0x00000874                TEST_INIT
 .text.main     0x000008e8      0x100 ..\obj\main.o
                0x000008e8                main
 .text.DISPLAY_Init
                0x000009e8       0x18 ..\obj\display.o
                0x000009e8                DISPLAY_Init
 .text.DISPLAY_Mode
                0x00000a00       0xa4 ..\obj\display.o
                0x00000a00                DISPLAY_Mode
 .text.SYS_SysTickDelay
                0x00000aa4       0x3c ..\obj\hd44780.o
 .text.HD44780_Pulse
                0x00000ae0       0x30 ..\obj\hd44780.o
                0x00000ae0                HD44780_Pulse
 .text.HD44780_ClearPins
                0x00000b10       0x44 ..\obj\hd44780.o
                0x00000b10                HD44780_ClearPins
 .text.HD44780_Write
                0x00000b54       0xd4 ..\obj\hd44780.o
                0x00000b54                HD44780_Write
 .text.HD44780_CLS
                0x00000c28       0x2c ..\obj\hd44780.o
                0x00000c28                HD44780_CLS
 .text.HD44780_Init
                0x00000c54       0x44 ..\obj\hd44780.o
                0x00000c54                HD44780_Init
 .text.HD44780_DisplayString
                0x00000c98       0x38 ..\obj\hd44780.o
                0x00000c98                HD44780_DisplayString
 .text.HD44780_LocationSet
                0x00000cd0       0x4c ..\obj\hd44780.o
                0x00000cd0                HD44780_LocationSet
 .text.SYS_UnlockReg
                0x00000d1c       0x3c ..\obj\system_M051Series.o
 .text.SYS_LockReg
                0x00000d58       0x14 ..\obj\system_M051Series.o
 .text.SystemInit
                0x00000d6c       0xb8 ..\obj\system_M051Series.o
                0x00000d6c                SystemInit
 *(.init)
 *(.fini)
 *crtbegin.o(.ctors)
 *crtbegin?.o(.ctors)
 *(EXCLUDE_FILE(*crtend.o *crtend?.o) .ctors)
 *(SORT(.ctors.*))
 *(.ctors)
 *crtbegin.o(.dtors)
 *crtbegin?.o(.dtors)
 *(EXCLUDE_FILE(*crtend.o *crtend?.o) .dtors)
 *(SORT(.dtors.*))
 *(.dtors)
 *(.rodata*)
 .rodata        0x00000e24       0x10 ..\obj\main.o
                0x00000e24                ENCODER_TABLE
 .rodata        0x00000e34       0x28 ..\obj\display.o
 *(.eh_fram e*)

.glue_7         0x00000e5c        0x0
 .glue_7        0x00000000        0x0 linker stubs

.glue_7t        0x00000e5c        0x0
 .glue_7t       0x00000000        0x0 linker stubs

.vfp11_veneer   0x00000e5c        0x0
 .vfp11_veneer  0x00000000        0x0 linker stubs

.v4_bx          0x00000e5c        0x0
 .v4_bx         0x00000000        0x0 linker stubs

.iplt           0x00000e5c        0x0
 .iplt          0x00000000        0x0 ..\obj\startup_M051Series.o

.rel.dyn        0x00000e5c        0x0
 .rel.iplt      0x00000000        0x0 ..\obj\startup_M051Series.o

.ARM.extab
 *(.ARM.extab* .gnu.linkonce.armextab.*)
                0x00000e5c                __exidx_start = .

.ARM.exidx
 *(.ARM.exidx* .gnu.linkonce.armexidx.*)
                0x00000e5c                __exidx_end = .
                0x00000e5c                __etext = .
                0x00000e5c                _sidata = __etext

.data           0x20000000        0xc load address 0x00000e5c
                0x20000000                __data_start__ = .
                0x20000000                _sdata = __data_start__
 *(vtable)
 *(.data*)
 .data          0x20000000        0xc ..\obj\system_M051Series.o
                0x20000000                SystemCoreClock
                0x20000004                CyclesPerUs
                0x20000008                PllClock
                0x2000000c                . = ALIGN (0x4)
                0x2000000c                PROVIDE (__preinit_array_start, .)
 *(.preinit_array)
                0x2000000c                PROVIDE (__preinit_array_end, .)
                0x2000000c                . = ALIGN (0x4)
                0x2000000c                PROVIDE (__init_array_start, .)
 *(SORT(.init_array.*))
 *(.init_array)
                0x2000000c                PROVIDE (__init_array_end, .)
                0x2000000c                . = ALIGN (0x4)
                0x2000000c                PROVIDE (__fini_array_start, .)
 *(SORT(.fini_array.*))
 *(.fini_array)
                0x2000000c                PROVIDE (__fini_array_end, .)
 *(.jcr*)
                0x2000000c                . = ALIGN (0x4)
                0x2000000c                __data_end__ = .
                0x2000000c                _edata = __data_end__

.igot.plt       0x2000000c        0x0 load address 0x00000e68
 .igot.plt      0x00000000        0x0 ..\obj\startup_M051Series.o

.bss            0x2000000c       0x84 load address 0x00000e68
                0x2000000c                . = ALIGN (0x4)
                0x2000000c                __bss_start__ = .
                0x2000000c                _sbss = __bss_start__
 *(.bss*)
 .bss           0x2000000c       0x54 ..\obj\main.o
 *(COMMON)
 COMMON         0x20000060       0x20 ..\obj\expwm.o
                0x20000060                _expwm_callback_arr
 COMMON         0x20000080        0xc ..\obj\main.o
                0x20000080                duty_changed
                0x20000084                duty_pwm
                0x20000088                ENCODER_USER_Callback
 COMMON         0x2000008c        0x2 ..\obj\display.o
                0x2000008c                display_mode
                0x2000008d                display_busy
                0x20000090                . = ALIGN (0x4)
 *fill*         0x2000008e        0x2 
                0x20000090                __bss_end__ = .
                0x20000090                _ebss = __bss_end__

.heap           0x20000090        0x0
                0x20000090                __end__ = .
                0x20000090                _end = __end__
                0x20000090                end = __end__
 *(.heap*)
                0x20000090                __HeapLimit = .

.co_stack       0x20000090      0x400 load address 0x00000eec
                0x20000090                . = ALIGN (0x8)
 *(.co_stack .co_stack.*)
 .co_stack      0x20000090      0x400 ..\obj\startup_M051Series.o
                0x20000090                pulStack
                0x20001000                __StackTop = (ORIGIN (ram) + 0x1000)
                0x20000c00                __StackLimit = (__StackTop - SIZEOF (.co_stack))
                0x20001000                PROVIDE (__stack, __StackTop)
                0x00000001                ASSERT ((__StackLimit >= __HeapLimit), region ram  overflowed with stack)
LOAD ..\obj\startup_M051Series.o
LOAD ..\obj\expwm.o
LOAD ..\obj\pwm_freq.o
LOAD ..\obj\main.o
LOAD ..\obj\display.o
LOAD ..\obj\hd44780.o
LOAD ..\obj\system_M051Series.o
LOAD ..\obj\pid.o
START GROUP
LOAD c:/program files (x86)/gnu tools arm embedded/4.9 2015q1/bin/../lib/gcc/arm-none-eabi/4.9.3/armv6-m\libgcc.a
LOAD c:/program files (x86)/gnu tools arm embedded/4.9 2015q1/bin/../lib/gcc/arm-none-eabi/4.9.3/../../../../arm-none-eabi/lib/armv6-m\libg.a
LOAD c:/program files (x86)/gnu tools arm embedded/4.9 2015q1/bin/../lib/gcc/arm-none-eabi/4.9.3/../../../../arm-none-eabi/lib/armv6-m\libc.a
END GROUP
OUTPUT(PWM.elf elf32-littlearm)

.debug_info     0x00000000     0x1b4d
 .debug_info    0x00000000       0xff ..\obj\startup_M051Series.o
 .debug_info    0x000000ff      0x6bc ..\obj\expwm.o
 .debug_info    0x000007bb      0xbe2 ..\obj\main.o
 .debug_info    0x0000139d       0xe4 ..\obj\display.o
 .debug_info    0x00001481      0x2b2 ..\obj\hd44780.o
 .debug_info    0x00001733      0x41a ..\obj\system_M051Series.o

.debug_abbrev   0x00000000      0x799
 .debug_abbrev  0x00000000       0xa7 ..\obj\startup_M051Series.o
 .debug_abbrev  0x000000a7      0x191 ..\obj\expwm.o
 .debug_abbrev  0x00000238      0x271 ..\obj\main.o
 .debug_abbrev  0x000004a9       0x8b ..\obj\display.o
 .debug_abbrev  0x00000534      0x150 ..\obj\hd44780.o
 .debug_abbrev  0x00000684      0x115 ..\obj\system_M051Series.o

.debug_aranges  0x00000000      0x1f8
 .debug_aranges
                0x00000000       0x28 ..\obj\startup_M051Series.o
 .debug_aranges
                0x00000028       0x38 ..\obj\expwm.o
 .debug_aranges
                0x00000060       0xb8 ..\obj\main.o
 .debug_aranges
                0x00000118       0x38 ..\obj\display.o
 .debug_aranges
                0x00000150       0x68 ..\obj\hd44780.o
 .debug_aranges
                0x000001b8       0x40 ..\obj\system_M051Series.o

.debug_ranges   0x00000000      0x198
 .debug_ranges  0x00000000       0x18 ..\obj\startup_M051Series.o
 .debug_ranges  0x00000018       0x28 ..\obj\expwm.o
 .debug_ranges  0x00000040       0xa8 ..\obj\main.o
 .debug_ranges  0x000000e8       0x28 ..\obj\display.o
 .debug_ranges  0x00000110       0x58 ..\obj\hd44780.o
 .debug_ranges  0x00000168       0x30 ..\obj\system_M051Series.o

.debug_line     0x00000000     0x108f
 .debug_line    0x00000000       0xd6 ..\obj\startup_M051Series.o
 .debug_line    0x000000d6      0x32c ..\obj\expwm.o
 .debug_line    0x00000402      0x551 ..\obj\main.o
 .debug_line    0x00000953       0xef ..\obj\display.o
 .debug_line    0x00000a42      0x3c6 ..\obj\hd44780.o
 .debug_line    0x00000e08      0x287 ..\obj\system_M051Series.o

.debug_str      0x00000000      0xd2b
 .debug_str     0x00000000      0x171 ..\obj\startup_M051Series.o
                                0x183 (size before relaxing)
 .debug_str     0x00000171      0x490 ..\obj\expwm.o
                                0x56a (size before relaxing)
 .debug_str     0x00000601      0x3a8 ..\obj\main.o
                                0x7b1 (size before relaxing)
 .debug_str     0x000009a9       0xbb ..\obj\display.o
                                0x16e (size before relaxing)
 .debug_str     0x00000a64      0x11b ..\obj\hd44780.o
                                0x27c (size before relaxing)
 .debug_str     0x00000b7f      0x1ac ..\obj\system_M051Series.o
                                0x40d (size before relaxing)

.comment        0x00000000       0x70
 .comment       0x00000000       0x70 ..\obj\startup_M051Series.o
                                 0x71 (size before relaxing)
 .comment       0x00000000       0x71 ..\obj\expwm.o
 .comment       0x00000000       0x71 ..\obj\main.o
 .comment       0x00000000       0x71 ..\obj\display.o
 .comment       0x00000000       0x71 ..\obj\hd44780.o
 .comment       0x00000000       0x71 ..\obj\system_M051Series.o

.ARM.attributes
                0x00000000       0x31
 .ARM.attributes
                0x00000000       0x31 ..\obj\startup_M051Series.o
 .ARM.attributes
                0x00000031       0x31 ..\obj\expwm.o
 .ARM.attributes
                0x00000062       0x31 ..\obj\main.o
 .ARM.attributes
                0x00000093       0x31 ..\obj\display.o
 .ARM.attributes
                0x000000c4       0x31 ..\obj\hd44780.o
 .ARM.attributes
                0x000000f5       0x31 ..\obj\system_M051Series.o

.debug_frame    0x00000000      0x5c4
 .debug_frame   0x00000000       0x4c ..\obj\startup_M051Series.o
 .debug_frame   0x0000004c       0x90 ..\obj\expwm.o
 .debug_frame   0x000000dc      0x274 ..\obj\main.o
 .debug_frame   0x00000350       0x8c ..\obj\display.o
 .debug_frame   0x000003dc      0x140 ..\obj\hd44780.o
 .debug_frame   0x0000051c       0xa8 ..\obj\system_M051Series.o
