Archive member included because of file (symbol)

c:/program files (x86)/gnu tools arm embedded/4.9 2014q4/bin/../lib/gcc/arm-none-eabi/4.9.3/armv6-m\libgcc.a(_udivsi3.o)
                              ..\obj\calibration.o (__aeabi_uidiv)
c:/program files (x86)/gnu tools arm embedded/4.9 2014q4/bin/../lib/gcc/arm-none-eabi/4.9.3/armv6-m\libgcc.a(_dvmd_tls.o)
                              c:/program files (x86)/gnu tools arm embedded/4.9 2014q4/bin/../lib/gcc/arm-none-eabi/4.9.3/armv6-m\libgcc.a(_udivsi3.o) (__aeabi_idiv0)
c:/program files (x86)/gnu tools arm embedded/4.9 2014q4/bin/../lib/gcc/arm-none-eabi/4.9.3/../../../../arm-none-eabi/lib/armv6-m\libg.a(lib_a-memcpy.o)
                              ..\obj\system_M051Series.o (memcpy)

Allocating common symbols
Common symbol       size              file

GLOBAL_MOTOR_RPMPRESET_CHANGED
                    0x1               ..\obj\main.o
DisplayPWM          0x14              ..\obj\main.o
RPM_ready           0x1               ..\obj\rpm_count.o
display_mode        0x1               ..\obj\display.o
_expwm_callback_arr
                    0x20              ..\obj\expwm.o
GLOBAL_MOTOR_DUTY_CHANGED
                    0x1               ..\obj\main.o
MotorPWM            0x14              ..\obj\motor.o
TestPWM             0x14              ..\obj\test_gen.o
RPM_result          0x4               ..\obj\rpm_count.o
ENCODER_USER_Callback
                    0x4               ..\obj\encoder.o

Discarded input sections

 .text          0x00000000        0x0 ..\obj\control.o
 .text          0x00000000        0x0 ..\obj\startup_M051Series.o
 .data          0x00000000        0x0 ..\obj\startup_M051Series.o
 .bss           0x00000000        0x0 ..\obj\startup_M051Series.o
 .text          0x00000000        0x0 ..\obj\ili9341_fonts.o
 .data          0x00000000        0x0 ..\obj\ili9341_fonts.o
 .bss           0x00000000        0x0 ..\obj\ili9341_fonts.o
 .text          0x00000000        0x0 ..\obj\expwm.o
 .data          0x00000000        0x0 ..\obj\expwm.o
 .text.EXPWM_GetDuty
                0x00000000       0x14 ..\obj\expwm.o
 .text          0x00000000        0x0 ..\obj\calibration.o
 .data          0x00000000        0x0 ..\obj\calibration.o
 .bss           0x00000000        0x0 ..\obj\calibration.o
 .text.SYS_SysTickDelay
                0x00000000       0x3c ..\obj\calibration.o
 .text.CALIBRATION_START
                0x00000000       0xbc ..\obj\calibration.o
 .debug_info    0x00000000      0x162 ..\obj\calibration.o
 .debug_abbrev  0x00000000       0xe9 ..\obj\calibration.o
 .debug_aranges
                0x00000000       0x28 ..\obj\calibration.o
 .debug_ranges  0x00000000       0x18 ..\obj\calibration.o
 .debug_line    0x00000000      0x335 ..\obj\calibration.o
 .debug_str     0x00000000      0x217 ..\obj\calibration.o
 .comment       0x00000000       0x71 ..\obj\calibration.o
 .debug_frame   0x00000000       0x50 ..\obj\calibration.o
 .ARM.attributes
                0x00000000       0x31 ..\obj\calibration.o
 .text          0x00000000        0x0 ..\obj\main.o
 .data          0x00000000        0x0 ..\obj\main.o
 .bss           0x00000000        0x0 ..\obj\main.o
 .text          0x00000000        0x0 ..\obj\rpm_count.o
 .data          0x00000000        0x0 ..\obj\rpm_count.o
 .text          0x00000000        0x0 ..\obj\encoder.o
 .data          0x00000000        0x0 ..\obj\encoder.o
 .text          0x00000000        0x0 ..\obj\test_gen.o
 .data          0x00000000        0x0 ..\obj\test_gen.o
 .bss           0x00000000        0x0 ..\obj\test_gen.o
 .text          0x00000000        0x0 ..\obj\display.o
 .text.DISPLAY_CAL_DATA
                0x00000000       0xb8 ..\obj\display.o
 .text          0x00000000        0x0 ..\obj\motor.o
 .data          0x00000000        0x0 ..\obj\motor.o
 .text.SYS_SysTickDelay
                0x00000000       0x3c ..\obj\motor.o
 .text.Motor_GracefullStop
                0x00000000       0x54 ..\obj\motor.o
 .text          0x00000000        0x0 ..\obj\system_M051Series.o
 .bss           0x00000000        0x0 ..\obj\system_M051Series.o
 .rodata        0x00000000       0x24 ..\obj\system_M051Series.o
 .text.DrvSYS_GetPLLClockFreq
                0x00000000       0xb0 ..\obj\system_M051Series.o
 .text.SystemCoreClockUpdate
                0x00000000       0x8c ..\obj\system_M051Series.o
 .text          0x00000000        0x0 ..\obj\ili9341.o
 .data          0x00000000        0x0 ..\obj\ili9341.o
 .bss           0x00000000        0x0 ..\obj\ili9341.o
 .text.ILI9341_DrawPixel
                0x00000000       0x48 ..\obj\ili9341.o
 .data          0x00000000        0x0 c:/program files (x86)/gnu tools arm embedded/4.9 2014q4/bin/../lib/gcc/arm-none-eabi/4.9.3/armv6-m\libgcc.a(_udivsi3.o)
 .bss           0x00000000        0x0 c:/program files (x86)/gnu tools arm embedded/4.9 2014q4/bin/../lib/gcc/arm-none-eabi/4.9.3/armv6-m\libgcc.a(_udivsi3.o)
 .data          0x00000000        0x0 c:/program files (x86)/gnu tools arm embedded/4.9 2014q4/bin/../lib/gcc/arm-none-eabi/4.9.3/armv6-m\libgcc.a(_dvmd_tls.o)
 .bss           0x00000000        0x0 c:/program files (x86)/gnu tools arm embedded/4.9 2014q4/bin/../lib/gcc/arm-none-eabi/4.9.3/armv6-m\libgcc.a(_dvmd_tls.o)
 .text          0x00000000        0x0 c:/program files (x86)/gnu tools arm embedded/4.9 2014q4/bin/../lib/gcc/arm-none-eabi/4.9.3/../../../../arm-none-eabi/lib/armv6-m\libg.a(lib_a-memcpy.o)
 .data          0x00000000        0x0 c:/program files (x86)/gnu tools arm embedded/4.9 2014q4/bin/../lib/gcc/arm-none-eabi/4.9.3/../../../../arm-none-eabi/lib/armv6-m\libg.a(lib_a-memcpy.o)
 .bss           0x00000000        0x0 c:/program files (x86)/gnu tools arm embedded/4.9 2014q4/bin/../lib/gcc/arm-none-eabi/4.9.3/../../../../arm-none-eabi/lib/armv6-m\libg.a(lib_a-memcpy.o)
 .text.memcpy   0x00000000       0x7c c:/program files (x86)/gnu tools arm embedded/4.9 2014q4/bin/../lib/gcc/arm-none-eabi/4.9.3/../../../../arm-none-eabi/lib/armv6-m\libg.a(lib_a-memcpy.o)
 .debug_frame   0x00000000       0x2c c:/program files (x86)/gnu tools arm embedded/4.9 2014q4/bin/../lib/gcc/arm-none-eabi/4.9.3/../../../../arm-none-eabi/lib/armv6-m\libg.a(lib_a-memcpy.o)
 .ARM.attributes
                0x00000000       0x2c c:/program files (x86)/gnu tools arm embedded/4.9 2014q4/bin/../lib/gcc/arm-none-eabi/4.9.3/../../../../arm-none-eabi/lib/armv6-m\libg.a(lib_a-memcpy.o)

Memory Configuration

Name             Origin             Length             Attributes
rom              0x00000000         0x00010000         xr
ram              0x20000000         0x00001000         xrw
*default*        0x00000000         0xffffffff

Linker script and memory map

                0x20001000                _eram = 0x20001000

.text           0x00000000     0x4608
 *(.isr_vector)
 .isr_vector    0x00000000       0xc0 ..\obj\startup_M051Series.o
                0x00000000                g_pfnVectors
 *(.text*)
 .text.SYS_SysTickDelay
                0x000000c0       0x3c ..\obj\control.o
 .text.CONTROL_INIT
                0x000000fc       0x5c ..\obj\control.o
                0x000000fc                CONTROL_INIT
 .text.CONTROL_WORKER
                0x00000158       0xa0 ..\obj\control.o
                0x00000158                CONTROL_WORKER
 .text.Default_Reset_Handler
                0x000001f8       0x64 ..\obj\startup_M051Series.o
                0x000001f8                Default_Reset_Handler
                0x000001f8                Reset_Handler
 .text.Default_Handler
                0x0000025c        0x8 ..\obj\startup_M051Series.o
                0x0000025c                HardFault_Handler
                0x0000025c                SysTick_Handler
                0x0000025c                PendSV_Handler
                0x0000025c                NMI_Handler
                0x0000025c                UART1_IRQHandler
                0x0000025c                PS2_IRQHandler
                0x0000025c                UART0_IRQHandler
                0x0000025c                USBD_IRQHandler
                0x0000025c                SPI1_IRQHandler
                0x0000025c                TMR0_IRQHandler
                0x0000025c                I2S_IRQHandler
                0x0000025c                PWRWU_IRQHandler
                0x0000025c                EINT1_IRQHandler
                0x0000025c                ADC_IRQHandler
                0x0000025c                BOD_IRQHandler
                0x0000025c                SPI2_IRQHandler
                0x0000025c                I2C_IRQHandler
                0x0000025c                WDT_IRQHandler
                0x0000025c                SVC_Handler
                0x0000025c                PDMA_IRQHandler
                0x0000025c                EINT0_IRQHandler
                0x0000025c                TMR3_IRQHandler
                0x0000025c                SPI0_IRQHandler
                0x0000025c                SPI3_IRQHandler
                0x0000025c                TMR1_IRQHandler
                0x0000025c                GPIOP2P3P4_IRQHandler
 .text.NVIC_EnableIRQ
                0x00000264       0x2c ..\obj\expwm.o
 .text.EXPWM_Init
                0x00000290      0x30c ..\obj\expwm.o
                0x00000290                EXPWM_Init
 .text.EXPWM_PortEnable
                0x0000059c       0x54 ..\obj\expwm.o
                0x0000059c                EXPWM_PortEnable
 .text.EXPWM_PortDisable
                0x000005f0       0x58 ..\obj\expwm.o
                0x000005f0                EXPWM_PortDisable
 .text.EXPWM_SetDuty
                0x00000648       0x70 ..\obj\expwm.o
                0x00000648                EXPWM_SetDuty
 .text.PWMA_IRQHandler
                0x000006b8       0x48 ..\obj\expwm.o
                0x000006b8                PWMA_IRQHandler
 .text.PWMB_IRQHandler
                0x00000700       0x4c ..\obj\expwm.o
                0x00000700                PWMB_IRQHandler
 .text.NVIC_SetPriority
                0x0000074c       0xd4 ..\obj\main.o
 .text.SYS_WaitingForClockReady
                0x00000820       0x38 ..\obj\main.o
 .text.SYS_SysTickDelay
                0x00000858       0x3c ..\obj\main.o
 .text.SYS_UnlockReg
                0x00000894       0x3c ..\obj\main.o
 .text.SYS_LockReg
                0x000008d0       0x14 ..\obj\main.o
 .text.SYS_Init
                0x000008e4       0x7c ..\obj\main.o
                0x000008e4                SYS_Init
 .text.DisplayPWM_Callback
                0x00000960       0xa0 ..\obj\main.o
                0x00000960                DisplayPWM_Callback
 .text.DisplayPWM_Init
                0x00000a00       0x4c ..\obj\main.o
                0x00000a00                DisplayPWM_Init
 .text.main     0x00000a4c       0x94 ..\obj\main.o
                0x00000a4c                main
 .text.NVIC_EnableIRQ
                0x00000ae0       0x2c ..\obj\rpm_count.o
 .text.RPM_Clear
                0x00000b0c       0x54 ..\obj\rpm_count.o
                0x00000b0c                RPM_Clear
 .text.RPM_Add  0x00000b60       0x70 ..\obj\rpm_count.o
                0x00000b60                RPM_Add
 .text.TMR2_IRQHandler
                0x00000bd0      0x100 ..\obj\rpm_count.o
                0x00000bd0                TMR2_IRQHandler
 .text.RPM_Init
                0x00000cd0       0x7c ..\obj\rpm_count.o
                0x00000cd0                RPM_Init
 .text.NVIC_EnableIRQ
                0x00000d4c       0x2c ..\obj\encoder.o
 .text.SYS_SysTickDelay
                0x00000d78       0x3c ..\obj\encoder.o
 .text.GPIO_EnableInt
                0x00000db4       0x3c ..\obj\encoder.o
 .text.GPIOP0P1_IRQHandler
                0x00000df0       0x88 ..\obj\encoder.o
                0x00000df0                GPIOP0P1_IRQHandler
 .text.ENCODER_Init
                0x00000e78       0x8c ..\obj\encoder.o
                0x00000e78                ENCODER_Init
 .text.ENCODER_Callback
                0x00000f04       0x94 ..\obj\encoder.o
                0x00000f04                ENCODER_Callback
 .text.TEST_INIT
                0x00000f98       0x40 ..\obj\test_gen.o
                0x00000f98                TEST_INIT
 .text.DISPLAY_Init
                0x00000fd8       0x20 ..\obj\display.o
                0x00000fd8                DISPLAY_Init
 .text.DISPLAY_Mode
                0x00000ff8       0xc0 ..\obj\display.o
                0x00000ff8                DISPLAY_Mode
 .text.DISPLAY_RPM
                0x000010b8       0x80 ..\obj\display.o
                0x000010b8                DISPLAY_RPM
 .text.DISPLAY_DUTY
                0x00001138       0x84 ..\obj\display.o
                0x00001138                DISPLAY_DUTY
 .text.DISPLAY_RPM_SET
                0x000011bc       0x84 ..\obj\display.o
                0x000011bc                DISPLAY_RPM_SET
 .text.DISPLAY_CTRL_MODE
                0x00001240       0x94 ..\obj\display.o
                0x00001240                DISPLAY_CTRL_MODE
 .text.Motor_Init
                0x000012d4       0x40 ..\obj\motor.o
                0x000012d4                Motor_Init
 .text._Motor_SetZero
                0x00001314       0x20 ..\obj\motor.o
                0x00001314                _Motor_SetZero
 .text._Motor_EnablePWM
                0x00001334       0x14 ..\obj\motor.o
                0x00001334                _Motor_EnablePWM
 .text.Motor_GetDuty
                0x00001348       0x14 ..\obj\motor.o
                0x00001348                Motor_GetDuty
 .text.Motor_SetDuty
                0x0000135c       0x74 ..\obj\motor.o
                0x0000135c                Motor_SetDuty
 .text.SYS_UnlockReg
                0x000013d0       0x3c ..\obj\system_M051Series.o
 .text.SYS_LockReg
                0x0000140c       0x14 ..\obj\system_M051Series.o
 .text.SystemInit
                0x00001420       0xb8 ..\obj\system_M051Series.o
                0x00001420                SystemInit
 .text.SYS_SysTickDelay
                0x000014d8       0x3c ..\obj\ili9341.o
 .text.ILI9341_SPISend
                0x00001514       0xbc ..\obj\ili9341.o
                0x00001514                ILI9341_SPISend
 .text.ILI9341_SPISendRaw
                0x000015d0       0x28 ..\obj\ili9341.o
                0x000015d0                ILI9341_SPISendRaw
 .text.ILI9341_SPIDataLen
                0x000015f8       0x44 ..\obj\ili9341.o
                0x000015f8                ILI9341_SPIDataLen
 .text.ILI9341_HardReset
                0x0000163c       0x2c ..\obj\ili9341.o
                0x0000163c                ILI9341_HardReset
 .text.ILI9341_Init
                0x00001668      0x464 ..\obj\ili9341.o
                0x00001668                ILI9341_Init
 .text.ILI9341_SetCursorPosition
                0x00001acc       0x58 ..\obj\ili9341.o
                0x00001acc                ILI9341_SetCursorPosition
 .text.ILI9341_FillScreen
                0x00001b24       0x54 ..\obj\ili9341.o
                0x00001b24                ILI9341_FillScreen
 .text.ILI9341_FilledReactangle
                0x00001b78       0x68 ..\obj\ili9341.o
                0x00001b78                ILI9341_FilledReactangle
 .text.ILI9341_PrintChar
                0x00001be0       0xf4 ..\obj\ili9341.o
                0x00001be0                ILI9341_PrintChar
 .text.ILI9341_PrintStr
                0x00001cd4       0x54 ..\obj\ili9341.o
                0x00001cd4                ILI9341_PrintStr
 .text.ILI9341_DisplayN_POS
                0x00001d28      0x2e0 ..\obj\ili9341.o
                0x00001d28                ILI9341_DisplayN_POS
 .text          0x00002008      0x120 c:/program files (x86)/gnu tools arm embedded/4.9 2014q4/bin/../lib/gcc/arm-none-eabi/4.9.3/armv6-m\libgcc.a(_udivsi3.o)
                0x00002008                __aeabi_uidiv
                0x00002008                __udivsi3
                0x00002114                __aeabi_uidivmod
 .text          0x00002128        0x4 c:/program files (x86)/gnu tools arm embedded/4.9 2014q4/bin/../lib/gcc/arm-none-eabi/4.9.3/armv6-m\libgcc.a(_dvmd_tls.o)
                0x00002128                __aeabi_idiv0
                0x00002128                __aeabi_ldiv0
 *(.init)
 *(.fini)
 *crtbegin.o(.ctors)
 *crtbegin?.o(.ctors)
 *(EXCLUDE_FILE(*crtend.o *crtend?.o) .ctors)
 *(SORT(.ctors.*))
 *(.ctors)
 *crtbegin.o(.dtors)
 *crtbegin?.o(.dtors)
 *(EXCLUDE_FILE(*crtend.o *crtend?.o) .dtors)
 *(SORT(.dtors.*))
 *(.dtors)
 *(.rodata*)
 .rodata        0x0000212c     0x2490 ..\obj\ili9341_fonts.o
                0x0000212c                arrFont7x10
                0x000024e4                Font7x10
                0x000024f4                arrFont11x18
                0x00003250                Font11x18
                0x00003260                arrFont16x26
                0x000045ac                Font16x26
 .rodata        0x000045bc       0x10 ..\obj\encoder.o
                0x000045bc                ENCODER_TABLE
 .rodata        0x000045cc       0x3c ..\obj\display.o
 *(.eh_fram e*)

.glue_7         0x00004608        0x0
 .glue_7        0x00000000        0x0 linker stubs

.glue_7t        0x00004608        0x0
 .glue_7t       0x00000000        0x0 linker stubs

.vfp11_veneer   0x00004608        0x0
 .vfp11_veneer  0x00000000        0x0 linker stubs

.v4_bx          0x00004608        0x0
 .v4_bx         0x00000000        0x0 linker stubs

.iplt           0x00004608        0x0
 .iplt          0x00000000        0x0 ..\obj\control.o

.rel.dyn        0x00004608        0x0
 .rel.iplt      0x00000000        0x0 ..\obj\control.o

.ARM.extab
 *(.ARM.extab* .gnu.linkonce.armextab.*)
                0x00004608                __exidx_start = .

.ARM.exidx
 *(.ARM.exidx* .gnu.linkonce.armexidx.*)
                0x00004608                __exidx_end = .
                0x00004608                __etext = .
                0x00004608                _sidata = __etext

.data           0x20000000       0x10 load address 0x00004608
                0x20000000                __data_start__ = .
                0x20000000                _sdata = __data_start__
 *(vtable)
 *(.data*)
 .data          0x20000000        0x1 ..\obj\control.o
                0x20000000                CONTROL_MODE
 .data          0x20000001        0x1 ..\obj\display.o
                0x20000001                display_busy
 *fill*         0x20000002        0x2 
 .data          0x20000004        0xc ..\obj\system_M051Series.o
                0x20000004                SystemCoreClock
                0x20000008                CyclesPerUs
                0x2000000c                PllClock
                0x20000010                . = ALIGN (0x4)
                0x20000010                PROVIDE (__preinit_array_start, .)
 *(.preinit_array)
                0x20000010                PROVIDE (__preinit_array_end, .)
                0x20000010                . = ALIGN (0x4)
                0x20000010                PROVIDE (__init_array_start, .)
 *(SORT(.init_array.*))
 *(.init_array)
                0x20000010                PROVIDE (__init_array_end, .)
                0x20000010                . = ALIGN (0x4)
                0x20000010                PROVIDE (__fini_array_start, .)
 *(SORT(.fini_array.*))
 *(.fini_array)
                0x20000010                PROVIDE (__fini_array_end, .)
 *(.jcr*)
                0x20000010                . = ALIGN (0x4)
                0x20000010                __data_end__ = .
                0x20000010                _edata = __data_end__

.igot.plt       0x20000010        0x0 load address 0x00004618
 .igot.plt      0x00000000        0x0 ..\obj\control.o

.bss            0x20000010       0xdc load address 0x00004618
                0x20000010                . = ALIGN (0x4)
                0x20000010                __bss_start__ = .
                0x20000010                _sbss = __bss_start__
 *(.bss*)
 .bss           0x20000010        0x8 ..\obj\control.o
                0x20000010                CONTROL_FUNCTION
                0x20000014                CONTROL_RPM_SET
 .bss           0x20000018        0x6 ..\obj\expwm.o
                0x20000018                _expwm_pwma_isinit
                0x20000019                _expwm_pwmb_isinit
                0x2000001a                _expwm_pwm01_isinit
                0x2000001b                _expwm_pwm23_isinit
                0x2000001c                _expwm_pwm45_isinit
                0x2000001d                _expwm_pwm67_isinit
 *fill*         0x2000001e        0x2 
 .bss           0x20000020       0x48 ..\obj\rpm_count.o
 .bss           0x20000068        0x1 ..\obj\encoder.o
 *fill*         0x20000069        0x3 
 .bss           0x2000006c        0x8 ..\obj\display.o
                0x2000006c                display_rpm_set_state
                0x20000070                display_graph_prev
 .bss           0x20000074        0x4 ..\obj\motor.o
                0x20000074                _Motor_duty
 *(COMMON)
 COMMON         0x20000078       0x20 ..\obj\expwm.o
                0x20000078                _expwm_callback_arr
 COMMON         0x20000098       0x19 ..\obj\main.o
                0x20000098                GLOBAL_MOTOR_RPMPRESET_CHANGED
                0x2000009c                DisplayPWM
                0x200000b0                GLOBAL_MOTOR_DUTY_CHANGED
 *fill*         0x200000b1        0x3 
 COMMON         0x200000b4        0x8 ..\obj\rpm_count.o
                0x200000b4                RPM_ready
                0x200000b8                RPM_result
 COMMON         0x200000bc        0x4 ..\obj\encoder.o
                0x200000bc                ENCODER_USER_Callback
 COMMON         0x200000c0       0x14 ..\obj\test_gen.o
                0x200000c0                TestPWM
 COMMON         0x200000d4        0x1 ..\obj\display.o
                0x200000d4                display_mode
 *fill*         0x200000d5        0x3 
 COMMON         0x200000d8       0x14 ..\obj\motor.o
                0x200000d8                MotorPWM
                0x200000ec                . = ALIGN (0x4)
                0x200000ec                __bss_end__ = .
                0x200000ec                _ebss = __bss_end__

.heap           0x200000ec        0x0
                0x200000ec                __end__ = .
                0x200000ec                _end = __end__
                0x200000ec                end = __end__
 *(.heap*)
                0x200000ec                __HeapLimit = .

.co_stack       0x200000ec      0x404 load address 0x000046f4
                0x200000f0                . = ALIGN (0x8)
 *fill*         0x200000ec        0x4 
 *(.co_stack .co_stack.*)
 .co_stack      0x200000f0      0x400 ..\obj\startup_M051Series.o
                0x200000f0                pulStack
                0x20001000                __StackTop = (ORIGIN (ram) + 0x1000)
                0x20000bfc                __StackLimit = (__StackTop - SIZEOF (.co_stack))
                0x20001000                PROVIDE (__stack, __StackTop)
                0x00000001                ASSERT ((__StackLimit >= __HeapLimit), region ram  overflowed with stack)
LOAD ..\obj\control.o
LOAD ..\obj\startup_M051Series.o
LOAD ..\obj\ili9341_fonts.o
LOAD ..\obj\expwm.o
LOAD ..\obj\calibration.o
LOAD ..\obj\main.o
LOAD ..\obj\rpm_count.o
LOAD ..\obj\encoder.o
LOAD ..\obj\test_gen.o
LOAD ..\obj\display.o
LOAD ..\obj\motor.o
LOAD ..\obj\system_M051Series.o
LOAD ..\obj\ili9341.o
START GROUP
LOAD c:/program files (x86)/gnu tools arm embedded/4.9 2014q4/bin/../lib/gcc/arm-none-eabi/4.9.3/armv6-m\libgcc.a
LOAD c:/program files (x86)/gnu tools arm embedded/4.9 2014q4/bin/../lib/gcc/arm-none-eabi/4.9.3/../../../../arm-none-eabi/lib/armv6-m\libg.a
LOAD c:/program files (x86)/gnu tools arm embedded/4.9 2014q4/bin/../lib/gcc/arm-none-eabi/4.9.3/../../../../arm-none-eabi/lib/armv6-m\libc.a
END GROUP
OUTPUT(Motor Driver.elf elf32-littlearm)

.debug_info     0x00000000     0x30ae
 .debug_info    0x00000000      0x213 ..\obj\control.o
 .debug_info    0x00000213       0xff ..\obj\startup_M051Series.o
 .debug_info    0x00000312      0x12a ..\obj\ili9341_fonts.o
 .debug_info    0x0000043c      0x87f ..\obj\expwm.o
 .debug_info    0x00000cbb      0x75b ..\obj\main.o
 .debug_info    0x00001416      0x5c1 ..\obj\rpm_count.o
 .debug_info    0x000019d7      0x4b1 ..\obj\encoder.o
 .debug_info    0x00001e88      0x132 ..\obj\test_gen.o
 .debug_info    0x00001fba      0x223 ..\obj\display.o
 .debug_info    0x000021dd      0x260 ..\obj\motor.o
 .debug_info    0x0000243d      0x41a ..\obj\system_M051Series.o
 .debug_info    0x00002857      0x857 ..\obj\ili9341.o

.debug_abbrev   0x00000000      0xef3
 .debug_abbrev  0x00000000      0x101 ..\obj\control.o
 .debug_abbrev  0x00000101       0xa7 ..\obj\startup_M051Series.o
 .debug_abbrev  0x000001a8       0x84 ..\obj\ili9341_fonts.o
 .debug_abbrev  0x0000022c      0x1c7 ..\obj\expwm.o
 .debug_abbrev  0x000003f3      0x21a ..\obj\main.o
 .debug_abbrev  0x0000060d      0x1a8 ..\obj\rpm_count.o
 .debug_abbrev  0x000007b5      0x191 ..\obj\encoder.o
 .debug_abbrev  0x00000946       0x9e ..\obj\test_gen.o
 .debug_abbrev  0x000009e4       0xdc ..\obj\display.o
 .debug_abbrev  0x00000ac0      0x173 ..\obj\motor.o
 .debug_abbrev  0x00000c33      0x115 ..\obj\system_M051Series.o
 .debug_abbrev  0x00000d48      0x1ab ..\obj\ili9341.o

.debug_aranges  0x00000000      0x330
 .debug_aranges
                0x00000000       0x30 ..\obj\control.o
 .debug_aranges
                0x00000030       0x28 ..\obj\startup_M051Series.o
 .debug_aranges
                0x00000058       0x18 ..\obj\ili9341_fonts.o
 .debug_aranges
                0x00000070       0x58 ..\obj\expwm.o
 .debug_aranges
                0x000000c8       0x60 ..\obj\main.o
 .debug_aranges
                0x00000128       0x40 ..\obj\rpm_count.o
 .debug_aranges
                0x00000168       0x48 ..\obj\encoder.o
 .debug_aranges
                0x000001b0       0x20 ..\obj\test_gen.o
 .debug_aranges
                0x000001d0       0x50 ..\obj\display.o
 .debug_aranges
                0x00000220       0x50 ..\obj\motor.o
 .debug_aranges
                0x00000270       0x40 ..\obj\system_M051Series.o
 .debug_aranges
                0x000002b0       0x80 ..\obj\ili9341.o

.debug_ranges   0x00000000      0x268
 .debug_ranges  0x00000000       0x20 ..\obj\control.o
 .debug_ranges  0x00000020       0x18 ..\obj\startup_M051Series.o
 .debug_ranges  0x00000038       0x48 ..\obj\expwm.o
 .debug_ranges  0x00000080       0x50 ..\obj\main.o
 .debug_ranges  0x000000d0       0x30 ..\obj\rpm_count.o
 .debug_ranges  0x00000100       0x38 ..\obj\encoder.o
 .debug_ranges  0x00000138       0x10 ..\obj\test_gen.o
 .debug_ranges  0x00000148       0x40 ..\obj\display.o
 .debug_ranges  0x00000188       0x40 ..\obj\motor.o
 .debug_ranges  0x000001c8       0x30 ..\obj\system_M051Series.o
 .debug_ranges  0x000001f8       0x70 ..\obj\ili9341.o

.debug_line     0x00000000     0x2236
 .debug_line    0x00000000      0x330 ..\obj\control.o
 .debug_line    0x00000330       0xda ..\obj\startup_M051Series.o
 .debug_line    0x0000040a       0x9e ..\obj\ili9341_fonts.o
 .debug_line    0x000004a8      0x3b9 ..\obj\expwm.o
 .debug_line    0x00000861      0x411 ..\obj\main.o
 .debug_line    0x00000c72      0x30f ..\obj\rpm_count.o
 .debug_line    0x00000f81      0x396 ..\obj\encoder.o
 .debug_line    0x00001317      0x1f5 ..\obj\test_gen.o
 .debug_line    0x0000150c      0x17d ..\obj\display.o
 .debug_line    0x00001689      0x384 ..\obj\motor.o
 .debug_line    0x00001a0d      0x28f ..\obj\system_M051Series.o
 .debug_line    0x00001c9c      0x59a ..\obj\ili9341.o

.debug_str      0x00000000     0x128a
 .debug_str     0x00000000      0x213 ..\obj\control.o
                                0x255 (size before relaxing)
 .debug_str     0x00000213       0xf0 ..\obj\startup_M051Series.o
                                0x187 (size before relaxing)
 .debug_str     0x00000303       0xb6 ..\obj\ili9341_fonts.o
                                0x18b (size before relaxing)
 .debug_str     0x000003b9      0x4e0 ..\obj\expwm.o
                                0x626 (size before relaxing)
 .debug_str     0x00000899      0x1ab ..\obj\main.o
                                0x606 (size before relaxing)
 .debug_str     0x00000a44      0x10d ..\obj\rpm_count.o
                                0x4c5 (size before relaxing)
 .debug_str     0x00000b51      0x12a ..\obj\encoder.o
                                0x49b (size before relaxing)
 .debug_str     0x00000c7b       0x84 ..\obj\test_gen.o
                                0x20c (size before relaxing)
 .debug_str     0x00000cff      0x13f ..\obj\display.o
                                0x239 (size before relaxing)
 .debug_str     0x00000e3e       0xba ..\obj\motor.o
                                0x2b4 (size before relaxing)
 .debug_str     0x00000ef8      0x1bd ..\obj\system_M051Series.o
                                0x41e (size before relaxing)
 .debug_str     0x000010b5      0x1d5 ..\obj\ili9341.o
                                0x49c (size before relaxing)

.comment        0x00000000       0x70
 .comment       0x00000000       0x70 ..\obj\control.o
                                 0x71 (size before relaxing)
 .comment       0x00000000       0x71 ..\obj\startup_M051Series.o
 .comment       0x00000000       0x71 ..\obj\ili9341_fonts.o
 .comment       0x00000000       0x71 ..\obj\expwm.o
 .comment       0x00000000       0x71 ..\obj\main.o
 .comment       0x00000000       0x71 ..\obj\rpm_count.o
 .comment       0x00000000       0x71 ..\obj\encoder.o
 .comment       0x00000000       0x71 ..\obj\test_gen.o
 .comment       0x00000000       0x71 ..\obj\display.o
 .comment       0x00000000       0x71 ..\obj\motor.o
 .comment       0x00000000       0x71 ..\obj\system_M051Series.o
 .comment       0x00000000       0x71 ..\obj\ili9341.o

.ARM.attributes
                0x00000000       0x31
 .ARM.attributes
                0x00000000       0x31 ..\obj\control.o
 .ARM.attributes
                0x00000031       0x31 ..\obj\startup_M051Series.o
 .ARM.attributes
                0x00000062       0x31 ..\obj\ili9341_fonts.o
 .ARM.attributes
                0x00000093       0x31 ..\obj\expwm.o
 .ARM.attributes
                0x000000c4       0x31 ..\obj\main.o
 .ARM.attributes
                0x000000f5       0x31 ..\obj\rpm_count.o
 .ARM.attributes
                0x00000126       0x31 ..\obj\encoder.o
 .ARM.attributes
                0x00000157       0x31 ..\obj\test_gen.o
 .ARM.attributes
                0x00000188       0x31 ..\obj\display.o
 .ARM.attributes
                0x000001b9       0x31 ..\obj\motor.o
 .ARM.attributes
                0x000001ea       0x31 ..\obj\system_M051Series.o
 .ARM.attributes
                0x0000021b       0x31 ..\obj\ili9341.o
 .ARM.attributes
                0x0000024c       0x1e c:/program files (x86)/gnu tools arm embedded/4.9 2014q4/bin/../lib/gcc/arm-none-eabi/4.9.3/armv6-m\libgcc.a(_udivsi3.o)
 .ARM.attributes
                0x0000026a       0x1e c:/program files (x86)/gnu tools arm embedded/4.9 2014q4/bin/../lib/gcc/arm-none-eabi/4.9.3/armv6-m\libgcc.a(_dvmd_tls.o)

.debug_frame    0x00000000      0x8d4
 .debug_frame   0x00000000       0x6c ..\obj\control.o
 .debug_frame   0x0000006c       0x4c ..\obj\startup_M051Series.o
 .debug_frame   0x000000b8      0x110 ..\obj\expwm.o
 .debug_frame   0x000001c8      0x124 ..\obj\main.o
 .debug_frame   0x000002ec       0xac ..\obj\rpm_count.o
 .debug_frame   0x00000398       0xcc ..\obj\encoder.o
 .debug_frame   0x00000464       0x2c ..\obj\test_gen.o
 .debug_frame   0x00000490       0xf0 ..\obj\display.o
 .debug_frame   0x00000580       0xe0 ..\obj\motor.o
 .debug_frame   0x00000660       0xa8 ..\obj\system_M051Series.o
 .debug_frame   0x00000708      0x1ac ..\obj\ili9341.o
 .debug_frame   0x000008b4       0x20 c:/program files (x86)/gnu tools arm embedded/4.9 2014q4/bin/../lib/gcc/arm-none-eabi/4.9.3/armv6-m\libgcc.a(_udivsi3.o)
