
Allocating common symbols
Common symbol       size              file

IsData              0x1               ..\obj\main.o
tm_int_usb_vcp_buf_in
                    0x4               ..\obj\tm_stm32f4_usb_vcp.o
tm_int_usb_vcp_buf_num
                    0x4               ..\obj\tm_stm32f4_usb_vcp.o
tm_int_usb_vcp_buf_out
                    0x4               ..\obj\tm_stm32f4_usb_vcp.o
SET_TEST_MODE       0x4               ..\obj\usbd_core.o
TM_INT_USB_VCP_ReceiveBuffer
                    0x80              ..\obj\tm_stm32f4_usb_vcp.o
USB_Rx_Buffer       0x40              ..\obj\usbd_cdc_core.o
CmdBuff             0x8               ..\obj\usbd_cdc_core.o
Period              0x4               ..\obj\main.o
USB_OTG_dev         0x5f4             ..\obj\tm_stm32f4_usb_vcp.o
APP_Rx_Buffer       0x800             ..\obj\usbd_cdc_core.o
USBD_StrDesc        0xff              ..\obj\usbd_req.o
PrevCounter         0x4               ..\obj\main.o

Discarded input sections

 .text          0x00000000        0x0 ..\obj\stm32f4xx_syscfg.o
 .data          0x00000000        0x0 ..\obj\stm32f4xx_syscfg.o
 .bss           0x00000000        0x0 ..\obj\stm32f4xx_syscfg.o
 .text.SYSCFG_DeInit
                0x00000000       0x1c ..\obj\stm32f4xx_syscfg.o
 .text.SYSCFG_MemoryRemapConfig
                0x00000000       0x20 ..\obj\stm32f4xx_syscfg.o
 .text.SYSCFG_MemorySwappingBank
                0x00000000       0x20 ..\obj\stm32f4xx_syscfg.o
 .text.SYSCFG_EXTILineConfig
                0x00000000       0x7c ..\obj\stm32f4xx_syscfg.o
 .text.SYSCFG_ETH_MediaInterfaceConfig
                0x00000000       0x1c ..\obj\stm32f4xx_syscfg.o
 .text.SYSCFG_CompensationCellCmd
                0x00000000       0x20 ..\obj\stm32f4xx_syscfg.o
 .text.SYSCFG_GetCompensationCellStatus
                0x00000000       0x34 ..\obj\stm32f4xx_syscfg.o
 .debug_info    0x00000000      0x290 ..\obj\stm32f4xx_syscfg.o
 .debug_abbrev  0x00000000      0x131 ..\obj\stm32f4xx_syscfg.o
 .debug_aranges
                0x00000000       0x50 ..\obj\stm32f4xx_syscfg.o
 .debug_ranges  0x00000000       0x40 ..\obj\stm32f4xx_syscfg.o
 .debug_line    0x00000000      0x2f2 ..\obj\stm32f4xx_syscfg.o
 .debug_str     0x00000000      0x34c ..\obj\stm32f4xx_syscfg.o
 .comment       0x00000000       0x71 ..\obj\stm32f4xx_syscfg.o
 .ARM.attributes
                0x00000000       0x33 ..\obj\stm32f4xx_syscfg.o
 .debug_frame   0x00000000       0xd8 ..\obj\stm32f4xx_syscfg.o
 .text          0x00000000        0x0 ..\obj\usb_core.o
 .data          0x00000000        0x0 ..\obj\usb_core.o
 .bss           0x00000000        0x0 ..\obj\usb_core.o
 .text.USB_OTG_IsHostMode
                0x00000000       0x24 ..\obj\usb_core.o
 .text.USB_OTG_ReadOtgItr
                0x00000000       0x1c ..\obj\usb_core.o
 .text.USB_OTG_ActiveRemoteWakeup
                0x00000000       0x8c ..\obj\usb_core.o
 .text.USB_OTG_UngateClock
                0x00000000       0x54 ..\obj\usb_core.o
 .text.USB_OTG_StopDevice
                0x00000000       0x80 ..\obj\usb_core.o
 .text.USB_OTG_GetEPStatus
                0x00000000       0xac ..\obj\usb_core.o
 .text.USB_OTG_SetEPStatus
                0x00000000      0x12c ..\obj\usb_core.o
 .text          0x00000000        0x0 ..\obj\stm32f4xx_sdio.o
 .data          0x00000000        0x0 ..\obj\stm32f4xx_sdio.o
 .bss           0x00000000        0x0 ..\obj\stm32f4xx_sdio.o
 .text.SDIO_DeInit
                0x00000000       0x1c ..\obj\stm32f4xx_sdio.o
 .text.SDIO_Init
                0x00000000       0x5c ..\obj\stm32f4xx_sdio.o
 .text.SDIO_StructInit
                0x00000000       0x38 ..\obj\stm32f4xx_sdio.o
 .text.SDIO_ClockCmd
                0x00000000       0x20 ..\obj\stm32f4xx_sdio.o
 .text.SDIO_SetPowerState
                0x00000000       0x1c ..\obj\stm32f4xx_sdio.o
 .text.SDIO_GetPowerState
                0x00000000       0x1c ..\obj\stm32f4xx_sdio.o
 .text.SDIO_SendCommand
                0x00000000       0x58 ..\obj\stm32f4xx_sdio.o
 .text.SDIO_CmdStructInit
                0x00000000       0x30 ..\obj\stm32f4xx_sdio.o
 .text.SDIO_GetCommandResponse
                0x00000000       0x18 ..\obj\stm32f4xx_sdio.o
 .text.SDIO_GetResponse
                0x00000000       0x28 ..\obj\stm32f4xx_sdio.o
 .text.SDIO_DataConfig
                0x00000000       0x5c ..\obj\stm32f4xx_sdio.o
 .text.SDIO_DataStructInit
                0x00000000       0x38 ..\obj\stm32f4xx_sdio.o
 .text.SDIO_GetDataCounter
                0x00000000       0x18 ..\obj\stm32f4xx_sdio.o
 .text.SDIO_ReadData
                0x00000000       0x18 ..\obj\stm32f4xx_sdio.o
 .text.SDIO_WriteData
                0x00000000       0x20 ..\obj\stm32f4xx_sdio.o
 .text.SDIO_GetFIFOCount
                0x00000000       0x18 ..\obj\stm32f4xx_sdio.o
 .text.SDIO_StartSDIOReadWait
                0x00000000       0x20 ..\obj\stm32f4xx_sdio.o
 .text.SDIO_StopSDIOReadWait
                0x00000000       0x20 ..\obj\stm32f4xx_sdio.o
 .text.SDIO_SetSDIOReadWaitMode
[...]
Memory Configuration

Name             Origin             Length             Attributes
rom              0x08000000         0x00100000         xr
ram              0x20000000         0x00020000         xrw
ram1             0x10000000         0x00010000         xrw
*default*        0x00000000         0xffffffff

Linker script and memory map

                0x20020000                _eram = 0x20020000

.text           0x08000000     0x48cc
 *(.isr_vector)
 .isr_vector    0x08000000      0x1ac ..\obj\startup_stm32f4xx.o
                0x08000000                g_pfnVectors
 *(.text*)
 .text.USB_OTG_EnableCommonInt
                0x080001ac       0x44 ..\obj\usb_core.o
 .text.USB_OTG_CoreReset
                0x080001f0       0x8c ..\obj\usb_core.o
 .text.USB_OTG_WritePacket
                0x0800027c       0x70 ..\obj\usb_core.o
                0x0800027c                USB_OTG_WritePacket
 .text.USB_OTG_ReadPacket
                0x080002ec       0x58 ..\obj\usb_core.o
                0x080002ec                USB_OTG_ReadPacket
 .text.USB_OTG_SelectCore
                0x08000344      0x180 ..\obj\usb_core.o
                0x08000344                USB_OTG_SelectCore
 .text.USB_OTG_CoreInit
                0x080004c4      0x13c ..\obj\usb_core.o
                0x080004c4                USB_OTG_CoreInit
 .text.USB_OTG_EnableGlobalInt
                0x08000600       0x38 ..\obj\usb_core.o
                0x08000600                USB_OTG_EnableGlobalInt
 .text.USB_OTG_DisableGlobalInt
                0x08000638       0x38 ..\obj\usb_core.o
                0x08000638                USB_OTG_DisableGlobalInt
 .text.USB_OTG_FlushTxFifo
                0x08000670       0x74 ..\obj\usb_core.o
                0x08000670                USB_OTG_FlushTxFifo
 .text.USB_OTG_FlushRxFifo
                0x080006e4       0x60 ..\obj\usb_core.o
                0x080006e4                USB_OTG_FlushRxFifo
 .text.USB_OTG_SetCurrentMode
                0x08000744       0x60 ..\obj\usb_core.o
                0x08000744                USB_OTG_SetCurrentMode
 .text.USB_OTG_GetMode
                0x080007a4       0x20 ..\obj\usb_core.o
                0x080007a4                USB_OTG_GetMode
 .text.USB_OTG_IsDeviceMode
                0x080007c4       0x24 ..\obj\usb_core.o
                0x080007c4                USB_OTG_IsDeviceMode
 .text.USB_OTG_ReadCoreItr
                0x080007e8       0x30 ..\obj\usb_core.o
                0x080007e8                USB_OTG_ReadCoreItr
 .text.USB_OTG_InitDevSpeed
                0x08000818       0x38 ..\obj\usb_core.o
                0x08000818                USB_OTG_InitDevSpeed
 .text.USB_OTG_CoreInitDev
                0x08000850      0x2d0 ..\obj\usb_core.o
                0x08000850                USB_OTG_CoreInitDev
 .text.USB_OTG_EnableDevInt
                0x08000b20       0x98 ..\obj\usb_core.o
                0x08000b20                USB_OTG_EnableDevInt
 .text.USB_OTG_GetDeviceSpeed
                0x08000bb8       0x48 ..\obj\usb_core.o
                0x08000bb8                USB_OTG_GetDeviceSpeed
 .text.USB_OTG_EP0Activate
                0x08000c00       0x78 ..\obj\usb_core.o
                0x08000c00                USB_OTG_EP0Activate
 .text.USB_OTG_EPActivate
                0x08000c78      0x100 ..\obj\usb_core.o
                0x08000c78                USB_OTG_EPActivate
 .text.USB_OTG_EPDeactivate
                0x08000d78       0xb0 ..\obj\usb_core.o
                0x08000d78                USB_OTG_EPDeactivate
 .text.USB_OTG_EPStartXfer
                0x08000e28      0x280 ..\obj\usb_core.o
                0x08000e28                USB_OTG_EPStartXfer
 .text.USB_OTG_EP0StartXfer
                0x080010a8      0x1d4 ..\obj\usb_core.o
                0x080010a8                USB_OTG_EP0StartXfer
 .text.USB_OTG_EPSetStall
                0x0800127c       0x88 ..\obj\usb_core.o
                0x0800127c                USB_OTG_EPSetStall
 .text.USB_OTG_EPClearStall
                0x08001304       0x78 ..\obj\usb_core.o
                0x08001304                USB_OTG_EPClearStall
 .text.USB_OTG_ReadDevAllOutEp_itr
                0x0800137c       0x2c ..\obj\usb_core.o
                0x0800137c                USB_OTG_ReadDevAllOutEp_itr
 .text.USB_OTG_ReadDevOutEP_itr
                0x080013a8       0x38 ..\obj\usb_core.o
                0x080013a8                USB_OTG_ReadDevOutEP_itr
 .text.USB_OTG_ReadDevAllInEPItr
                0x080013e0       0x2c ..\obj\usb_core.o
                0x080013e0                USB_OTG_ReadDevAllInEPItr
 .text.USB_OTG_EP0_OutStart
                0x0800140c       0x70 ..\obj\usb_core.o
                0x0800140c                USB_OTG_EP0_OutStart
 .text.USBD_USR_Init
                0x0800147c       0x18 ..\obj\usbd_usr.o
                0x0800147c                USBD_USR_Init
 .text.USBD_USR_DeviceReset
                0x08001494       0x20 ..\obj\usbd_usr.o
                0x08001494                USBD_USR_DeviceReset
 .text.USBD_USR_DeviceConfigured
                0x080014b4       0x18 ..\obj\usbd_usr.o
                0x080014b4                USBD_USR_DeviceConfigured
 .text.USBD_USR_DeviceSuspended
                0x080014cc       0x18 ..\obj\usbd_usr.o
                0x080014cc                USBD_USR_DeviceSuspended
 .text.USBD_USR_DeviceResumed
                0x080014e4       0x18 ..\obj\usbd_usr.o
                0x080014e4                USBD_USR_DeviceResumed
 .text.USBD_USR_DeviceConnected
                0x080014fc       0x18 ..\obj\usbd_usr.o
                0x080014fc                USBD_USR_DeviceConnected
 .text.USBD_USR_DeviceDisconnected
                0x08001514       0x18 ..\obj\usbd_usr.o
                0x08001514                USBD_USR_DeviceDisconnected
 .text.Default_Reset_Handler
                0x0800152c       0x5c ..\obj\startup_stm32f4xx.o
                0x0800152c                Default_Reset_Handler
                0x0800152c                Reset_Handler
 .text.Default_Handler
                0x08001588        0x8 ..\obj\startup_stm32f4xx.o
                0x08001588                RTC_Alarm_IRQHandler
                0x08001588                HASH_RNG_IRQHandler
                0x08001588                EXTI2_IRQHandler
                0x08001588                TIM8_CC_IRQHandler
                0x08001588                DebugMon_Handler
                0x08001588                UART8_IRQHandler
                0x08001588                SPI4_IRQHandler
                0x08001588                TIM1_CC_IRQHandler
                0x08001588                DMA2_Stream5_IRQHandler
                0x08001588                HardFault_Handler
                0x08001588                DMA1_Stream5_IRQHandler
                0x08001588                SysTick_Handler
                0x08001588                PVD_IRQHandler
                0x08001588                SDIO_IRQHandler
                0x08001588                TAMP_STAMP_IRQHandler
                0x08001588                PendSV_Handler
                0x08001588                NMI_Handler
                0x08001588                CAN2_RX1_IRQHandler
                0x08001588                EXTI3_IRQHandler
                0x08001588                TIM8_TRG_COM_TIM14_IRQHandler
                0x08001588                TIM1_UP_TIM10_IRQHandler
                0x08001588                TIM8_UP_TIM13_IRQHandler
                0x08001588                I2C3_ER_IRQHandler
                0x08001588                EXTI0_IRQHandler
                0x08001588                I2C2_EV_IRQHandler
                0x08001588                DMA1_Stream2_IRQHandler
                0x08001588                CAN1_RX0_IRQHandler
                0x08001588                FPU_IRQHandler
                0x08001588                UsageFault_Handler
                0x08001588                LTDC_ER_IRQHandler
                0x08001588                CAN2_SCE_IRQHandler
                0x08001588                DMA2_Stream2_IRQHandler
                0x08001588                SPI1_IRQHandler
                0x08001588                TIM6_DAC_IRQHandler
                0x08001588                TIM1_BRK_TIM9_IRQHandler
                0x08001588                DCMI_IRQHandler
                0x08001588                CAN2_RX0_IRQHandler
                0x08001588                DMA2_Stream3_IRQHandler
                0x08001588                USART6_IRQHandler
                0x08001588                USART3_IRQHandler
                0x08001588                CRYP_IRQHandler
                0x08001588                CAN1_RX1_IRQHandler
                0x08001588                UART5_IRQHandler
                0x08001588                DMA2_Stream0_IRQHandler
                0x08001588                TIM4_IRQHandler
                0x08001588                I2C1_EV_IRQHandler
                0x08001588                DMA1_Stream6_IRQHandler
                0x08001588                DMA1_Stream1_IRQHandler
                0x08001588                UART4_IRQHandler
                0x08001588                TIM3_IRQHandler
                0x08001588                RCC_IRQHandler
                0x08001588                TIM8_BRK_TIM12_IRQHandler
                0x08001588                EXTI15_10_IRQHandler
                0x08001588                ADC_IRQHandler
                0x08001588                DMA1_Stream7_IRQHandler
                0x08001588                SPI5_IRQHandler
                0x08001588                TIM7_IRQHandler
                0x08001588                CAN2_TX_IRQHandler
                0x08001588                TIM5_IRQHandler
                0x08001588                DMA2_Stream7_IRQHandler
                0x08001588                I2C3_EV_IRQHandler
                0x08001588                EXTI9_5_IRQHandler
                0x08001588                RTC_WKUP_IRQHandler
                0x08001588                LTDC_IRQHandler
                0x08001588                ETH_WKUP_IRQHandler
                0x08001588                SPI2_IRQHandler
                0x08001588                MemManage_Handler
                0x08001588                DMA1_Stream0_IRQHandler
                0x08001588                CAN1_TX_IRQHandler
                0x08001588                SVC_Handler
                0x08001588                EXTI4_IRQHandler
                0x08001588                ETH_IRQHandler
                0x08001588                WWDG_IRQHandler
                0x08001588                SPI6_IRQHandler
                0x08001588                OTG_FS_WKUP_IRQHandler
                0x08001588                TIM1_TRG_COM_TIM11_IRQHandler
                0x08001588                DMA2D_IRQHandler
                0x08001588                EXTI1_IRQHandler
                0x08001588                UART7_IRQHandler
                0x08001588                USART2_IRQHandler
                0x08001588                I2C2_ER_IRQHandler
                0x08001588                DMA2_Stream1_IRQHandler
                0x08001588                CAN1_SCE_IRQHandler
                0x08001588                FLASH_IRQHandler
                0x08001588                DMA2_Stream4_IRQHandler
                0x08001588                BusFault_Handler
                0x08001588                USART1_IRQHandler
                0x08001588                OTG_FS_IRQHandler
                0x08001588                SPI3_IRQHandler
                0x08001588                DMA1_Stream4_IRQHandler
                0x08001588                I2C1_ER_IRQHandler
                0x08001588                FMC_IRQHandler
                0x08001588                DMA2_Stream6_IRQHandler
                0x08001588                SAI1_IRQHandler
                0x08001588                DMA1_Stream3_IRQHandler
 .text.USBD_Init
                0x08001590       0x54 ..\obj\usbd_core.o
                0x08001590                USBD_Init
 .text.USBD_DeInit
                0x080015e4       0x18 ..\obj\usbd_core.o
                0x080015e4                USBD_DeInit
 .text.USBD_SetupStage
                0x080015fc       0x6c ..\obj\usbd_core.o
 .text.USBD_DataOutStage
                0x08001668       0xd0 ..\obj\usbd_core.o
 .text.USBD_DataInStage
                0x08001738      0x11c ..\obj\usbd_core.o
 .text.USBD_RunTestMode
                0x08001854       0x24 ..\obj\usbd_core.o
 .text.USBD_Reset
                0x08001878       0x44 ..\obj\usbd_core.o
 .text.USBD_Resume
                0x080018bc       0x30 ..\obj\usbd_core.o
 .text.USBD_Suspend
                0x080018ec       0x30 ..\obj\usbd_core.o
 .text.USBD_SOF
                0x0800191c       0x2c ..\obj\usbd_core.o
 .text.USBD_SetCfg
                0x08001948       0x30 ..\obj\usbd_core.o
                0x08001948                USBD_SetCfg
 .text.USBD_ClrCfg
                0x08001978       0x28 ..\obj\usbd_core.o
                0x08001978                USBD_ClrCfg
 .text.USBD_IsoINIncomplete
                0x080019a0       0x20 ..\obj\usbd_core.o
 .text.USBD_IsoOUTIncomplete
                0x080019c0       0x20 ..\obj\usbd_core.o
 .text.uint32_to_str
                0x080019e0       0x98 ..\obj\main.o
                0x080019e0                uint32_to_str
 .text.TestSignalInit
                0x08001a78       0xa0 ..\obj\main.o
                0x08001a78                TestSignalInit
 .text.TIM2_IRQHandler
                0x08001b18       0x18 ..\obj\main.o
                0x08001b18                TIM2_IRQHandler
 .text.main     0x08001b30       0x78 ..\obj\main.o
                0x08001b30                main
 .text.RCC_AHB1PeriphClockCmd
                0x08001ba8       0x3c ..\obj\stm32f4xx_rcc.o
                0x08001ba8                RCC_AHB1PeriphClockCmd
 .text.RCC_APB2PeriphClockCmd
                0x08001be4       0x3c ..\obj\stm32f4xx_rcc.o
                0x08001be4                RCC_APB2PeriphClockCmd
 .text.USBD_USR_DeviceDescriptor
                0x08001c20       0x24 ..\obj\usbd_desc.o
                0x08001c20                USBD_USR_DeviceDescriptor
 .text.USBD_USR_LangIDStrDescriptor
                0x08001c44       0x24 ..\obj\usbd_desc.o
                0x08001c44                USBD_USR_LangIDStrDescriptor
 .text.USBD_USR_ProductStrDescriptor
                0x08001c68       0x28 ..\obj\usbd_desc.o
                0x08001c68                USBD_USR_ProductStrDescriptor
 .text.USBD_USR_ManufacturerStrDescriptor
                0x08001c90       0x28 ..\obj\usbd_desc.o
                0x08001c90                USBD_USR_ManufacturerStrDescriptor
 .text.USBD_USR_SerialStrDescriptor
                0x08001cb8       0x28 ..\obj\usbd_desc.o
                0x08001cb8                USBD_USR_SerialStrDescriptor
 .text.USBD_USR_ConfigStrDescriptor
                0x08001ce0       0x28 ..\obj\usbd_desc.o
                0x08001ce0                USBD_USR_ConfigStrDescriptor
 .text.USBD_USR_InterfaceStrDescriptor
                0x08001d08       0x28 ..\obj\usbd_desc.o
                0x08001d08                USBD_USR_InterfaceStrDescriptor
 .text.TM_USB_VCP_Init
                0x08001d30       0x58 ..\obj\tm_stm32f4_usb_vcp.o
                0x08001d30                TM_USB_VCP_Init
 .text.TM_USB_VCP_Getc
                0x08001d88       0x6c ..\obj\tm_stm32f4_usb_vcp.o
                0x08001d88                TM_USB_VCP_Getc
 .text.TM_USB_VCP_Putc
                0x08001df4       0x28 ..\obj\tm_stm32f4_usb_vcp.o
                0x08001df4                TM_USB_VCP_Putc
 .text.TM_USB_VCP_Puts
                0x08001e1c       0x2c ..\obj\tm_stm32f4_usb_vcp.o
                0x08001e1c                TM_USB_VCP_Puts
 .text.TM_INT_USB_VCP_AddReceived
                0x08001e48       0x5c ..\obj\tm_stm32f4_usb_vcp.o
                0x08001e48                TM_INT_USB_VCP_AddReceived
 .text.TM_USB_VCP_GetStatus
                0x08001ea4       0x28 ..\obj\tm_stm32f4_usb_vcp.o
                0x08001ea4                TM_USB_VCP_GetStatus
 .text.GPIO_Init
                0x08001ecc      0x11c ..\obj\stm32f4xx_gpio.o
                0x08001ecc                GPIO_Init
 .text.GPIO_PinAFConfig
                0x08001fe8       0x8c ..\obj\stm32f4xx_gpio.o
                0x08001fe8                GPIO_PinAFConfig
 .text.VCP_Init
                0x08002074       0x10 ..\obj\usbd_cdc_vcp.o
 .text.VCP_DeInit
                0x08002084       0x10 ..\obj\usbd_cdc_vcp.o
 .text.VCP_Ctrl
                0x08002094      0x158 ..\obj\usbd_cdc_vcp.o
 .text.VCP_DataTx
                0x080021ec       0x60 ..\obj\usbd_cdc_vcp.o
                0x080021ec                VCP_DataTx
 .text.VCP_DataRx
                0x0800224c       0x38 ..\obj\usbd_cdc_vcp.o
                0x0800224c                VCP_DataRx
 .text.SystemInit
                0x08002284       0x58 ..\obj\system_stm32f4xx.o
                0x08002284                SystemInit
 .text.SetSysClock
                0x080022dc      0x128 ..\obj\system_stm32f4xx.o
 .text.USB_OTG_BSP_Init
                0x08002404       0xbc ..\obj\usb_bsp.o
                0x08002404                USB_OTG_BSP_Init
 .text.USB_OTG_BSP_EnableInterrupt
                0x080024c0       0x74 ..\obj\usb_bsp.o
                0x080024c0                USB_OTG_BSP_EnableInterrupt
 .text.USB_OTG_BSP_uDelay
                0x08002534       0x48 ..\obj\usb_bsp.o
                0x08002534                USB_OTG_BSP_uDelay
 .text.USB_OTG_BSP_mDelay
                0x0800257c       0x20 ..\obj\usb_bsp.o
                0x0800257c                USB_OTG_BSP_mDelay
 .text.OTG_HS_WKUP_IRQHandler
                0x0800259c       0x10 ..\obj\usb_bsp.o
                0x0800259c                OTG_HS_WKUP_IRQHandler
 .text.OTG_HS_IRQHandler
                0x080025ac       0x10 ..\obj\usb_bsp.o
                0x080025ac                OTG_HS_IRQHandler
 .text.OTG_HS_EP1_IN_IRQHandler
                0x080025bc       0x10 ..\obj\usb_bsp.o
                0x080025bc                OTG_HS_EP1_IN_IRQHandler
 .text.OTG_HS_EP1_OUT_IRQHandler
                0x080025cc       0x10 ..\obj\usb_bsp.o
                0x080025cc                OTG_HS_EP1_OUT_IRQHandler
 .text.USBD_StdDevReq
                0x080025dc       0xa0 ..\obj\usbd_req.o
                0x080025dc                USBD_StdDevReq
 .text.USBD_StdItfReq
                0x0800267c       0x68 ..\obj\usbd_req.o
                0x0800267c                USBD_StdItfReq
 .text.USBD_StdEPReq
                0x080026e4      0x1b0 ..\obj\usbd_req.o
                0x080026e4                USBD_StdEPReq
 .text.USBD_GetDescriptor
                0x08002894      0x250 ..\obj\usbd_req.o
 .text.USBD_SetAddress
                0x08002ae4       0x7c ..\obj\usbd_req.o
 .text.USBD_SetConfig
                0x08002b60       0xf4 ..\obj\usbd_req.o
 .text.USBD_GetConfig
                0x08002c54       0x60 ..\obj\usbd_req.o
 .text.USBD_GetStatus
                0x08002cb4       0x54 ..\obj\usbd_req.o
 .text.USBD_SetFeature
                0x08002d08       0xd8 ..\obj\usbd_req.o
 .text.USBD_ClrFeature
                0x08002de0       0x50 ..\obj\usbd_req.o
 .text.USBD_ParseSetupRequest
                0x08002e30       0x8c ..\obj\usbd_req.o
                0x08002e30                USBD_ParseSetupRequest
 .text.USBD_CtlError
                0x08002ebc       0x28 ..\obj\usbd_req.o
                0x08002ebc                USBD_CtlError
 .text.USBD_GetString
                0x08002ee4       0x7c ..\obj\usbd_req.o
                0x08002ee4                USBD_GetString
 .text.USBD_GetLen
                0x08002f60       0x30 ..\obj\usbd_req.o
 .text.USBD_OTG_EP1OUT_ISR_Handler
                0x08002f90       0x9c ..\obj\usb_dcd_int.o
                0x08002f90                USBD_OTG_EP1OUT_ISR_Handler
 .text.USBD_OTG_EP1IN_ISR_Handler
                0x0800302c      0x12c ..\obj\usb_dcd_int.o
                0x0800302c                USBD_OTG_EP1IN_ISR_Handler
 .text.USBD_OTG_ISR_Handler
                0x08003158      0x15c ..\obj\usb_dcd_int.o
                0x08003158                USBD_OTG_ISR_Handler
 .text.DCD_HandleResume_ISR
                0x080032b4       0x80 ..\obj\usb_dcd_int.o
 .text.DCD_HandleUSBSuspend_ISR
                0x08003334       0xbc ..\obj\usb_dcd_int.o
 .text.DCD_HandleInEP_ISR
                0x080033f0      0x19c ..\obj\usb_dcd_int.o
 .text.DCD_HandleOutEP_ISR
                0x0800358c      0x150 ..\obj\usb_dcd_int.o
 .text.DCD_HandleSof_ISR
                0x080036dc       0x34 ..\obj\usb_dcd_int.o
 .text.DCD_HandleRxStatusQueueLevel_ISR
                0x08003710      0x104 ..\obj\usb_dcd_int.o
 .text.DCD_WriteEmptyTxFifo
                0x08003814       0xe4 ..\obj\usb_dcd_int.o
 .text.DCD_HandleUsbReset_ISR
                0x080038f8      0x13c ..\obj\usb_dcd_int.o
 .text.DCD_HandleEnumDone_ISR
                0x08003a34       0x78 ..\obj\usb_dcd_int.o
 .text.DCD_IsoINIncomplete_ISR
                0x08003aac       0x34 ..\obj\usb_dcd_int.o
 .text.DCD_IsoOUTIncomplete_ISR
                0x08003ae0       0x34 ..\obj\usb_dcd_int.o
 .text.DCD_ReadDevInEP
                0x08003b14       0x50 ..\obj\usb_dcd_int.o
 .text.usbd_cdc_Init
                0x08003b64       0x6c ..\obj\usbd_cdc_core.o
 .text.usbd_cdc_DeInit
                0x08003bd0       0x38 ..\obj\usbd_cdc_core.o
 .text.usbd_cdc_Setup
                0x08003c08      0x12c ..\obj\usbd_cdc_core.o
 .text.usbd_cdc_EP0_RxReady
                0x08003d34       0x44 ..\obj\usbd_cdc_core.o
 .text.usbd_cdc_DataIn
                0x08003d78       0x9c ..\obj\usbd_cdc_core.o
 .text.usbd_cdc_DataOut
                0x08003e14       0x4c ..\obj\usbd_cdc_core.o
 .text.usbd_cdc_SOF
                0x08003e60       0x30 ..\obj\usbd_cdc_core.o
 .text.Handle_USBAsynchXfer
                0x08003e90       0xd8 ..\obj\usbd_cdc_core.o
 .text.USBD_cdc_GetCfgDesc
                0x08003f68       0x24 ..\obj\usbd_cdc_core.o
 .text.USBD_cdc_GetOtherCfgDesc
                0x08003f8c       0x24 ..\obj\usbd_cdc_core.o
 .text.EXTI_ClearITPendingBit
                0x08003fb0       0x1c ..\obj\stm32f4xx_exti.o
                0x08003fb0                EXTI_ClearITPendingBit
 .text.NVIC_PriorityGroupConfig
                0x08003fcc       0x24 ..\obj\misc.o
                0x08003fcc                NVIC_PriorityGroupConfig
 .text.NVIC_Init
                0x08003ff0       0xbc ..\obj\misc.o
                0x08003ff0                NVIC_Init
 .text.DCD_Init
                0x080040ac      0x104 ..\obj\usb_dcd.o
                0x080040ac                DCD_Init
 .text.DCD_EP_Open
                0x080041b0       0xa0 ..\obj\usb_dcd.o
                0x080041b0                DCD_EP_Open
 .text.DCD_EP_Close
                0x08004250       0x74 ..\obj\usb_dcd.o
                0x08004250                DCD_EP_Close
 .text.DCD_EP_PrepareRx
                0x080042c4       0x80 ..\obj\usb_dcd.o
                0x080042c4                DCD_EP_PrepareRx
 .text.DCD_EP_Tx
                0x08004344       0x78 ..\obj\usb_dcd.o
                0x08004344                DCD_EP_Tx
 .text.DCD_EP_Stall
                0x080043bc       0x78 ..\obj\usb_dcd.o
                0x080043bc                DCD_EP_Stall
 .text.DCD_EP_ClrStall
                0x08004434       0x78 ..\obj\usb_dcd.o
                0x08004434                DCD_EP_ClrStall
 .text.DCD_EP_SetAddress
                0x080044ac       0x3c ..\obj\usb_dcd.o
                0x080044ac                DCD_EP_SetAddress
 .text.USBD_CtlSendData
                0x080044e8       0x40 ..\obj\usbd_ioreq.o
                0x080044e8                USBD_CtlSendData
 .text.USBD_CtlContinueSendData
                0x08004528       0x28 ..\obj\usbd_ioreq.o
                0x08004528                USBD_CtlContinueSendData
 .text.USBD_CtlPrepareRx
                0x08004550       0x40 ..\obj\usbd_ioreq.o
                0x08004550                USBD_CtlPrepareRx
 .text.USBD_CtlContinueRx
                0x08004590       0x28 ..\obj\usbd_ioreq.o
                0x08004590                USBD_CtlContinueRx
 .text.USBD_CtlSendStatus
                0x080045b8       0x30 ..\obj\usbd_ioreq.o
                0x080045b8                USBD_CtlSendStatus
 .text.USBD_CtlReceiveStatus
                0x080045e8       0x30 ..\obj\usbd_ioreq.o
                0x080045e8                USBD_CtlReceiveStatus
 .text.TIM_TimeBaseInit
                0x08004618       0xd4 ..\obj\stm32f4xx_tim.o
                0x08004618                TIM_TimeBaseInit
 .text.TIM_Cmd  0x080046ec       0x40 ..\obj\stm32f4xx_tim.o
                0x080046ec                TIM_Cmd
 .text.TIM_OC1Init
                0x0800472c       0xf4 ..\obj\stm32f4xx_tim.o
                0x0800472c                TIM_OC1Init
 .text.TIM_OC1PreloadConfig
                0x08004820       0x38 ..\obj\stm32f4xx_tim.o
                0x08004820                TIM_OC1PreloadConfig
 *(.init)
 *(.fini)
 *crtbegin.o(.ctors)
 *crtbegin?.o(.ctors)
 *(EXCLUDE_FILE(*crtend.o *crtend?.o) .ctors)
 *(SORT(.ctors.*))
 *(.ctors)
 *crtbegin.o(.dtors)
 *crtbegin?.o(.dtors)
 *(EXCLUDE_FILE(*crtend.o *crtend?.o) .dtors)
 *(SORT(.dtors.*))
 *(.dtors)
 *(.rodata*)
 .rodata        0x08004858       0x10 ..\obj\main.o
 .rodata        0x08004868       0x64 ..\obj\usbd_desc.o
 *(.eh_fram e*)

.glue_7         0x080048cc        0x0
 .glue_7        0x00000000        0x0 linker stubs

.glue_7t        0x080048cc        0x0
 .glue_7t       0x00000000        0x0 linker stubs

.vfp11_veneer   0x080048cc        0x0
 .vfp11_veneer  0x00000000        0x0 linker stubs

.v4_bx          0x080048cc        0x0
 .v4_bx         0x00000000        0x0 linker stubs

.iplt           0x080048cc        0x0
 .iplt          0x00000000        0x0 ..\obj\stm32f4xx_syscfg.o

.rel.dyn        0x080048cc        0x0
 .rel.iplt      0x00000000        0x0 ..\obj\stm32f4xx_syscfg.o

.ARM.extab
 *(.ARM.extab* .gnu.linkonce.armextab.*)
                0x080048cc                __exidx_start = .

.ARM.exidx
 *(.ARM.exidx* .gnu.linkonce.armexidx.*)
                0x080048cc                __exidx_end = .
                0x080048cc                __etext = .
                0x080048cc                _sidata = __etext

.data           0x20000000      0x168 load address 0x080048cc
                0x20000000                __data_start__ = .
                0x20000000                _sdata = __data_start__
 *(vtable)
 *(.data*)
 .data          0x20000000       0x20 ..\obj\usbd_usr.o
                0x20000000                TM_USB_VCP_INT_Status
                0x20000004                USR_cb
 .data          0x20000020       0x30 ..\obj\usbd_core.o
                0x20000020                USBD_DCD_INT_cb
                0x2000004c                USBD_DCD_INT_fops
 .data          0x20000050       0x40 ..\obj\usbd_desc.o
                0x20000050                USR_desc
                0x2000006c                USBD_DeviceDesc
                0x20000080                USBD_DeviceQualifierDesc
                0x2000008c                USBD_LangIDDesc
 .data          0x20000090       0x1c ..\obj\usbd_cdc_vcp.o
                0x20000090                linecoding
                0x20000098                VCP_fops
 .data          0x200000ac       0xbc ..\obj\usbd_cdc_core.o
                0x200000ac                usbd_cdc_CfgDesc
                0x200000f0                usbd_cdc_OtherCfgDesc
                0x20000138                USBD_CDC_cb
                0x20000168                . = ALIGN (0x4)
                0x20000168                PROVIDE (__preinit_array_start, .)
 *(.preinit_array)
                0x20000168                PROVIDE (__preinit_array_end, .)
                0x20000168                . = ALIGN (0x4)
                0x20000168                PROVIDE (__init_array_start, .)
 *(SORT(.init_array.*))
 *(.init_array)
                0x20000168                PROVIDE (__init_array_end, .)
                0x20000168                . = ALIGN (0x4)
                0x20000168                PROVIDE (__fini_array_start, .)
 *(SORT(.fini_array.*))
 *(.fini_array)
                0x20000168                PROVIDE (__fini_array_end, .)
 *(.jcr*)
                0x20000168                . = ALIGN (0x4)
                0x20000168                __data_end__ = .
                0x20000168                _edata = __data_end__

.igot.plt       0x20000168        0x0 load address 0x08004a34
 .igot.plt      0x00000000        0x0 ..\obj\stm32f4xx_syscfg.o

.bss            0x20000168     0x1008 load address 0x08004a34
                0x20000168                . = ALIGN (0x4)
                0x20000168                __bss_start__ = .
                0x20000168                _sbss = __bss_start__
 *(.bss*)
 .bss           0x20000168        0x1 ..\obj\tm_stm32f4_usb_vcp.o
                0x20000168                TM_USB_VCP_INT_Init
 *fill*         0x20000169        0x3 
 .bss           0x2000016c       0x10 ..\obj\usbd_req.o
                0x2000016c                USBD_ep_status
                0x20000170                USBD_default_cfg
                0x20000174                USBD_cfg_status
 .bss           0x2000017c       0x1c ..\obj\usbd_cdc_core.o
                0x20000180                APP_Rx_ptr_in
                0x20000184                APP_Rx_ptr_out
                0x20000188                APP_Rx_length
                0x2000018c                USB_Tx_State
 *(COMMON)
 COMMON         0x20000198        0x4 ..\obj\usbd_core.o
                0x20000198                SET_TEST_MODE
 COMMON         0x2000019c        0xc ..\obj\main.o
                0x2000019c                IsData
                0x200001a0                Period
                0x200001a4                PrevCounter
 COMMON         0x200001a8      0x680 ..\obj\tm_stm32f4_usb_vcp.o
                0x200001a8                tm_int_usb_vcp_buf_in
                0x200001ac                tm_int_usb_vcp_buf_num
                0x200001b0                tm_int_usb_vcp_buf_out
                0x200001b4                TM_INT_USB_VCP_ReceiveBuffer
                0x20000234                USB_OTG_dev
 COMMON         0x20000828       0xff ..\obj\usbd_req.o
                0x20000828                USBD_StrDesc
 *fill*         0x20000927        0x1 
 COMMON         0x20000928      0x848 ..\obj\usbd_cdc_core.o
                0x20000928                USB_Rx_Buffer
                0x20000968                CmdBuff
                0x20000970                APP_Rx_Buffer
                0x20001170                . = ALIGN (0x4)
                0x20001170                __bss_end__ = .
                0x20001170                _ebss = __bss_end__

.heap           0x20001170        0x0
                0x20001170                __end__ = .
                0x20001170                _end = __end__
                0x20001170                end = __end__
 *(.heap*)
                0x20001170                __HeapLimit = .

.co_stack       0x20001170      0x800 load address 0x08005a3c
                0x20001170                . = ALIGN (0x8)
 *(.co_stack .co_stack.*)
 .co_stack      0x20001170      0x800 ..\obj\startup_stm32f4xx.o
                0x20001170                pulStack
                0x20020000                __StackTop = (ORIGIN (ram) + 0x20000)
                0x2001f800                __StackLimit = (__StackTop - SIZEOF (.co_stack))
                0x20020000                PROVIDE (__stack, __StackTop)
                0x00000001                ASSERT ((__StackLimit >= __HeapLimit), region ram  overflowed with stack)
LOAD ..\obj\stm32f4xx_syscfg.o
LOAD ..\obj\usb_core.o
LOAD ..\obj\stm32f4xx_sdio.o
LOAD ..\obj\stm32f4xx_cryp_aes.o
LOAD ..\obj\stm32f4xx_dma2d.o
LOAD ..\obj\stm32f4xx_hash.o
LOAD ..\obj\usbd_usr.o
LOAD ..\obj\stm32f4xx_hash_sha1.o
LOAD ..\obj\stm32f4xx_usart.o
LOAD ..\obj\stm32f4xx_pwr.o
LOAD ..\obj\stm32f4xx_can.o
LOAD ..\obj\stm32f4xx_wwdg.o
LOAD ..\obj\stm32f4xx_hash_md5.o
LOAD ..\obj\stm32f4xx_dac.o
LOAD ..\obj\stm32f4xx_ltdc.o
LOAD ..\obj\startup_stm32f4xx.o
LOAD ..\obj\stm32f4xx_crc.o
LOAD ..\obj\stm32f4xx_iwdg.o
LOAD ..\obj\usbd_core.o
LOAD ..\obj\main.o
LOAD ..\obj\stm32f4xx_rcc.o
LOAD ..\obj\stm32f4xx_adc.o
LOAD ..\obj\stm32f4xx_dcmi.o
LOAD ..\obj\usbd_desc.o
LOAD ..\obj\tm_stm32f4_usb_vcp.o
LOAD ..\obj\stm32f4xx_cryp_des.o
LOAD ..\obj\stm32f4xx_cryp.o
LOAD ..\obj\stm32f4xx_gpio.o
LOAD ..\obj\stm32f4xx_flash.o
LOAD ..\obj\usbd_cdc_vcp.o
LOAD ..\obj\stm32f4xx_sai.o
LOAD ..\obj\system_stm32f4xx.o
LOAD ..\obj\stm32f4xx_dma.o
LOAD ..\obj\usb_bsp.o
LOAD ..\obj\stm32f4xx_fmc.o
LOAD ..\obj\usbd_req.o
LOAD ..\obj\usb_dcd_int.o
LOAD ..\obj\usbd_cdc_core.o
LOAD ..\obj\stm32f4xx_spi.o
LOAD ..\obj\stm32f4xx_i2c.o
LOAD ..\obj\stm32f4xx_rng.o
LOAD ..\obj\stm32f4xx_exti.o
LOAD ..\obj\misc.o
LOAD ..\obj\usb_dcd.o
LOAD ..\obj\stm32f4xx_rtc.o
LOAD ..\obj\usbd_ioreq.o
LOAD ..\obj\stm32f4xx_cryp_tdes.o
LOAD ..\obj\stm32f4xx_tim.o
LOAD ..\obj\stm32f4xx_dbgmcu.o
START GROUP
LOAD c:/program files (x86)/gnu tools arm embedded/4.8 2014q2/bin/../lib/gcc/arm-none-eabi/4.8.4/armv7e-m\libgcc.a
LOAD c:/program files (x86)/gnu tools arm embedded/4.8 2014q2/bin/../lib/gcc/arm-none-eabi/4.8.4/../../../../arm-none-eabi/lib/armv7e-m\libg.a
LOAD c:/program files (x86)/gnu tools arm embedded/4.8 2014q2/bin/../lib/gcc/arm-none-eabi/4.8.4/../../../../arm-none-eabi/lib/armv7e-m\libc.a
END GROUP
OUTPUT(FC004.elf elf32-littlearm)

.debug_info     0x00000000     0xfc52
 .debug_info    0x00000000     0x2490 ..\obj\usb_core.o
 .debug_info    0x00002490      0x23b ..\obj\usbd_usr.o
 .debug_info    0x000026cb       0xed ..\obj\startup_stm32f4xx.o
 .debug_info    0x000027b8      0xfef ..\obj\usbd_core.o
 .debug_info    0x000037a7      0x74e ..\obj\main.o
 .debug_info    0x00003ef5      0xe11 ..\obj\stm32f4xx_rcc.o
 .debug_info    0x00004d06      0x35d ..\obj\usbd_desc.o
 .debug_info    0x00005063      0xd0e ..\obj\tm_stm32f4_usb_vcp.o
 .debug_info    0x00005d71      0x605 ..\obj\stm32f4xx_gpio.o
 .debug_info    0x00006376      0x30c ..\obj\usbd_cdc_vcp.o
 .debug_info    0x00006682      0x5bc ..\obj\system_stm32f4xx.o
 .debug_info    0x00006c3e     0x1060 ..\obj\usb_bsp.o
 .debug_info    0x00007c9e     0x1003 ..\obj\usbd_req.o
 .debug_info    0x00008ca1     0x1e52 ..\obj\usb_dcd_int.o
 .debug_info    0x0000aaf3      0xf59 ..\obj\usbd_cdc_core.o
 .debug_info    0x0000ba4c      0x338 ..\obj\stm32f4xx_exti.o
 .debug_info    0x0000bd84      0x53d ..\obj\misc.o
 .debug_info    0x0000c2c1     0x104c ..\obj\usb_dcd.o
 .debug_info    0x0000d30d      0xce4 ..\obj\usbd_ioreq.o
 .debug_info    0x0000dff1     0x1c61 ..\obj\stm32f4xx_tim.o

.debug_abbrev   0x00000000     0x2366
 .debug_abbrev  0x00000000      0x2e7 ..\obj\usb_core.o
 .debug_abbrev  0x000002e7      0x10d ..\obj\usbd_usr.o
 .debug_abbrev  0x000003f4       0xb0 ..\obj\startup_stm32f4xx.o
 .debug_abbrev  0x000004a4      0x275 ..\obj\usbd_core.o
 .debug_abbrev  0x00000719      0x18c ..\obj\main.o
 .debug_abbrev  0x000008a5      0x1ba ..\obj\stm32f4xx_rcc.o
 .debug_abbrev  0x00000a5f      0x101 ..\obj\usbd_desc.o
 .debug_abbrev  0x00000b60      0x205 ..\obj\tm_stm32f4_usb_vcp.o
 .debug_abbrev  0x00000d65      0x1a3 ..\obj\stm32f4xx_gpio.o
 .debug_abbrev  0x00000f08      0x179 ..\obj\usbd_cdc_vcp.o
 .debug_abbrev  0x00001081      0x136 ..\obj\system_stm32f4xx.o
 .debug_abbrev  0x000011b7      0x202 ..\obj\usb_bsp.o
 .debug_abbrev  0x000013b9      0x2a4 ..\obj\usbd_req.o
 .debug_abbrev  0x0000165d      0x26a ..\obj\usb_dcd_int.o
 .debug_abbrev  0x000018c7      0x226 ..\obj\usbd_cdc_core.o
 .debug_abbrev  0x00001aed      0x1a5 ..\obj\stm32f4xx_exti.o
 .debug_abbrev  0x00001c92      0x145 ..\obj\misc.o
 .debug_abbrev  0x00001dd7      0x259 ..\obj\usb_dcd.o
 .debug_abbrev  0x00002030      0x1af ..\obj\usbd_ioreq.o
 .debug_abbrev  0x000021df      0x187 ..\obj\stm32f4xx_tim.o

.debug_aranges  0x00000000      0xc08
 .debug_aranges
                0x00000000      0x138 ..\obj\usb_core.o
 .debug_aranges
                0x00000138       0x58 ..\obj\usbd_usr.o
 .debug_aranges
                0x00000190       0x28 ..\obj\startup_stm32f4xx.o
 .debug_aranges
                0x000001b8       0x88 ..\obj\usbd_core.o
 .debug_aranges
                0x00000240       0x40 ..\obj\main.o
 .debug_aranges
                0x00000280      0x1b8 ..\obj\stm32f4xx_rcc.o
 .debug_aranges
                0x00000438       0x50 ..\obj\usbd_desc.o
 .debug_aranges
                0x00000488       0x50 ..\obj\tm_stm32f4_usb_vcp.o
 .debug_aranges
                0x000004d8       0x88 ..\obj\stm32f4xx_gpio.o
 .debug_aranges
                0x00000560       0x40 ..\obj\usbd_cdc_vcp.o
 .debug_aranges
                0x000005a0       0x30 ..\obj\system_stm32f4xx.o
 .debug_aranges
                0x000005d0       0x58 ..\obj\usb_bsp.o
 .debug_aranges
                0x00000628       0x88 ..\obj\usbd_req.o
 .debug_aranges
                0x000006b0       0x90 ..\obj\usb_dcd_int.o
 .debug_aranges
                0x00000740       0x68 ..\obj\usbd_cdc_core.o
 .debug_aranges
                0x000007a8       0x58 ..\obj\stm32f4xx_exti.o
 .debug_aranges
                0x00000800       0x40 ..\obj\misc.o
 .debug_aranges
                0x00000840       0x80 ..\obj\usb_dcd.o
 .debug_aranges
                0x000008c0       0x50 ..\obj\usbd_ioreq.o
 .debug_aranges
                0x00000910      0x2f8 ..\obj\stm32f4xx_tim.o

.debug_ranges   0x00000000      0xac8
 .debug_ranges  0x00000000      0x128 ..\obj\usb_core.o
 .debug_ranges  0x00000128       0x48 ..\obj\usbd_usr.o
 .debug_ranges  0x00000170       0x18 ..\obj\startup_stm32f4xx.o
 .debug_ranges  0x00000188       0x78 ..\obj\usbd_core.o
 .debug_ranges  0x00000200       0x30 ..\obj\main.o
 .debug_ranges  0x00000230      0x1a8 ..\obj\stm32f4xx_rcc.o
 .debug_ranges  0x000003d8       0x40 ..\obj\usbd_desc.o
 .debug_ranges  0x00000418       0x40 ..\obj\tm_stm32f4_usb_vcp.o
 .debug_ranges  0x00000458       0x78 ..\obj\stm32f4xx_gpio.o
 .debug_ranges  0x000004d0       0x30 ..\obj\usbd_cdc_vcp.o
 .debug_ranges  0x00000500       0x20 ..\obj\system_stm32f4xx.o
 .debug_ranges  0x00000520       0x48 ..\obj\usb_bsp.o
 .debug_ranges  0x00000568       0x78 ..\obj\usbd_req.o
 .debug_ranges  0x000005e0       0x80 ..\obj\usb_dcd_int.o
 .debug_ranges  0x00000660       0x58 ..\obj\usbd_cdc_core.o
 .debug_ranges  0x000006b8       0x48 ..\obj\stm32f4xx_exti.o
 .debug_ranges  0x00000700       0x30 ..\obj\misc.o
 .debug_ranges  0x00000730       0x70 ..\obj\usb_dcd.o
 .debug_ranges  0x000007a0       0x40 ..\obj\usbd_ioreq.o
 .debug_ranges  0x000007e0      0x2e8 ..\obj\stm32f4xx_tim.o

.debug_line     0x00000000     0x506c
 .debug_line    0x00000000      0x731 ..\obj\usb_core.o
 .debug_line    0x00000731      0x2b9 ..\obj\usbd_usr.o
 .debug_line    0x000009ea       0xdf ..\obj\startup_stm32f4xx.o
 .debug_line    0x00000ac9      0x386 ..\obj\usbd_core.o
 .debug_line    0x00000e4f      0x3fe ..\obj\main.o
 .debug_line    0x0000124d      0x748 ..\obj\stm32f4xx_rcc.o
 .debug_line    0x00001995      0x264 ..\obj\usbd_desc.o
 .debug_line    0x00001bf9      0x343 ..\obj\tm_stm32f4_usb_vcp.o
 .debug_line    0x00001f3c      0x44c ..\obj\stm32f4xx_gpio.o
 .debug_line    0x00002388      0x28b ..\obj\usbd_cdc_vcp.o
 .debug_line    0x00002613      0x288 ..\obj\system_stm32f4xx.o
 .debug_line    0x0000289b      0x3b2 ..\obj\usb_bsp.o
 .debug_line    0x00002c4d      0x443 ..\obj\usbd_req.o
 .debug_line    0x00003090      0x45b ..\obj\usb_dcd_int.o
 .debug_line    0x000034eb      0x30c ..\obj\usbd_cdc_core.o
 .debug_line    0x000037f7      0x3a3 ..\obj\stm32f4xx_exti.o
 .debug_line    0x00003b9a      0x34c ..\obj\misc.o
 .debug_line    0x00003ee6      0x398 ..\obj\usb_dcd.o
 .debug_line    0x0000427e      0x282 ..\obj\usbd_ioreq.o
 .debug_line    0x00004500      0xb6c ..\obj\stm32f4xx_tim.o

.debug_str      0x00000000     0x496e
 .debug_str     0x00000000     0x137e ..\obj\usb_core.o
                               0x16bc (size before relaxing)
 .debug_str     0x0000137e      0x211 ..\obj\usbd_usr.o
                                0x3d7 (size before relaxing)
 .debug_str     0x0000158f       0xee ..\obj\startup_stm32f4xx.o
                                0x185 (size before relaxing)
 .debug_str     0x0000167d      0x1ce ..\obj\usbd_core.o
                                0xbd4 (size before relaxing)
 .debug_str     0x0000184b      0x4c6 ..\obj\main.o
                                0x704 (size before relaxing)
 .debug_str     0x00001d11      0x7e4 ..\obj\stm32f4xx_rcc.o
                                0x9db (size before relaxing)
 .debug_str     0x000024f5      0x183 ..\obj\usbd_desc.o
                                0x3a9 (size before relaxing)
 .debug_str     0x00002678      0x178 ..\obj\tm_stm32f4_usb_vcp.o
                                0xb93 (size before relaxing)
 .debug_str     0x000027f0      0x1d1 ..\obj\stm32f4xx_gpio.o
                                0x4de (size before relaxing)
 .debug_str     0x000029c1      0x14d ..\obj\usbd_cdc_vcp.o
                                0x2d4 (size before relaxing)
 .debug_str     0x00002b0e      0x15d ..\obj\system_stm32f4xx.o
                                0x402 (size before relaxing)
 .debug_str     0x00002c6b      0x712 ..\obj\usb_bsp.o
                               0x11bc (size before relaxing)
 .debug_str     0x0000337d      0x18b ..\obj\usbd_req.o
                                0xb79 (size before relaxing)
 .debug_str     0x00003508      0x2f2 ..\obj\usb_dcd_int.o
                               0x1368 (size before relaxing)
 .debug_str     0x000037fa      0x1cc ..\obj\usbd_cdc_core.o
                                0xb88 (size before relaxing)
 .debug_str     0x000039c6      0x20b ..\obj\stm32f4xx_exti.o
                                0x38a (size before relaxing)
 .debug_str     0x00003bd1      0x19f ..\obj\misc.o
                                0x40c (size before relaxing)
 .debug_str     0x00003d70      0x131 ..\obj\usb_dcd.o
                                0xb84 (size before relaxing)
 .debug_str     0x00003ea1       0xeb ..\obj\usbd_ioreq.o
                                0xa10 (size before relaxing)
 .debug_str     0x00003f8c      0x9e2 ..\obj\stm32f4xx_tim.o
                                0xe0e (size before relaxing)

.comment        0x00000000       0x70
 .comment       0x00000000       0x70 ..\obj\usb_core.o
                                 0x71 (size before relaxing)
 .comment       0x00000000       0x71 ..\obj\usbd_usr.o
 .comment       0x00000000       0x71 ..\obj\startup_stm32f4xx.o
 .comment       0x00000000       0x71 ..\obj\usbd_core.o
 .comment       0x00000000       0x71 ..\obj\main.o
 .comment       0x00000000       0x71 ..\obj\stm32f4xx_rcc.o
 .comment       0x00000000       0x71 ..\obj\usbd_desc.o
 .comment       0x00000000       0x71 ..\obj\tm_stm32f4_usb_vcp.o
 .comment       0x00000000       0x71 ..\obj\stm32f4xx_gpio.o
 .comment       0x00000000       0x71 ..\obj\usbd_cdc_vcp.o
 .comment       0x00000000       0x71 ..\obj\system_stm32f4xx.o
 .comment       0x00000000       0x71 ..\obj\usb_bsp.o
 .comment       0x00000000       0x71 ..\obj\usbd_req.o
 .comment       0x00000000       0x71 ..\obj\usb_dcd_int.o
 .comment       0x00000000       0x71 ..\obj\usbd_cdc_core.o
 .comment       0x00000000       0x71 ..\obj\stm32f4xx_exti.o
 .comment       0x00000000       0x71 ..\obj\misc.o
 .comment       0x00000000       0x71 ..\obj\usb_dcd.o
 .comment       0x00000000       0x71 ..\obj\usbd_ioreq.o
 .comment       0x00000000       0x71 ..\obj\stm32f4xx_tim.o

.ARM.attributes
                0x00000000       0x33
 .ARM.attributes
                0x00000000       0x33 ..\obj\usb_core.o
 .ARM.attributes
                0x00000033       0x33 ..\obj\usbd_usr.o
 .ARM.attributes
                0x00000066       0x33 ..\obj\startup_stm32f4xx.o
 .ARM.attributes
                0x00000099       0x33 ..\obj\usbd_core.o
 .ARM.attributes
                0x000000cc       0x33 ..\obj\main.o
 .ARM.attributes
                0x000000ff       0x33 ..\obj\stm32f4xx_rcc.o
 .ARM.attributes
                0x00000132       0x33 ..\obj\usbd_desc.o
 .ARM.attributes
                0x00000165       0x33 ..\obj\tm_stm32f4_usb_vcp.o
 .ARM.attributes
                0x00000198       0x33 ..\obj\stm32f4xx_gpio.o
 .ARM.attributes
                0x000001cb       0x33 ..\obj\usbd_cdc_vcp.o
 .ARM.attributes
                0x000001fe       0x33 ..\obj\system_stm32f4xx.o
 .ARM.attributes
                0x00000231       0x33 ..\obj\usb_bsp.o
 .ARM.attributes
                0x00000264       0x33 ..\obj\usbd_req.o
 .ARM.attributes
                0x00000297       0x33 ..\obj\usb_dcd_int.o
 .ARM.attributes
                0x000002ca       0x33 ..\obj\usbd_cdc_core.o
 .ARM.attributes
                0x000002fd       0x33 ..\obj\stm32f4xx_exti.o
 .ARM.attributes
                0x00000330       0x33 ..\obj\misc.o
 .ARM.attributes
                0x00000363       0x33 ..\obj\usb_dcd.o
 .ARM.attributes
                0x00000396       0x33 ..\obj\usbd_ioreq.o
 .ARM.attributes
                0x000003c9       0x33 ..\obj\stm32f4xx_tim.o

.debug_frame    0x00000000     0x2628
 .debug_frame   0x00000000      0x434 ..\obj\usb_core.o
 .debug_frame   0x00000434       0xd4 ..\obj\usbd_usr.o
 .debug_frame   0x00000508       0x48 ..\obj\startup_stm32f4xx.o
 .debug_frame   0x00000550      0x1c8 ..\obj\usbd_core.o
 .debug_frame   0x00000718       0xa4 ..\obj\main.o
 .debug_frame   0x000007bc      0x5b8 ..\obj\stm32f4xx_rcc.o
 .debug_frame   0x00000d74       0xe8 ..\obj\usbd_desc.o
 .debug_frame   0x00000e5c       0xe0 ..\obj\tm_stm32f4_usb_vcp.o
 .debug_frame   0x00000f3c      0x19c ..\obj\stm32f4xx_gpio.o
 .debug_frame   0x000010d8       0x98 ..\obj\usbd_cdc_vcp.o
 .debug_frame   0x00001170       0x64 ..\obj\system_stm32f4xx.o
 .debug_frame   0x000011d4       0xfc ..\obj\usb_bsp.o
 .debug_frame   0x000012d0      0x1c8 ..\obj\usbd_req.o
 .debug_frame   0x00001498      0x1ec ..\obj\usb_dcd_int.o
 .debug_frame   0x00001684      0x148 ..\obj\usbd_cdc_core.o
 .debug_frame   0x000017cc       0xec ..\obj\stm32f4xx_exti.o
 .debug_frame   0x000018b8       0x9c ..\obj\misc.o
 .debug_frame   0x00001954      0x1ac ..\obj\usb_dcd.o
 .debug_frame   0x00001b00       0xec ..\obj\usbd_ioreq.o
 .debug_frame   0x00001bec      0xa3c ..\obj\stm32f4xx_tim.o
